Archive member included to satisfy reference by file (symbol)

c:/mounriver/mounriver_studio/toolchain/risc-v embedded gcc/bin/../lib/gcc/riscv-none-embed/8.2.0/rv32imacxw/ilp32\libgcc.a(save-restore.o)
                              ./User/PD_Process.o (__riscv_save_8)
c:/mounriver/mounriver_studio/toolchain/risc-v embedded gcc/bin/../lib/gcc/riscv-none-embed/8.2.0/../../../../riscv-none-embed/lib/rv32imacxw/ilp32\libg_nano.a(lib_a-memcpy.o)
                              ./User/PD_Process.o (memcpy)
c:/mounriver/mounriver_studio/toolchain/risc-v embedded gcc/bin/../lib/gcc/riscv-none-embed/8.2.0/../../../../riscv-none-embed/lib/rv32imacxw/ilp32\libg_nano.a(lib_a-memset.o)
                              ./User/PD_Process.o (memset)
c:/mounriver/mounriver_studio/toolchain/risc-v embedded gcc/bin/../lib/gcc/riscv-none-embed/8.2.0/../../../../riscv-none-embed/lib/rv32imacxw/ilp32\libg_nano.a(lib_a-printf.o)
                              ./User/PD_Process.o (printf)
c:/mounriver/mounriver_studio/toolchain/risc-v embedded gcc/bin/../lib/gcc/riscv-none-embed/8.2.0/../../../../riscv-none-embed/lib/rv32imacxw/ilp32\libg_nano.a(lib_a-puts.o)
                              ./User/PD_Process.o (puts)
c:/mounriver/mounriver_studio/toolchain/risc-v embedded gcc/bin/../lib/gcc/riscv-none-embed/8.2.0/../../../../riscv-none-embed/lib/rv32imacxw/ilp32\libg_nano.a(lib_a-wbuf.o)
                              c:/mounriver/mounriver_studio/toolchain/risc-v embedded gcc/bin/../lib/gcc/riscv-none-embed/8.2.0/../../../../riscv-none-embed/lib/rv32imacxw/ilp32\libg_nano.a(lib_a-puts.o) (__swbuf_r)
c:/mounriver/mounriver_studio/toolchain/risc-v embedded gcc/bin/../lib/gcc/riscv-none-embed/8.2.0/../../../../riscv-none-embed/lib/rv32imacxw/ilp32\libg_nano.a(lib_a-wsetup.o)
                              c:/mounriver/mounriver_studio/toolchain/risc-v embedded gcc/bin/../lib/gcc/riscv-none-embed/8.2.0/../../../../riscv-none-embed/lib/rv32imacxw/ilp32\libg_nano.a(lib_a-puts.o) (__swsetup_r)
c:/mounriver/mounriver_studio/toolchain/risc-v embedded gcc/bin/../lib/gcc/riscv-none-embed/8.2.0/../../../../riscv-none-embed/lib/rv32imacxw/ilp32\libg_nano.a(lib_a-fflush.o)
                              c:/mounriver/mounriver_studio/toolchain/risc-v embedded gcc/bin/../lib/gcc/riscv-none-embed/8.2.0/../../../../riscv-none-embed/lib/rv32imacxw/ilp32\libg_nano.a(lib_a-wbuf.o) (_fflush_r)
c:/mounriver/mounriver_studio/toolchain/risc-v embedded gcc/bin/../lib/gcc/riscv-none-embed/8.2.0/../../../../riscv-none-embed/lib/rv32imacxw/ilp32\libg_nano.a(lib_a-findfp.o)
                              c:/mounriver/mounriver_studio/toolchain/risc-v embedded gcc/bin/../lib/gcc/riscv-none-embed/8.2.0/../../../../riscv-none-embed/lib/rv32imacxw/ilp32\libg_nano.a(lib_a-printf.o) (__sinit)
c:/mounriver/mounriver_studio/toolchain/risc-v embedded gcc/bin/../lib/gcc/riscv-none-embed/8.2.0/../../../../riscv-none-embed/lib/rv32imacxw/ilp32\libg_nano.a(lib_a-fwalk.o)
                              c:/mounriver/mounriver_studio/toolchain/risc-v embedded gcc/bin/../lib/gcc/riscv-none-embed/8.2.0/../../../../riscv-none-embed/lib/rv32imacxw/ilp32\libg_nano.a(lib_a-findfp.o) (_fwalk)
c:/mounriver/mounriver_studio/toolchain/risc-v embedded gcc/bin/../lib/gcc/riscv-none-embed/8.2.0/../../../../riscv-none-embed/lib/rv32imacxw/ilp32\libg_nano.a(lib_a-impure.o)
                              c:/mounriver/mounriver_studio/toolchain/risc-v embedded gcc/bin/../lib/gcc/riscv-none-embed/8.2.0/../../../../riscv-none-embed/lib/rv32imacxw/ilp32\libg_nano.a(lib_a-fflush.o) (_global_impure_ptr)
c:/mounriver/mounriver_studio/toolchain/risc-v embedded gcc/bin/../lib/gcc/riscv-none-embed/8.2.0/../../../../riscv-none-embed/lib/rv32imacxw/ilp32\libg_nano.a(lib_a-makebuf.o)
                              c:/mounriver/mounriver_studio/toolchain/risc-v embedded gcc/bin/../lib/gcc/riscv-none-embed/8.2.0/../../../../riscv-none-embed/lib/rv32imacxw/ilp32\libg_nano.a(lib_a-wsetup.o) (__smakebuf_r)
c:/mounriver/mounriver_studio/toolchain/risc-v embedded gcc/bin/../lib/gcc/riscv-none-embed/8.2.0/../../../../riscv-none-embed/lib/rv32imacxw/ilp32\libg_nano.a(lib_a-nano-freer.o)
                              c:/mounriver/mounriver_studio/toolchain/risc-v embedded gcc/bin/../lib/gcc/riscv-none-embed/8.2.0/../../../../riscv-none-embed/lib/rv32imacxw/ilp32\libg_nano.a(lib_a-wsetup.o) (_free_r)
c:/mounriver/mounriver_studio/toolchain/risc-v embedded gcc/bin/../lib/gcc/riscv-none-embed/8.2.0/../../../../riscv-none-embed/lib/rv32imacxw/ilp32\libg_nano.a(lib_a-nano-mallocr.o)
                              c:/mounriver/mounriver_studio/toolchain/risc-v embedded gcc/bin/../lib/gcc/riscv-none-embed/8.2.0/../../../../riscv-none-embed/lib/rv32imacxw/ilp32\libg_nano.a(lib_a-findfp.o) (_malloc_r)
c:/mounriver/mounriver_studio/toolchain/risc-v embedded gcc/bin/../lib/gcc/riscv-none-embed/8.2.0/../../../../riscv-none-embed/lib/rv32imacxw/ilp32\libg_nano.a(lib_a-nano-vfprintf.o)
[...]
Memory Configuration

Name             Origin             Length             Attributes
FLASH            0x0000000000000000 0x000000000000f800 xr
RAM              0x0000000020000000 0x0000000000005000 xrw
*default*        0x0000000000000000 0xffffffffffffffff

Linker script and memory map

LOAD ./User/Device_GPIO_I2C.o
LOAD ./User/PD_Process.o
LOAD ./User/ch32x035_it.o
LOAD ./User/main.o
LOAD ./User/my_I2C_Device.o
LOAD ./User/my_PD_Device.o
LOAD ./User/my_SPI_Slave.o
LOAD ./User/system_ch32x035.o
LOAD ./Startup/startup_ch32x035.o
LOAD ./Peripheral/src/ch32x035_adc.o
LOAD ./Peripheral/src/ch32x035_awu.o
LOAD ./Peripheral/src/ch32x035_dbgmcu.o
LOAD ./Peripheral/src/ch32x035_dma.o
LOAD ./Peripheral/src/ch32x035_exti.o
LOAD ./Peripheral/src/ch32x035_flash.o
LOAD ./Peripheral/src/ch32x035_gpio.o
LOAD ./Peripheral/src/ch32x035_i2c.o
LOAD ./Peripheral/src/ch32x035_iwdg.o
LOAD ./Peripheral/src/ch32x035_misc.o
LOAD ./Peripheral/src/ch32x035_opa.o
LOAD ./Peripheral/src/ch32x035_pwr.o
LOAD ./Peripheral/src/ch32x035_rcc.o
LOAD ./Peripheral/src/ch32x035_spi.o
LOAD ./Peripheral/src/ch32x035_tim.o
LOAD ./Peripheral/src/ch32x035_usart.o
LOAD ./Peripheral/src/ch32x035_wwdg.o
LOAD ./Debug/debug.o
LOAD ./Core/core_riscv.o
LOAD c:/mounriver/mounriver_studio/toolchain/risc-v embedded gcc/bin/../lib/gcc/riscv-none-embed/8.2.0/rv32imacxw/ilp32\libgcc.a
LOAD c:/mounriver/mounriver_studio/toolchain/risc-v embedded gcc/bin/../lib/gcc/riscv-none-embed/8.2.0/../../../../riscv-none-embed/lib/rv32imacxw/ilp32\libg_nano.a
LOAD c:/mounriver/mounriver_studio/toolchain/risc-v embedded gcc/bin/../lib/gcc/riscv-none-embed/8.2.0/../../../../riscv-none-embed/lib/rv32imacxw/ilp32\libc_nano.a
LOAD c:/mounriver/mounriver_studio/toolchain/risc-v embedded gcc/bin/../lib/gcc/riscv-none-embed/8.2.0/rv32imacxw/ilp32\libgcc.a
START GROUP
LOAD c:/mounriver/mounriver_studio/toolchain/risc-v embedded gcc/bin/../lib/gcc/riscv-none-embed/8.2.0/rv32imacxw/ilp32\libgcc.a
LOAD c:/mounriver/mounriver_studio/toolchain/risc-v embedded gcc/bin/../lib/gcc/riscv-none-embed/8.2.0/../../../../riscv-none-embed/lib/rv32imacxw/ilp32\libc_nano.a
LOAD c:/mounriver/mounriver_studio/toolchain/risc-v embedded gcc/bin/../lib/gcc/riscv-none-embed/8.2.0/../../../../riscv-none-embed/lib/rv32imacxw/ilp32\libnosys.a
END GROUP
START GROUP
LOAD c:/mounriver/mounriver_studio/toolchain/risc-v embedded gcc/bin/../lib/gcc/riscv-none-embed/8.2.0/rv32imacxw/ilp32\libgcc.a
LOAD c:/mounriver/mounriver_studio/toolchain/risc-v embedded gcc/bin/../lib/gcc/riscv-none-embed/8.2.0/../../../../riscv-none-embed/lib/rv32imacxw/ilp32\libc_nano.a
LOAD c:/mounriver/mounriver_studio/toolchain/risc-v embedded gcc/bin/../lib/gcc/riscv-none-embed/8.2.0/../../../../riscv-none-embed/lib/rv32imacxw/ilp32\libnosys.a
END GROUP
                0x0000000000000800                __stack_size = 0x800
                [!provide]                        PROVIDE (_stack_size = __stack_size)

.init           0x0000000000000000        0x4
                0x0000000000000000                _sinit = .
                0x0000000000000000                . = ALIGN (0x4)
 *(SORT_NONE(.init))
 .init          0x0000000000000000        0x4 ./Startup/startup_ch32x035.o
                0x0000000000000000                _start
                0x0000000000000004                . = ALIGN (0x4)
                0x0000000000000004                _einit = .

.vector         0x0000000000000004       0xfc
 *(.vector)
 .vector        0x0000000000000004       0xdc ./Startup/startup_ch32x035.o
                0x0000000000000100                . = ALIGN (0x40)
 *fill*         0x00000000000000e0       0x20 

.text           0x0000000000000100     0x42e8
                0x0000000000000100                . = ALIGN (0x4)
 *(.text)
 .text          0x0000000000000100       0x60 c:/mounriver/mounriver_studio/toolchain/risc-v embedded gcc/bin/../lib/gcc/riscv-none-embed/8.2.0/rv32imacxw/ilp32\libgcc.a(save-restore.o)
                0x0000000000000100                __riscv_save_12
                0x0000000000000108                __riscv_save_9
                0x0000000000000108                __riscv_save_11
                0x0000000000000108                __riscv_save_10
                0x0000000000000108                __riscv_save_8
                0x0000000000000116                __riscv_save_4
                0x0000000000000116                __riscv_save_6
                0x0000000000000116                __riscv_save_5
                0x0000000000000116                __riscv_save_7
                0x0000000000000130                __riscv_save_3
                0x0000000000000130                __riscv_save_2
                0x0000000000000130                __riscv_save_1
                0x0000000000000130                __riscv_save_0
                0x000000000000013c                __riscv_restore_12
                0x0000000000000140                __riscv_restore_11
                0x0000000000000140                __riscv_restore_9
                0x0000000000000140                __riscv_restore_10
                0x0000000000000140                __riscv_restore_8
                0x000000000000014a                __riscv_restore_5
                0x000000000000014a                __riscv_restore_7
                0x000000000000014a                __riscv_restore_6
                0x000000000000014a                __riscv_restore_4
                0x0000000000000154                __riscv_restore_3
                0x0000000000000154                __riscv_restore_0
                0x0000000000000154                __riscv_restore_2
                0x0000000000000154                __riscv_restore_1
 .text          0x0000000000000160       0xa8 c:/mounriver/mounriver_studio/toolchain/risc-v embedded gcc/bin/../lib/gcc/riscv-none-embed/8.2.0/../../../../riscv-none-embed/lib/rv32imacxw/ilp32\libg_nano.a(lib_a-memset.o)
                0x0000000000000160                memset
 *(.text.*)
 .text.Device_GPIO_I2C_Init
                0x0000000000000208       0x58 ./User/Device_GPIO_I2C.o
                0x0000000000000208                Device_GPIO_I2C_Init
 .text.Device_GPIO_I2C_SDA_INPUT
                0x0000000000000260       0x22 ./User/Device_GPIO_I2C.o
                0x0000000000000260                Device_GPIO_I2C_SDA_INPUT
 .text.Device_GPIO_I2C_SDA_OUTPUT
                0x0000000000000282       0x22 ./User/Device_GPIO_I2C.o
                0x0000000000000282                Device_GPIO_I2C_SDA_OUTPUT
 .text.Device_I2C_W_SCL
                0x00000000000002a4       0x1a ./User/Device_GPIO_I2C.o
                0x00000000000002a4                Device_I2C_W_SCL
 .text.Device_I2C_W_SDA
                0x00000000000002be       0x1a ./User/Device_GPIO_I2C.o
                0x00000000000002be                Device_I2C_W_SDA
 .text.Device_I2C_Start
                0x00000000000002d8       0x16 ./User/Device_GPIO_I2C.o
                0x00000000000002d8                Device_I2C_Start
 .text.Device_I2C_Stop
                0x00000000000002ee       0x16 ./User/Device_GPIO_I2C.o
                0x00000000000002ee                Device_I2C_Stop
 .text.Device_I2C_SendByte
                0x0000000000000304       0x28 ./User/Device_GPIO_I2C.o
                0x0000000000000304                Device_I2C_SendByte
 .text.Device_I2C_R_SDA
                0x000000000000032c       0x1c ./User/Device_GPIO_I2C.o
                0x000000000000032c                Device_I2C_R_SDA
 .text.Device_I2C_ReceiveByte
                0x0000000000000348       0x3a ./User/Device_GPIO_I2C.o
                0x0000000000000348                Device_I2C_ReceiveByte
 .text.Device_I2C_ReceiveACK
                0x0000000000000382       0x18 ./User/Device_GPIO_I2C.o
                0x0000000000000382                Device_I2C_ReceiveACK
 .text.Device_I2C_SendACK
                0x000000000000039a       0x10 ./User/Device_GPIO_I2C.o
                0x000000000000039a                Device_I2C_SendACK
 .text.Device_I2C_ReadReg
                0x00000000000003aa       0x2e ./User/Device_GPIO_I2C.o
                0x00000000000003aa                Device_I2C_ReadReg
 .text.Device_I2C_WriteReg
                0x00000000000003d8       0x28 ./User/Device_GPIO_I2C.o
                0x00000000000003d8                Device_I2C_WriteReg
 .text.my_PD_Valve_Receive
                0x0000000000000400       0xa4 ./User/PD_Process.o
                0x0000000000000400                my_PD_Valve_Receive
 .text.my_set_Vbus_Current
                0x00000000000004a4       0x34 ./User/PD_Process.o
                0x00000000000004a4                my_set_Vbus_Current
 .text.get_PD_Vbus_Current
                0x00000000000004d8       0x26 ./User/PD_Process.o
                0x00000000000004d8                get_PD_Vbus_Current
 .text.PD_Rx_Mode
                0x00000000000004fe       0x52 ./User/PD_Process.o
                0x00000000000004fe                PD_Rx_Mode
 .text.PD_SRC_Init
                0x0000000000000550       0x1e ./User/PD_Process.o
                0x0000000000000550                PD_SRC_Init
 .text.PD_SINK_Init
                0x000000000000056e       0x1a ./User/PD_Process.o
                0x000000000000056e                PD_SINK_Init
 .text.PD_PHY_Reset
                0x0000000000000588       0x50 ./User/PD_Process.o
                0x0000000000000588                PD_PHY_Reset
 .text.PD_Init  0x00000000000005d8       0x58 ./User/PD_Process.o
                0x00000000000005d8                PD_Init
 .text.PD_Detect
                0x0000000000000630      0x286 ./User/PD_Process.o
                0x0000000000000630                PD_Detect
 .text.PD_Det_Proc
                0x00000000000008b6      0x172 ./User/PD_Process.o
                0x00000000000008b6                PD_Det_Proc
 .text.PD_Phy_SendPack
                0x0000000000000a28       0xbe ./User/PD_Process.o
                0x0000000000000a28                PD_Phy_SendPack
 .text.USBPD_IRQHandler
                0x0000000000000ae6       0xf6 ./User/PD_Process.o
                0x0000000000000ae6                USBPD_IRQHandler
 .text.PD_Send_Handle.part.4
                0x0000000000000bdc       0xb0 ./User/PD_Process.o
 .text.PD_Load_Header
                0x0000000000000c8c       0x4e ./User/PD_Process.o
                0x0000000000000c8c                PD_Load_Header
 .text.PD_Send_Handle
                0x0000000000000cda       0x1e ./User/PD_Process.o
                0x0000000000000cda                PD_Send_Handle
 .text.PD_Save_Adapter_SrcCap
                0x0000000000000cf8       0x66 ./User/PD_Process.o
                0x0000000000000cf8                PD_Save_Adapter_SrcCap
 .text.PD_PDO_Analyse
                0x0000000000000d5e       0x36 ./User/PD_Process.o
                0x0000000000000d5e                PD_PDO_Analyse
 .text.PDO_Request
                0x0000000000000d94       0xae ./User/PD_Process.o
                0x0000000000000d94                PDO_Request
 .text.PD_Main_Proc
                0x0000000000000e42      0x502 ./User/PD_Process.o
                0x0000000000000e42                PD_Main_Proc
 .text.my_PD_AIO_ID_Out
                0x0000000000001344       0x1c ./User/PD_Process.o
                0x0000000000001344                my_PD_AIO_ID_Out
 .text.my_pd_close_valve
                0x0000000000001360       0x20 ./User/PD_Process.o
                0x0000000000001360                my_pd_close_valve
 .text.my_pd_open_valve
                0x0000000000001380       0x20 ./User/PD_Process.o
                0x0000000000001380                my_pd_open_valve
 .text.my_pd_check_valve
                0x00000000000013a0       0x20 ./User/PD_Process.o
                0x00000000000013a0                my_pd_check_valve
 .text.my_pd_Test_Send_ID
                0x00000000000013c0       0x50 ./User/PD_Process.o
                0x00000000000013c0                my_pd_Test_Send_ID
 .text.my_pd_connect_valve
                0x0000000000001410       0x88 ./User/PD_Process.o
                0x0000000000001410                my_pd_connect_valve
 .text.my_pd_Test_Send
                0x0000000000001498       0x44 ./User/PD_Process.o
                0x0000000000001498                my_pd_Test_Send
 .text.NMI_Handler
                0x00000000000014dc        0x2 ./User/ch32x035_it.o
                0x00000000000014dc                NMI_Handler
 .text.HardFault_Handler
                0x00000000000014de        0x2 ./User/ch32x035_it.o
                0x00000000000014de                HardFault_Handler
 .text.my_rcc   0x00000000000014e0       0x16 ./User/main.o
                0x00000000000014e0                my_rcc
 .text.IWDG_Feed_Init
                0x00000000000014f6       0x32 ./User/main.o
                0x00000000000014f6                IWDG_Feed_Init
 .text.startup.main
                0x0000000000001528       0x88 ./User/main.o
                0x0000000000001528                main
 .text.IIC_Init
                0x00000000000015b0        0x2 ./User/my_I2C_Device.o
                0x00000000000015b0                IIC_Init
 .text.my_SC8726_Init
                0x00000000000015b2       0x16 ./User/my_I2C_Device.o
                0x00000000000015b2                my_SC8726_Init
 .text.my_SC8726_Set_Out_Vbus
                0x00000000000015c8       0x74 ./User/my_I2C_Device.o
                0x00000000000015c8                my_SC8726_Set_Out_Vbus
 .text.my_SC8726_Close_Vbus
                0x000000000000163c       0x16 ./User/my_I2C_Device.o
                0x000000000000163c                my_SC8726_Close_Vbus
 .text.get_SC8726_Vbus_Out_Status
                0x0000000000001652        0x6 ./User/my_I2C_Device.o
                0x0000000000001652                get_SC8726_Vbus_Out_Status
 .text.my_SC8726_Init_Handle
                0x0000000000001658       0xd0 ./User/my_I2C_Device.o
                0x0000000000001658                my_SC8726_Init_Handle
 .text.my_SC8726_Control_Handle
                0x0000000000001728      0x14e ./User/my_I2C_Device.o
                0x0000000000001728                my_SC8726_Control_Handle
 .text.my_SC8726_Handle
                0x0000000000001876       0x28 ./User/my_I2C_Device.o
                0x0000000000001876                my_SC8726_Handle
 .text.set_sc8726_select
                0x000000000000189e       0x1e ./User/my_I2C_Device.o
                0x000000000000189e                set_sc8726_select
 .text.TIM1_Init
                0x00000000000018bc       0x62 ./User/my_PD_Device.o
                0x00000000000018bc                TIM1_Init
 .text.get_PD_Status
                0x000000000000191e        0x6 ./User/my_PD_Device.o
                0x000000000000191e                get_PD_Status
 .text.my_PD_Status_init
                0x0000000000001924       0x3e ./User/my_PD_Device.o
                0x0000000000001924                my_PD_Status_init
 .text.set_PD_STATUS_SRC
                0x0000000000001962       0x14 ./User/my_PD_Device.o
                0x0000000000001962                set_PD_STATUS_SRC
 .text.set_PD_STATUS_SNK
                0x0000000000001976       0x12 ./User/my_PD_Device.o
                0x0000000000001976                set_PD_STATUS_SNK
 .text.GPIO_Toggle_INIT
                0x0000000000001988       0x94 ./User/my_PD_Device.o
                0x0000000000001988                GPIO_Toggle_INIT
 .text.my_VBus_Countrol
                0x0000000000001a1c       0x8c ./User/my_PD_Device.o
                0x0000000000001a1c                my_VBus_Countrol
 .text.my_TIM_Handle
                0x0000000000001aa8       0x38 ./User/my_PD_Device.o
                0x0000000000001aa8                my_TIM_Handle
 .text.my_PD_Handle
                0x0000000000001ae0       0x32 ./User/my_PD_Device.o
                0x0000000000001ae0                my_PD_Handle
 .text.TIM1_UP_IRQHandler
                0x0000000000001b12       0x30 ./User/my_PD_Device.o
                0x0000000000001b12                TIM1_UP_IRQHandler
 .text.my_SPI_Data_Init
                0x0000000000001b42       0x70 ./User/my_SPI_Slave.o
                0x0000000000001b42                my_SPI_Data_Init
 .text.my_SPI_Device_Init
                0x0000000000001bb2      0x106 ./User/my_SPI_Slave.o
                0x0000000000001bb2                my_SPI_Device_Init
 .text.my_SPI_Selve_Init
                0x0000000000001cb8       0x22 ./User/my_SPI_Slave.o
                0x0000000000001cb8                my_SPI_Selve_Init
 .text.my_SPI_ControlData_on
                0x0000000000001cda       0x2e ./User/my_SPI_Slave.o
                0x0000000000001cda                my_SPI_ControlData_on
 .text.my_SPI_ControlData_off
                0x0000000000001d08       0x18 ./User/my_SPI_Slave.o
                0x0000000000001d08                my_SPI_ControlData_off
 .text.SPI1_IRQHandler
                0x0000000000001d20      0x10e ./User/my_SPI_Slave.o
                0x0000000000001d20                SPI1_IRQHandler
 .text.EXTI7_0_IRQHandler
                0x0000000000001e2e      0x14c ./User/my_SPI_Slave.o
                0x0000000000001e2e                EXTI7_0_IRQHandler
 .text.my_spi_SNK
                0x0000000000001f7a       0x56 ./User/my_SPI_Slave.o
                0x0000000000001f7a                my_spi_SNK
 .text.my_spi_SRC
                0x0000000000001fd0       0x6e ./User/my_SPI_Slave.o
                0x0000000000001fd0                my_spi_SRC
 .text.my_spi_set_hall
                0x000000000000203e        0xc ./User/my_SPI_Slave.o
                0x000000000000203e                my_spi_set_hall
 .text.my_spi_disconnect
                0x000000000000204a       0x24 ./User/my_SPI_Slave.o
                0x000000000000204a                my_spi_disconnect
 .text.my_time_tick
                0x000000000000206e       0x1c ./User/my_SPI_Slave.o
                0x000000000000206e                my_time_tick
 .text.my_spi_handle
                0x000000000000208a      0x2ca ./User/my_SPI_Slave.o
                0x000000000000208a                my_spi_handle
 .text.SystemInit
                0x0000000000002354       0x42 ./User/system_ch32x035.o
                0x0000000000002354                SystemInit
 .text.SystemCoreClockUpdate
                0x0000000000002396       0x3a ./User/system_ch32x035.o
                0x0000000000002396                SystemCoreClockUpdate
 .text.vector_handler
                0x00000000000023d0        0x2 ./Startup/startup_ch32x035.o
                0x00000000000023d0                TIM1_CC_IRQHandler
                0x00000000000023d0                TIM2_UP_IRQHandler
                0x00000000000023d0                SysTick_Handler
                0x00000000000023d0                PVD_IRQHandler
                0x00000000000023d0                EXTI25_16_IRQHandler
                0x00000000000023d0                USBFS_IRQHandler
                0x00000000000023d0                Break_Point_Handler
                0x00000000000023d0                TIM2_TRG_COM_IRQHandler
                0x00000000000023d0                TIM2_CC_IRQHandler
                0x00000000000023d0                AWU_IRQHandler
                0x00000000000023d0                Ecall_M_Mode_Handler
                0x00000000000023d0                DMA1_Channel4_IRQHandler
                0x00000000000023d0                ADC1_IRQHandler
                0x00000000000023d0                TIM2_BRK_IRQHandler
                0x00000000000023d0                USART3_IRQHandler
                0x00000000000023d0                DMA1_Channel7_IRQHandler
                0x00000000000023d0                USBPDWakeUp_IRQHandler
                0x00000000000023d0                EXTI15_8_IRQHandler
                0x00000000000023d0                I2C1_EV_IRQHandler
                0x00000000000023d0                USART4_IRQHandler
                0x00000000000023d0                DMA1_Channel6_IRQHandler
                0x00000000000023d0                TIM3_IRQHandler
                0x00000000000023d0                TIM1_TRG_COM_IRQHandler
                0x00000000000023d0                DMA1_Channel1_IRQHandler
                0x00000000000023d0                DMA1_Channel8_IRQHandler
                0x00000000000023d0                PIOC_IRQHandler
                0x00000000000023d0                DMA1_Channel5_IRQHandler
                0x00000000000023d0                DMA1_Channel3_IRQHandler
                0x00000000000023d0                WWDG_IRQHandler
                0x00000000000023d0                Ecall_U_Mode_Handler
                0x00000000000023d0                SW_Handler
                0x00000000000023d0                TIM1_BRK_IRQHandler
                0x00000000000023d0                OPA_IRQHandler
                0x00000000000023d0                USART2_IRQHandler
                0x00000000000023d0                DMA1_Channel2_IRQHandler
                0x00000000000023d0                FLASH_IRQHandler
                0x00000000000023d0                USBFSWakeUp_IRQHandler
                0x00000000000023d0                USART1_IRQHandler
                0x00000000000023d0                I2C1_ER_IRQHandler
 .text.handle_reset
                0x00000000000023d2       0x86 ./Startup/startup_ch32x035.o
                0x00000000000023d2                handle_reset
 .text.DBGMCU_GetCHIPID
                0x0000000000002458        0xa ./Peripheral/src/ch32x035_dbgmcu.o
                0x0000000000002458                DBGMCU_GetCHIPID
 .text.EXTI_Init
                0x0000000000002462       0x6a ./Peripheral/src/ch32x035_exti.o
                0x0000000000002462                EXTI_Init
 .text.EXTI_GetITStatus
                0x00000000000024cc       0x1e ./Peripheral/src/ch32x035_exti.o
                0x00000000000024cc                EXTI_GetITStatus
 .text.EXTI_ClearITPendingBit
                0x00000000000024ea        0xa ./Peripheral/src/ch32x035_exti.o
                0x00000000000024ea                EXTI_ClearITPendingBit
 .text.GPIO_Init
                0x00000000000024f4      0x16e ./Peripheral/src/ch32x035_gpio.o
                0x00000000000024f4                GPIO_Init
 .text.GPIO_ReadInputDataBit
                0x0000000000002662        0xa ./Peripheral/src/ch32x035_gpio.o
                0x0000000000002662                GPIO_ReadInputDataBit
 .text.GPIO_WriteBit
                0x000000000000266c       0x14 ./Peripheral/src/ch32x035_gpio.o
                0x000000000000266c                GPIO_WriteBit
 .text.GPIO_PinRemapConfig
                0x0000000000002680       0xa0 ./Peripheral/src/ch32x035_gpio.o
                0x0000000000002680                GPIO_PinRemapConfig
 .text.GPIO_EXTILineConfig
                0x0000000000002720       0x2e ./Peripheral/src/ch32x035_gpio.o
                0x0000000000002720                GPIO_EXTILineConfig
 .text.IWDG_WriteAccessCmd
                0x000000000000274e        0x8 ./Peripheral/src/ch32x035_iwdg.o
                0x000000000000274e                IWDG_WriteAccessCmd
 .text.IWDG_SetPrescaler
                0x0000000000002756        0x8 ./Peripheral/src/ch32x035_iwdg.o
                0x0000000000002756                IWDG_SetPrescaler
 .text.IWDG_SetReload
                0x000000000000275e        0x8 ./Peripheral/src/ch32x035_iwdg.o
                0x000000000000275e                IWDG_SetReload
 .text.IWDG_ReloadCounter
                0x0000000000002766        0xe ./Peripheral/src/ch32x035_iwdg.o
                0x0000000000002766                IWDG_ReloadCounter
 .text.IWDG_Enable
                0x0000000000002774        0xe ./Peripheral/src/ch32x035_iwdg.o
                0x0000000000002774                IWDG_Enable
 .text.NVIC_PriorityGroupConfig
                0x0000000000002782        0x6 ./Peripheral/src/ch32x035_misc.o
                0x0000000000002782                NVIC_PriorityGroupConfig
 .text.NVIC_Init
                0x0000000000002788       0x54 ./Peripheral/src/ch32x035_misc.o
                0x0000000000002788                NVIC_Init
 .text.RCC_GetClocksFreq
                0x00000000000027dc       0x3e ./Peripheral/src/ch32x035_rcc.o
                0x00000000000027dc                RCC_GetClocksFreq
 .text.RCC_APB2PeriphClockCmd
                0x000000000000281a       0x1e ./Peripheral/src/ch32x035_rcc.o
                0x000000000000281a                RCC_APB2PeriphClockCmd
 .text.SPI_Init
                0x0000000000002838       0x32 ./Peripheral/src/ch32x035_spi.o
                0x0000000000002838                SPI_Init
 .text.SPI_Cmd  0x000000000000286a       0x1a ./Peripheral/src/ch32x035_spi.o
                0x000000000000286a                SPI_Cmd
 .text.SPI_I2S_ITConfig
                0x0000000000002884       0x1e ./Peripheral/src/ch32x035_spi.o
                0x0000000000002884                SPI_I2S_ITConfig
 .text.SPI_I2S_SendData
                0x00000000000028a2        0x4 ./Peripheral/src/ch32x035_spi.o
                0x00000000000028a2                SPI_I2S_SendData
 .text.SPI_I2S_ReceiveData
                0x00000000000028a6        0x4 ./Peripheral/src/ch32x035_spi.o
                0x00000000000028a6                SPI_I2S_ReceiveData
 .text.SPI_I2S_GetITStatus
                0x00000000000028aa       0x28 ./Peripheral/src/ch32x035_spi.o
                0x00000000000028aa                SPI_I2S_GetITStatus
 .text.SPI_I2S_ClearITPendingBit
                0x00000000000028d2       0x14 ./Peripheral/src/ch32x035_spi.o
                0x00000000000028d2                SPI_I2S_ClearITPendingBit
 .text.TIM_TimeBaseInit
                0x00000000000028e6       0x56 ./Peripheral/src/ch32x035_tim.o
                0x00000000000028e6                TIM_TimeBaseInit
 .text.TIM_Cmd  0x000000000000293c       0x18 ./Peripheral/src/ch32x035_tim.o
                0x000000000000293c                TIM_Cmd
 .text.TIM_ITConfig
                0x0000000000002954       0x12 ./Peripheral/src/ch32x035_tim.o
                0x0000000000002954                TIM_ITConfig
 .text.TIM_GetITStatus
                0x0000000000002966       0x18 ./Peripheral/src/ch32x035_tim.o
                0x0000000000002966                TIM_GetITStatus
 .text.TIM_ClearITPendingBit
                0x000000000000297e        0xc ./Peripheral/src/ch32x035_tim.o
                0x000000000000297e                TIM_ClearITPendingBit
 .text.USART_Init
                0x000000000000298a       0x90 ./Peripheral/src/ch32x035_usart.o
                0x000000000000298a                USART_Init
 .text.USART_Cmd
                0x0000000000002a1a       0x16 ./Peripheral/src/ch32x035_usart.o
                0x0000000000002a1a                USART_Cmd
 .text.USART_SendData
                0x0000000000002a30        0x8 ./Peripheral/src/ch32x035_usart.o
                0x0000000000002a30                USART_SendData
 .text.USART_GetFlagStatus
                0x0000000000002a38        0xa ./Peripheral/src/ch32x035_usart.o
                0x0000000000002a38                USART_GetFlagStatus
 .text.Delay_Init
                0x0000000000002a42       0x26 ./Debug/debug.o
                0x0000000000002a42                Delay_Init
 .text.Delay_Us
                0x0000000000002a68       0x36 ./Debug/debug.o
                0x0000000000002a68                Delay_Us
 .text.Delay_Ms
                0x0000000000002a9e       0x36 ./Debug/debug.o
                0x0000000000002a9e                Delay_Ms
 .text.USART_Printf_Init
                0x0000000000002ad4       0x5a ./Debug/debug.o
                0x0000000000002ad4                USART_Printf_Init
 .text._write   0x0000000000002b2e       0x3e ./Debug/debug.o
                0x0000000000002b2e                _write
 .text._sbrk    0x0000000000002b6c       0x26 ./Debug/debug.o
                0x0000000000002b6c                _sbrk
 .text.memcpy   0x0000000000002b92       0xb2 c:/mounriver/mounriver_studio/toolchain/risc-v embedded gcc/bin/../lib/gcc/riscv-none-embed/8.2.0/../../../../riscv-none-embed/lib/rv32imacxw/ilp32\libg_nano.a(lib_a-memcpy.o)
                0x0000000000002b92                memcpy
 .text.printf   0x0000000000002c44       0x40 c:/mounriver/mounriver_studio/toolchain/risc-v embedded gcc/bin/../lib/gcc/riscv-none-embed/8.2.0/../../../../riscv-none-embed/lib/rv32imacxw/ilp32\libg_nano.a(lib_a-printf.o)
                0x0000000000002c44                iprintf
                0x0000000000002c44                printf
 .text._puts_r  0x0000000000002c84       0xd4 c:/mounriver/mounriver_studio/toolchain/risc-v embedded gcc/bin/../lib/gcc/riscv-none-embed/8.2.0/../../../../riscv-none-embed/lib/rv32imacxw/ilp32\libg_nano.a(lib_a-puts.o)
                0x0000000000002c84                _puts_r
 .text.puts     0x0000000000002d58        0xc c:/mounriver/mounriver_studio/toolchain/risc-v embedded gcc/bin/../lib/gcc/riscv-none-embed/8.2.0/../../../../riscv-none-embed/lib/rv32imacxw/ilp32\libg_nano.a(lib_a-puts.o)
                0x0000000000002d58                puts
 .text.__swbuf_r
                0x0000000000002d64       0xbc c:/mounriver/mounriver_studio/toolchain/risc-v embedded gcc/bin/../lib/gcc/riscv-none-embed/8.2.0/../../../../riscv-none-embed/lib/rv32imacxw/ilp32\libg_nano.a(lib_a-wbuf.o)
                0x0000000000002d64                __swbuf_r
 .text.__swsetup_r
                0x0000000000002e20       0xfc c:/mounriver/mounriver_studio/toolchain/risc-v embedded gcc/bin/../lib/gcc/riscv-none-embed/8.2.0/../../../../riscv-none-embed/lib/rv32imacxw/ilp32\libg_nano.a(lib_a-wsetup.o)
                0x0000000000002e20                __swsetup_r
 .text.__sflush_r
                0x0000000000002f1c      0x130 c:/mounriver/mounriver_studio/toolchain/risc-v embedded gcc/bin/../lib/gcc/riscv-none-embed/8.2.0/../../../../riscv-none-embed/lib/rv32imacxw/ilp32\libg_nano.a(lib_a-fflush.o)
                0x0000000000002f1c                __sflush_r
 .text._fflush_r
                0x000000000000304c       0x66 c:/mounriver/mounriver_studio/toolchain/risc-v embedded gcc/bin/../lib/gcc/riscv-none-embed/8.2.0/../../../../riscv-none-embed/lib/rv32imacxw/ilp32\libg_nano.a(lib_a-fflush.o)
                0x000000000000304c                _fflush_r
 .text.std      0x00000000000030b2       0x66 c:/mounriver/mounriver_studio/toolchain/risc-v embedded gcc/bin/../lib/gcc/riscv-none-embed/8.2.0/../../../../riscv-none-embed/lib/rv32imacxw/ilp32\libg_nano.a(lib_a-findfp.o)
 .text._cleanup_r
                0x0000000000003118        0xa c:/mounriver/mounriver_studio/toolchain/risc-v embedded gcc/bin/../lib/gcc/riscv-none-embed/8.2.0/../../../../riscv-none-embed/lib/rv32imacxw/ilp32\libg_nano.a(lib_a-findfp.o)
                0x0000000000003118                _cleanup_r
 .text.__sfmoreglue
                0x0000000000003122       0x46 c:/mounriver/mounriver_studio/toolchain/risc-v embedded gcc/bin/../lib/gcc/riscv-none-embed/8.2.0/../../../../riscv-none-embed/lib/rv32imacxw/ilp32\libg_nano.a(lib_a-findfp.o)
                0x0000000000003122                __sfmoreglue
 .text.__sinit  0x0000000000003168       0x6c c:/mounriver/mounriver_studio/toolchain/risc-v embedded gcc/bin/../lib/gcc/riscv-none-embed/8.2.0/../../../../riscv-none-embed/lib/rv32imacxw/ilp32\libg_nano.a(lib_a-findfp.o)
                0x0000000000003168                __sinit
 .text.__sfp    0x00000000000031d4       0xa0 c:/mounriver/mounriver_studio/toolchain/risc-v embedded gcc/bin/../lib/gcc/riscv-none-embed/8.2.0/../../../../riscv-none-embed/lib/rv32imacxw/ilp32\libg_nano.a(lib_a-findfp.o)
                0x00000000000031d4                __sfp
 .text._fwalk_reent
                0x0000000000003274       0x6a c:/mounriver/mounriver_studio/toolchain/risc-v embedded gcc/bin/../lib/gcc/riscv-none-embed/8.2.0/../../../../riscv-none-embed/lib/rv32imacxw/ilp32\libg_nano.a(lib_a-fwalk.o)
                0x0000000000003274                _fwalk_reent
 .text.__swhatbuf_r
                0x00000000000032de       0x58 c:/mounriver/mounriver_studio/toolchain/risc-v embedded gcc/bin/../lib/gcc/riscv-none-embed/8.2.0/../../../../riscv-none-embed/lib/rv32imacxw/ilp32\libg_nano.a(lib_a-makebuf.o)
                0x00000000000032de                __swhatbuf_r
 .text.__smakebuf_r
                0x0000000000003336       0x92 c:/mounriver/mounriver_studio/toolchain/risc-v embedded gcc/bin/../lib/gcc/riscv-none-embed/8.2.0/../../../../riscv-none-embed/lib/rv32imacxw/ilp32\libg_nano.a(lib_a-makebuf.o)
                0x0000000000003336                __smakebuf_r
 .text._free_r  0x00000000000033c8       0xa8 c:/mounriver/mounriver_studio/toolchain/risc-v embedded gcc/bin/../lib/gcc/riscv-none-embed/8.2.0/../../../../riscv-none-embed/lib/rv32imacxw/ilp32\libg_nano.a(lib_a-nano-freer.o)
                0x00000000000033c8                _free_r
 .text._malloc_r
                0x0000000000003470       0xd4 c:/mounriver/mounriver_studio/toolchain/risc-v embedded gcc/bin/../lib/gcc/riscv-none-embed/8.2.0/../../../../riscv-none-embed/lib/rv32imacxw/ilp32\libg_nano.a(lib_a-nano-mallocr.o)
                0x0000000000003470                _malloc_r
 .text.__sfputc_r
                0x0000000000003544       0x28 c:/mounriver/mounriver_studio/toolchain/risc-v embedded gcc/bin/../lib/gcc/riscv-none-embed/8.2.0/../../../../riscv-none-embed/lib/rv32imacxw/ilp32\libg_nano.a(lib_a-nano-vfprintf.o)
 .text.__sfputs_r
                0x000000000000356c       0x42 c:/mounriver/mounriver_studio/toolchain/risc-v embedded gcc/bin/../lib/gcc/riscv-none-embed/8.2.0/../../../../riscv-none-embed/lib/rv32imacxw/ilp32\libg_nano.a(lib_a-nano-vfprintf.o)
                0x000000000000356c                __sfputs_r
 .text._vfprintf_r
                0x00000000000035ae      0x288 c:/mounriver/mounriver_studio/toolchain/risc-v embedded gcc/bin/../lib/gcc/riscv-none-embed/8.2.0/../../../../riscv-none-embed/lib/rv32imacxw/ilp32\libg_nano.a(lib_a-nano-vfprintf.o)
                0x00000000000035ae                _vfprintf_r
                0x00000000000035ae                _vfiprintf_r
 .text._printf_common
                0x0000000000003836      0x10c c:/mounriver/mounriver_studio/toolchain/risc-v embedded gcc/bin/../lib/gcc/riscv-none-embed/8.2.0/../../../../riscv-none-embed/lib/rv32imacxw/ilp32\libg_nano.a(lib_a-nano-vfprintf_i.o)
                0x0000000000003836                _printf_common
 .text._printf_i
                0x0000000000003942      0x2a2 c:/mounriver/mounriver_studio/toolchain/risc-v embedded gcc/bin/../lib/gcc/riscv-none-embed/8.2.0/../../../../riscv-none-embed/lib/rv32imacxw/ilp32\libg_nano.a(lib_a-nano-vfprintf_i.o)
                0x0000000000003942                _printf_i
 .text._sbrk_r  0x0000000000003be4       0x2a c:/mounriver/mounriver_studio/toolchain/risc-v embedded gcc/bin/../lib/gcc/riscv-none-embed/8.2.0/../../../../riscv-none-embed/lib/rv32imacxw/ilp32\libg_nano.a(lib_a-sbrkr.o)
                0x0000000000003be4                _sbrk_r
 .text.__sread  0x0000000000003c0e       0x2c c:/mounriver/mounriver_studio/toolchain/risc-v embedded gcc/bin/../lib/gcc/riscv-none-embed/8.2.0/../../../../riscv-none-embed/lib/rv32imacxw/ilp32\libg_nano.a(lib_a-stdio.o)
                0x0000000000003c0e                __sread
 .text.__swrite
                0x0000000000003c3a       0x48 c:/mounriver/mounriver_studio/toolchain/risc-v embedded gcc/bin/../lib/gcc/riscv-none-embed/8.2.0/../../../../riscv-none-embed/lib/rv32imacxw/ilp32\libg_nano.a(lib_a-stdio.o)
                0x0000000000003c3a                __swrite
 .text.__sseek  0x0000000000003c82       0x30 c:/mounriver/mounriver_studio/toolchain/risc-v embedded gcc/bin/../lib/gcc/riscv-none-embed/8.2.0/../../../../riscv-none-embed/lib/rv32imacxw/ilp32\libg_nano.a(lib_a-stdio.o)
                0x0000000000003c82                __sseek
 .text.__sclose
                0x0000000000003cb2        0x6 c:/mounriver/mounriver_studio/toolchain/risc-v embedded gcc/bin/../lib/gcc/riscv-none-embed/8.2.0/../../../../riscv-none-embed/lib/rv32imacxw/ilp32\libg_nano.a(lib_a-stdio.o)
                0x0000000000003cb2                __sclose
 .text._write_r
                0x0000000000003cb8       0x2e c:/mounriver/mounriver_studio/toolchain/risc-v embedded gcc/bin/../lib/gcc/riscv-none-embed/8.2.0/../../../../riscv-none-embed/lib/rv32imacxw/ilp32\libg_nano.a(lib_a-writer.o)
                0x0000000000003cb8                _write_r
 .text._close_r
                0x0000000000003ce6       0x28 c:/mounriver/mounriver_studio/toolchain/risc-v embedded gcc/bin/../lib/gcc/riscv-none-embed/8.2.0/../../../../riscv-none-embed/lib/rv32imacxw/ilp32\libg_nano.a(lib_a-closer.o)
                0x0000000000003ce6                _close_r
 .text._fstat_r
                0x0000000000003d0e       0x2a c:/mounriver/mounriver_studio/toolchain/risc-v embedded gcc/bin/../lib/gcc/riscv-none-embed/8.2.0/../../../../riscv-none-embed/lib/rv32imacxw/ilp32\libg_nano.a(lib_a-fstatr.o)
                0x0000000000003d0e                _fstat_r
 .text._isatty_r
                0x0000000000003d38       0x28 c:/mounriver/mounriver_studio/toolchain/risc-v embedded gcc/bin/../lib/gcc/riscv-none-embed/8.2.0/../../../../riscv-none-embed/lib/rv32imacxw/ilp32\libg_nano.a(lib_a-isattyr.o)
                0x0000000000003d38                _isatty_r
 .text._lseek_r
                0x0000000000003d60       0x2c c:/mounriver/mounriver_studio/toolchain/risc-v embedded gcc/bin/../lib/gcc/riscv-none-embed/8.2.0/../../../../riscv-none-embed/lib/rv32imacxw/ilp32\libg_nano.a(lib_a-lseekr.o)
                0x0000000000003d60                _lseek_r
 .text.memchr   0x0000000000003d8c       0x18 c:/mounriver/mounriver_studio/toolchain/risc-v embedded gcc/bin/../lib/gcc/riscv-none-embed/8.2.0/../../../../riscv-none-embed/lib/rv32imacxw/ilp32\libg_nano.a(lib_a-memchr.o)
                0x0000000000003d8c                memchr
 .text.__malloc_lock
                0x0000000000003da4        0x2 c:/mounriver/mounriver_studio/toolchain/risc-v embedded gcc/bin/../lib/gcc/riscv-none-embed/8.2.0/../../../../riscv-none-embed/lib/rv32imacxw/ilp32\libg_nano.a(lib_a-mlock.o)
                0x0000000000003da4                __malloc_lock
 .text.__malloc_unlock
                0x0000000000003da6        0x2 c:/mounriver/mounriver_studio/toolchain/risc-v embedded gcc/bin/../lib/gcc/riscv-none-embed/8.2.0/../../../../riscv-none-embed/lib/rv32imacxw/ilp32\libg_nano.a(lib_a-mlock.o)
                0x0000000000003da6                __malloc_unlock
 .text._read_r  0x0000000000003da8       0x2c c:/mounriver/mounriver_studio/toolchain/risc-v embedded gcc/bin/../lib/gcc/riscv-none-embed/8.2.0/../../../../riscv-none-embed/lib/rv32imacxw/ilp32\libg_nano.a(lib_a-readr.o)
                0x0000000000003da8                _read_r
 .text._close   0x0000000000003dd4        0xc c:/mounriver/mounriver_studio/toolchain/risc-v embedded gcc/bin/../lib/gcc/riscv-none-embed/8.2.0/../../../../riscv-none-embed/lib/rv32imacxw/ilp32\libnosys.a(close.o)
                0x0000000000003dd4                _close
 .text._fstat   0x0000000000003de0        0xc c:/mounriver/mounriver_studio/toolchain/risc-v embedded gcc/bin/../lib/gcc/riscv-none-embed/8.2.0/../../../../riscv-none-embed/lib/rv32imacxw/ilp32\libnosys.a(fstat.o)
                0x0000000000003de0                _fstat
 .text._isatty  0x0000000000003dec        0xc c:/mounriver/mounriver_studio/toolchain/risc-v embedded gcc/bin/../lib/gcc/riscv-none-embed/8.2.0/../../../../riscv-none-embed/lib/rv32imacxw/ilp32\libnosys.a(isatty.o)
                0x0000000000003dec                _isatty
 .text._lseek   0x0000000000003df8        0xc c:/mounriver/mounriver_studio/toolchain/risc-v embedded gcc/bin/../lib/gcc/riscv-none-embed/8.2.0/../../../../riscv-none-embed/lib/rv32imacxw/ilp32\libnosys.a(lseek.o)
                0x0000000000003df8                _lseek
 .text._read    0x0000000000003e04        0xc c:/mounriver/mounriver_studio/toolchain/risc-v embedded gcc/bin/../lib/gcc/riscv-none-embed/8.2.0/../../../../riscv-none-embed/lib/rv32imacxw/ilp32\libnosys.a(read.o)
                0x0000000000003e04                _read
 *(.rodata)
 *(.rodata*)
 *fill*         0x0000000000003e10        0x0 
 .rodata.PD_Main_Proc
                0x0000000000003e10       0xcc ./User/PD_Process.o
 .rodata.PDO_Request.str1.4
                0x0000000000003edc       0x3d ./User/PD_Process.o
 *fill*         0x0000000000003f19        0x3 
 .rodata.PD_Det_Proc.str1.4
                0x0000000000003f1c       0x40 ./User/PD_Process.o
 .rodata.PD_Main_Proc.str1.4
                0x0000000000003f5c       0xe9 ./User/PD_Process.o
                                         0xed (size before relaxing)
 *fill*         0x0000000000004045        0x3 
 .rodata.USBPD_IRQHandler.str1.4
                0x0000000000004048        0xd ./User/PD_Process.o
 *fill*         0x0000000000004055        0x3 
 .rodata.my_PD_Valve_Receive.str1.4
                0x0000000000004058       0x17 ./User/PD_Process.o
 *fill*         0x000000000000406f        0x1 
 .rodata.my_pd_Test_Send_ID.str1.4
                0x0000000000004070       0x25 ./User/PD_Process.o
 *fill*         0x0000000000004095        0x3 
 .rodata.my_pd_connect_valve.str1.4
                0x0000000000004098       0x14 ./User/PD_Process.o
 .rodata.main.str1.4
                0x00000000000040ac       0x28 ./User/main.o
 .rodata.my_SC8726_Control_Handle
                0x00000000000040d4       0x18 ./User/my_I2C_Device.o
 .rodata.my_SC8726_Control_Handle.str1.4
                0x00000000000040ec       0x39 ./User/my_I2C_Device.o
 *fill*         0x0000000000004125        0x3 
 .rodata.my_SC8726_Init_Handle.str1.4
                0x0000000000004128       0x18 ./User/my_I2C_Device.o
                                         0x1c (size before relaxing)
 .rodata.my_SC8726_Set_Out_Vbus.str1.4
                0x0000000000004140       0x52 ./User/my_I2C_Device.o
 *fill*         0x0000000000004192        0x2 
 .rodata.my_VBus_Countrol.str1.4
                0x0000000000004194       0x2c ./User/my_PD_Device.o
 .rodata.SPI1_IRQHandler
                0x00000000000041c0       0x28 ./User/my_SPI_Slave.o
 .rodata.EXTI7_0_IRQHandler
                0x00000000000041e8       0x2c ./User/my_SPI_Slave.o
 .rodata.my_SPI_ControlData_on.str1.4
                0x0000000000004214        0xf ./User/my_SPI_Slave.o
 *fill*         0x0000000000004223        0x1 
 .rodata.my_spi_SNK.str1.4
                0x0000000000004224       0x1e ./User/my_SPI_Slave.o
 *fill*         0x0000000000004242        0x2 
 .rodata.my_spi_handle.str1.4
                0x0000000000004244      0x107 ./User/my_SPI_Slave.o
                                        0x111 (size before relaxing)
 *fill*         0x000000000000434b        0x1 
 .rodata.__sf_fake_stderr
                0x000000000000434c       0x20 c:/mounriver/mounriver_studio/toolchain/risc-v embedded gcc/bin/../lib/gcc/riscv-none-embed/8.2.0/../../../../riscv-none-embed/lib/rv32imacxw/ilp32\libg_nano.a(lib_a-findfp.o)
                0x000000000000434c                __sf_fake_stderr
 .rodata.__sf_fake_stdin
                0x000000000000436c       0x20 c:/mounriver/mounriver_studio/toolchain/risc-v embedded gcc/bin/../lib/gcc/riscv-none-embed/8.2.0/../../../../riscv-none-embed/lib/rv32imacxw/ilp32\libg_nano.a(lib_a-findfp.o)
                0x000000000000436c                __sf_fake_stdin
 .rodata.__sf_fake_stdout
                0x000000000000438c       0x20 c:/mounriver/mounriver_studio/toolchain/risc-v embedded gcc/bin/../lib/gcc/riscv-none-embed/8.2.0/../../../../riscv-none-embed/lib/rv32imacxw/ilp32\libg_nano.a(lib_a-findfp.o)
                0x000000000000438c                __sf_fake_stdout
 .rodata._vfprintf_r.str1.4
                0x00000000000043ac       0x13 c:/mounriver/mounriver_studio/toolchain/risc-v embedded gcc/bin/../lib/gcc/riscv-none-embed/8.2.0/../../../../riscv-none-embed/lib/rv32imacxw/ilp32\libg_nano.a(lib_a-nano-vfprintf.o)
 *fill*         0x00000000000043bf        0x1 
 .rodata._printf_i.str1.4
                0x00000000000043c0       0x28 c:/mounriver/mounriver_studio/toolchain/risc-v embedded gcc/bin/../lib/gcc/riscv-none-embed/8.2.0/../../../../riscv-none-embed/lib/rv32imacxw/ilp32\libg_nano.a(lib_a-nano-vfprintf_i.o)
                                         0x25 (size before relaxing)
 *(.gnu.linkonce.t.*)
                0x00000000000043e8                . = ALIGN (0x4)

.rela.dyn       0x00000000000043e8        0x0
 .rela.init     0x00000000000043e8        0x0 ./User/Device_GPIO_I2C.o
 .rela.vector   0x00000000000043e8        0x0 ./User/Device_GPIO_I2C.o
 .rela.text.handle_reset
                0x00000000000043e8        0x0 ./User/Device_GPIO_I2C.o
 .rela.text._sbrk
                0x00000000000043e8        0x0 ./User/Device_GPIO_I2C.o
 .rela.sdata.curbrk.4445
                0x00000000000043e8        0x0 ./User/Device_GPIO_I2C.o
 .rela.text._vfprintf_r
                0x00000000000043e8        0x0 ./User/Device_GPIO_I2C.o
 .rela.text._sbrk_r
                0x00000000000043e8        0x0 ./User/Device_GPIO_I2C.o
 .rela.text._write_r
                0x00000000000043e8        0x0 ./User/Device_GPIO_I2C.o
 .rela.text._close_r
                0x00000000000043e8        0x0 ./User/Device_GPIO_I2C.o
 .rela.text._fstat_r
                0x00000000000043e8        0x0 ./User/Device_GPIO_I2C.o
 .rela.text._isatty_r
                0x00000000000043e8        0x0 ./User/Device_GPIO_I2C.o
 .rela.text._lseek_r
                0x00000000000043e8        0x0 ./User/Device_GPIO_I2C.o
 .rela.text._read_r
                0x00000000000043e8        0x0 ./User/Device_GPIO_I2C.o
 .rela.text._close
                0x00000000000043e8        0x0 ./User/Device_GPIO_I2C.o
 .rela.text._fstat
                0x00000000000043e8        0x0 ./User/Device_GPIO_I2C.o
 .rela.text._isatty
                0x00000000000043e8        0x0 ./User/Device_GPIO_I2C.o
 .rela.text._lseek
                0x00000000000043e8        0x0 ./User/Device_GPIO_I2C.o
 .rela.text._read
                0x00000000000043e8        0x0 ./User/Device_GPIO_I2C.o

.fini           0x00000000000043e8        0x0
 *(SORT_NONE(.fini))
                0x00000000000043e8                . = ALIGN (0x4)
                [!provide]                        PROVIDE (_etext = .)
                [!provide]                        PROVIDE (_eitcm = .)

.preinit_array  0x00000000000043e8        0x0
                [!provide]                        PROVIDE (__preinit_array_start = .)
 *(.preinit_array)
                [!provide]                        PROVIDE (__preinit_array_end = .)

.init_array     0x00000000000043e8        0x0
                [!provide]                        PROVIDE (__init_array_start = .)
 *(SORT_BY_INIT_PRIORITY(.init_array.*) SORT_BY_INIT_PRIORITY(.ctors.*))
 *(.init_array EXCLUDE_FILE(*crtend?.o *crtend.o *crtbegin?.o *crtbegin.o) .ctors)
                [!provide]                        PROVIDE (__init_array_end = .)

.fini_array     0x00000000000043e8        0x0
                [!provide]                        PROVIDE (__fini_array_start = .)
 *(SORT_BY_INIT_PRIORITY(.fini_array.*) SORT_BY_INIT_PRIORITY(.dtors.*))
 *(.fini_array EXCLUDE_FILE(*crtend?.o *crtend.o *crtbegin?.o *crtbegin.o) .dtors)
                [!provide]                        PROVIDE (__fini_array_end = .)

.ctors
 *crtbegin.o(.ctors)
 *crtbegin?.o(.ctors)
 *(EXCLUDE_FILE(*crtend?.o *crtend.o) .ctors)
 *(SORT_BY_NAME(.ctors.*))
 *(.ctors)

.dtors
 *crtbegin.o(.dtors)
 *crtbegin?.o(.dtors)
 *(EXCLUDE_FILE(*crtend?.o *crtend.o) .dtors)
 *(SORT_BY_NAME(.dtors.*))
 *(.dtors)

.dalign         0x0000000020000000        0x0 load address 0x00000000000043e8
                0x0000000020000000                . = ALIGN (0x4)
                0x0000000020000000                PROVIDE (_data_vma = .)

.dlalign        0x00000000000043e8        0x0
                0x00000000000043e8                . = ALIGN (0x4)
                0x00000000000043e8                PROVIDE (_data_lma = .)

.data           0x0000000020000000       0xe0 load address 0x00000000000043e8
 *(.gnu.linkonce.r.*)
 *(.data .data.*)
 .data.SrcCap_Ext_Tab
                0x0000000020000000       0x1c ./User/PD_Process.o
                0x0000000020000000                SrcCap_Ext_Tab
 .data.SrcCap_Tab
                0x000000002000001c        0xc ./User/PD_Process.o
                0x000000002000001c                SrcCap_Tab
 .data.AHBPrescTable
                0x0000000020000028       0x10 ./User/system_ch32x035.o
                0x0000000020000028                AHBPrescTable
 .data.APBAHBPrescTable
                0x0000000020000038       0x10 ./Peripheral/src/ch32x035_rcc.o
 .data.impure_data
                0x0000000020000048       0x60 c:/mounriver/mounriver_studio/toolchain/risc-v embedded gcc/bin/../lib/gcc/riscv-none-embed/8.2.0/../../../../riscv-none-embed/lib/rv32imacxw/ilp32\libg_nano.a(lib_a-impure.o)
 *(.gnu.linkonce.d.*)
                0x00000000200000a8                . = ALIGN (0x8)
                0x00000000200008a8                PROVIDE (__global_pointer$ = (. + 0x800))
 *(.sdata .sdata.*)
 .sdata.SinkCap_5V1A_Tab
                0x00000000200000a8        0x4 ./User/PD_Process.o
                0x00000000200000a8                SinkCap_5V1A_Tab
 .sdata.SrcCap_5V3A_Tab
                0x00000000200000ac        0x4 ./User/PD_Process.o
                0x00000000200000ac                SrcCap_5V3A_Tab
 .sdata.SrcCap_size
                0x00000000200000b0        0x1 ./User/PD_Process.o
                0x00000000200000b0                SrcCap_size
 *fill*         0x00000000200000b1        0x3 
 .sdata.Status_Ext_Tab
                0x00000000200000b4        0x8 ./User/PD_Process.o
                0x00000000200000b4                Status_Ext_Tab
 .sdata.Vbus_Current
                0x00000000200000bc        0x2 ./User/PD_Process.o
                0x00000000200000bc                Vbus_Current
 .sdata.send_spi_slave_data
                0x00000000200000be        0x1 ./User/my_SPI_Slave.o
                0x00000000200000be                send_spi_slave_data
 *fill*         0x00000000200000bf        0x1 
 .sdata.SystemCoreClock
                0x00000000200000c0        0x4 ./User/system_ch32x035.o
                0x00000000200000c0                SystemCoreClock
 .sdata.CFGHR_tmpA
                0x00000000200000c4        0x4 ./Peripheral/src/ch32x035_gpio.o
                0x00000000200000c4                CFGHR_tmpA
 .sdata.CFGHR_tmpB
                0x00000000200000c8        0x4 ./Peripheral/src/ch32x035_gpio.o
                0x00000000200000c8                CFGHR_tmpB
 .sdata.CFGHR_tmpC
                0x00000000200000cc        0x4 ./Peripheral/src/ch32x035_gpio.o
                0x00000000200000cc                CFGHR_tmpC
 .sdata.curbrk.4445
                0x00000000200000d0        0x4 ./Debug/debug.o
 .sdata._impure_ptr
                0x00000000200000d4        0x4 c:/mounriver/mounriver_studio/toolchain/risc-v embedded gcc/bin/../lib/gcc/riscv-none-embed/8.2.0/../../../../riscv-none-embed/lib/rv32imacxw/ilp32\libg_nano.a(lib_a-impure.o)
                0x00000000200000d4                _impure_ptr
 *(.sdata2.*)
 .sdata2._global_impure_ptr
                0x00000000200000d8        0x4 c:/mounriver/mounriver_studio/toolchain/risc-v embedded gcc/bin/../lib/gcc/riscv-none-embed/8.2.0/../../../../riscv-none-embed/lib/rv32imacxw/ilp32\libg_nano.a(lib_a-impure.o)
                0x00000000200000d8                _global_impure_ptr
 *(.gnu.linkonce.s.*)
                0x00000000200000e0                . = ALIGN (0x8)
 *fill*         0x00000000200000dc        0x4 
 *(.srodata.cst16)
 *(.srodata.cst8)
 *(.srodata.cst4)
 *(.srodata.cst2)
 *(.srodata .srodata.*)
                0x00000000200000e0                . = ALIGN (0x4)
                0x00000000200000e0                PROVIDE (_edata = .)

.bss            0x00000000200000e0      0x27c load address 0x00000000000044c8
                0x00000000200000e0                . = ALIGN (0x4)
                0x00000000200000e0                PROVIDE (_sbss = .)
 *(.sbss*)
 .sbss.AIO_ID_buff
                0x00000000200000e0        0x4 ./User/PD_Process.o
                0x00000000200000e0                AIO_ID_buff
 .sbss.AIO_ID_flag
                0x00000000200000e4        0x1 ./User/PD_Process.o
                0x00000000200000e4                AIO_ID_flag
 .sbss.CC_Select
                0x00000000200000e5        0x1 ./User/PD_Process.o
                0x00000000200000e5                CC_Select
 .sbss.PDO_Len  0x00000000200000e6        0x1 ./User/PD_Process.o
                0x00000000200000e6                PDO_Len
 *fill*         0x00000000200000e7        0x1 
 .sbss.PD_Ack_Buf
                0x00000000200000e8        0x2 ./User/PD_Process.o
                0x00000000200000e8                PD_Ack_Buf
 .sbss.Tmr_Ms_Cnt_Last
                0x00000000200000ea        0x1 ./User/PD_Process.o
                0x00000000200000ea                Tmr_Ms_Cnt_Last
 .sbss.Tmr_Ms_Dlt
                0x00000000200000eb        0x1 ./User/PD_Process.o
                0x00000000200000eb                Tmr_Ms_Dlt
 .sbss.Vbus_Select
                0x00000000200000ec        0x1 ./User/PD_Process.o
                0x00000000200000ec                Vbus_Select
 *fill*         0x00000000200000ed        0x1 
 .sbss.connect_time
                0x00000000200000ee        0x2 ./User/PD_Process.o
                0x00000000200000ee                connect_time
 .sbss.pd_Test_mode
                0x00000000200000f0        0x1 ./User/PD_Process.o
                0x00000000200000f0                pd_Test_mode
 .sbss.pd_power_error
                0x00000000200000f1        0x1 ./User/PD_Process.o
                0x00000000200000f1                pd_power_error
 .sbss.pd_valve_status
                0x00000000200000f2        0x1 ./User/PD_Process.o
                0x00000000200000f2                pd_valve_status
 *fill*         0x00000000200000f3        0x1 
 .sbss.pd_valve_time
                0x00000000200000f4        0x2 ./User/PD_Process.o
                0x00000000200000f4                pd_valve_time
 .sbss.snk_vbus_current
                0x00000000200000f6        0x2 ./User/PD_Process.o
                0x00000000200000f6                snk_vbus_current
 .sbss.snk_vbus_type
                0x00000000200000f8        0x1 ./User/PD_Process.o
                0x00000000200000f8                snk_vbus_type
 *fill*         0x00000000200000f9        0x1 
 .sbss.src_vbus_current
                0x00000000200000fa        0x2 ./User/PD_Process.o
                0x00000000200000fa                src_vbus_current
 .sbss.src_vbus_type
                0x00000000200000fc        0x1 ./User/PD_Process.o
                0x00000000200000fc                src_vbus_type
 .sbss.switch_state_pd
                0x00000000200000fd        0x1 ./User/PD_Process.o
                0x00000000200000fd                switch_state_pd
 .sbss.switch_state_pd_flag
                0x00000000200000fe        0x1 ./User/PD_Process.o
                0x00000000200000fe                switch_state_pd_flag
 .sbss.valve_connect
                0x00000000200000ff        0x1 ./User/PD_Process.o
                0x00000000200000ff                valve_connect
 .sbss.set_Vbus.4518
                0x0000000020000100        0x2 ./User/my_I2C_Device.o
 .sbss.PD_STATUS
                0x0000000020000102        0x1 ./User/my_PD_Device.o
                0x0000000020000102                PD_STATUS
 .sbss.Tim_Ms_Cnt
                0x0000000020000103        0x1 ./User/my_PD_Device.o
                0x0000000020000103                Tim_Ms_Cnt
 .sbss.aio_id_buff
                0x0000000020000104        0x4 ./User/my_SPI_Slave.o
 .sbss.aio_id_flag
                0x0000000020000108        0x1 ./User/my_SPI_Slave.o
 .sbss.check_flag
                0x0000000020000109        0x1 ./User/my_SPI_Slave.o
                0x0000000020000109                check_flag
 .sbss.close_flag
                0x000000002000010a        0x1 ./User/my_SPI_Slave.o
                0x000000002000010a                close_flag
 .sbss.gpio_data
                0x000000002000010b        0x1 ./User/my_SPI_Slave.o
                0x000000002000010b                gpio_data
 .sbss.gpio_flag
                0x000000002000010c        0x1 ./User/my_SPI_Slave.o
                0x000000002000010c                gpio_flag
 .sbss.info_data
                0x000000002000010d        0x1 ./User/my_SPI_Slave.o
                0x000000002000010d                info_data
 .sbss.info_flag
                0x000000002000010e        0x1 ./User/my_SPI_Slave.o
                0x000000002000010e                info_flag
 .sbss.open_flag
                0x000000002000010f        0x1 ./User/my_SPI_Slave.o
                0x000000002000010f                open_flag
 .sbss.printf_addr
                0x0000000020000110        0x1 ./User/my_SPI_Slave.o
                0x0000000020000110                printf_addr
 .sbss.receive_addr
                0x0000000020000111        0x1 ./User/my_SPI_Slave.o
                0x0000000020000111                receive_addr
 .sbss.receive_buff_size
                0x0000000020000112        0x1 ./User/my_SPI_Slave.o
                0x0000000020000112                receive_buff_size
 .sbss.receive_flag
                0x0000000020000113        0x1 ./User/my_SPI_Slave.o
                0x0000000020000113                receive_flag
 .sbss.rssi_data
                0x0000000020000114        0x6 ./User/my_SPI_Slave.o
                0x0000000020000114                rssi_data
 .sbss.rssi_flag
                0x000000002000011a        0x1 ./User/my_SPI_Slave.o
                0x000000002000011a                rssi_flag
 .sbss.set_addr4_data
                0x000000002000011b        0x1 ./User/my_SPI_Slave.o
                0x000000002000011b                set_addr4_data
 .sbss.set_addr4_data_falg
                0x000000002000011c        0x1 ./User/my_SPI_Slave.o
                0x000000002000011c                set_addr4_data_falg
 .sbss.set_src_data1
                0x000000002000011d        0x1 ./User/my_SPI_Slave.o
                0x000000002000011d                set_src_data1
 .sbss.set_src_data2
                0x000000002000011e        0x1 ./User/my_SPI_Slave.o
                0x000000002000011e                set_src_data2
 .sbss.set_src_flag
                0x000000002000011f        0x1 ./User/my_SPI_Slave.o
                0x000000002000011f                set_src_flag
 .sbss.test_delay_show
                0x0000000020000120        0x1 ./User/my_SPI_Slave.o
                0x0000000020000120                test_delay_show
 *fill*         0x0000000020000121        0x3 
 .sbss.NVIC_Priority_Group
                0x0000000020000124        0x4 ./Peripheral/src/ch32x035_misc.o
                0x0000000020000124                NVIC_Priority_Group
 .sbss.p_ms     0x0000000020000128        0x2 ./Debug/debug.o
 .sbss.p_us     0x000000002000012a        0x1 ./Debug/debug.o
 *fill*         0x000000002000012b        0x1 
 .sbss.__malloc_free_list
                0x000000002000012c        0x4 c:/mounriver/mounriver_studio/toolchain/risc-v embedded gcc/bin/../lib/gcc/riscv-none-embed/8.2.0/../../../../riscv-none-embed/lib/rv32imacxw/ilp32\libg_nano.a(lib_a-nano-mallocr.o)
                0x000000002000012c                __malloc_free_list
 .sbss.__malloc_sbrk_start
                0x0000000020000130        0x4 c:/mounriver/mounriver_studio/toolchain/risc-v embedded gcc/bin/../lib/gcc/riscv-none-embed/8.2.0/../../../../riscv-none-embed/lib/rv32imacxw/ilp32\libg_nano.a(lib_a-nano-mallocr.o)
                0x0000000020000130                __malloc_sbrk_start
 *(.gnu.linkonce.sb.*)
 *(.bss*)
 .bss.Adapter_SrcCap
                0x0000000020000134       0x1e ./User/PD_Process.o
                0x0000000020000134                Adapter_SrcCap
 *fill*         0x0000000020000152        0x2 
 .bss.PD_Ctl    0x0000000020000154       0x1c ./User/PD_Process.o
                0x0000000020000154                PD_Ctl
 .bss.PD_Rx_Buf
                0x0000000020000170       0x22 ./User/PD_Process.o
                0x0000000020000170                PD_Rx_Buf
 *fill*         0x0000000020000192        0x2 
 .bss.PD_Tx_Buf
                0x0000000020000194       0x22 ./User/PD_Process.o
                0x0000000020000194                PD_Tx_Buf
 *fill*         0x00000000200001b6        0x2 
 .bss.pd_valve_send_buff
                0x00000000200001b8       0x10 ./User/PD_Process.o
                0x00000000200001b8                pd_valve_send_buff
 .bss.sc8726    0x00000000200001c8       0x20 ./User/my_I2C_Device.o
                0x00000000200001c8                sc8726
 .bss.my_spi    0x00000000200001e8      0x118 ./User/my_SPI_Slave.o
                0x00000000200001e8                my_spi
 .bss.printf_size
                0x0000000020000300       0x40 ./User/my_SPI_Slave.o
                0x0000000020000300                printf_size
 .bss.receive_buff
                0x0000000020000340        0xa ./User/my_SPI_Slave.o
                0x0000000020000340                receive_buff
 *fill*         0x000000002000034a        0x2 
 .bss.receive_data
                0x000000002000034c        0xa ./User/my_SPI_Slave.o
                0x000000002000034c                receive_data
 *(.gnu.linkonce.b.*)
 *(COMMON*)
 *fill*         0x0000000020000356        0x2 
 COMMON         0x0000000020000358        0x4 c:/mounriver/mounriver_studio/toolchain/risc-v embedded gcc/bin/../lib/gcc/riscv-none-embed/8.2.0/../../../../riscv-none-embed/lib/rv32imacxw/ilp32\libg_nano.a(lib_a-reent.o)
                0x0000000020000358                errno
                0x000000002000035c                . = ALIGN (0x4)
                0x000000002000035c                PROVIDE (_ebss = .)
                0x000000002000035c                PROVIDE (_end = _ebss)
                [!provide]                        PROVIDE (end = .)

.stack          0x0000000020004800      0x800
                0x0000000020004800                PROVIDE (_heap_end = .)
                0x0000000020004800                . = ALIGN (0x4)
                [!provide]                        PROVIDE (_susrstack = .)
                0x0000000020005000                . = (. + __stack_size)
 *fill*         0x0000000020004800      0x800 
                0x0000000020005000                PROVIDE (_eusrstack = .)
OUTPUT(CH32X035G8U6_AIO_Slave.elf elf32-littleriscv)

.debug_info     0x0000000000000000    0x15b1f
 .debug_info    0x0000000000000000     0x1116 ./User/Device_GPIO_I2C.o
 .debug_info    0x0000000000001116     0x2932 ./User/PD_Process.o
 .debug_info    0x0000000000003a48      0x962 ./User/ch32x035_it.o
 .debug_info    0x00000000000043aa     0x14fb ./User/main.o
 .debug_info    0x00000000000058a5     0x1202 ./User/my_I2C_Device.o
 .debug_info    0x0000000000006aa7     0x18f4 ./User/my_PD_Device.o
 .debug_info    0x000000000000839b     0x1ee5 ./User/my_SPI_Slave.o
 .debug_info    0x000000000000a280      0xb56 ./User/system_ch32x035.o
 .debug_info    0x000000000000add6       0x22 ./Startup/startup_ch32x035.o
 .debug_info    0x000000000000adf8      0xa94 ./Peripheral/src/ch32x035_dbgmcu.o
 .debug_info    0x000000000000b88c      0xc05 ./Peripheral/src/ch32x035_exti.o
 .debug_info    0x000000000000c491     0x11c9 ./Peripheral/src/ch32x035_gpio.o
 .debug_info    0x000000000000d65a      0xaae ./Peripheral/src/ch32x035_iwdg.o
 .debug_info    0x000000000000e108      0xe36 ./Peripheral/src/ch32x035_misc.o
 .debug_info    0x000000000000ef3e      0xd8f ./Peripheral/src/ch32x035_rcc.o
 .debug_info    0x000000000000fccd     0x1072 ./Peripheral/src/ch32x035_spi.o
 .debug_info    0x0000000000010d3f     0x2b87 ./Peripheral/src/ch32x035_tim.o
 .debug_info    0x00000000000138c6     0x1333 ./Peripheral/src/ch32x035_usart.o
 .debug_info    0x0000000000014bf9      0xf26 ./Debug/debug.o

.debug_abbrev   0x0000000000000000     0x3ae0
 .debug_abbrev  0x0000000000000000      0x2c2 ./User/Device_GPIO_I2C.o
 .debug_abbrev  0x00000000000002c2      0x5c0 ./User/PD_Process.o
 .debug_abbrev  0x0000000000000882      0x1cf ./User/ch32x035_it.o
 .debug_abbrev  0x0000000000000a51      0x328 ./User/main.o
 .debug_abbrev  0x0000000000000d79      0x40a ./User/my_I2C_Device.o
 .debug_abbrev  0x0000000000001183      0x3b3 ./User/my_PD_Device.o
 .debug_abbrev  0x0000000000001536      0x483 ./User/my_SPI_Slave.o
 .debug_abbrev  0x00000000000019b9      0x258 ./User/system_ch32x035.o
 .debug_abbrev  0x0000000000001c11       0x12 ./Startup/startup_ch32x035.o
 .debug_abbrev  0x0000000000001c23      0x2f7 ./Peripheral/src/ch32x035_dbgmcu.o
 .debug_abbrev  0x0000000000001f1a      0x2da ./Peripheral/src/ch32x035_exti.o
 .debug_abbrev  0x00000000000021f4      0x34b ./Peripheral/src/ch32x035_gpio.o
 .debug_abbrev  0x000000000000253f      0x282 ./Peripheral/src/ch32x035_iwdg.o
 .debug_abbrev  0x00000000000027c1      0x2ea ./Peripheral/src/ch32x035_misc.o
 .debug_abbrev  0x0000000000002aab      0x326 ./Peripheral/src/ch32x035_rcc.o
 .debug_abbrev  0x0000000000002dd1      0x303 ./Peripheral/src/ch32x035_spi.o
 .debug_abbrev  0x00000000000030d4      0x418 ./Peripheral/src/ch32x035_tim.o
 .debug_abbrev  0x00000000000034ec      0x312 ./Peripheral/src/ch32x035_usart.o
 .debug_abbrev  0x00000000000037fe      0x2e2 ./Debug/debug.o

.debug_loc      0x0000000000000000     0x4460
 .debug_loc     0x0000000000000000      0x170 ./User/Device_GPIO_I2C.o
 .debug_loc     0x0000000000000170      0x8ea ./User/PD_Process.o
 .debug_loc     0x0000000000000a5a       0x42 ./User/main.o
 .debug_loc     0x0000000000000a9c       0xed ./User/my_I2C_Device.o
 .debug_loc     0x0000000000000b89       0xdf ./User/my_PD_Device.o
 .debug_loc     0x0000000000000c68      0x2f5 ./User/my_SPI_Slave.o
 .debug_loc     0x0000000000000f5d       0x1f ./User/system_ch32x035.o
 .debug_loc     0x0000000000000f7c       0x7c ./Peripheral/src/ch32x035_dbgmcu.o
 .debug_loc     0x0000000000000ff8      0x181 ./Peripheral/src/ch32x035_exti.o
 .debug_loc     0x0000000000001179      0x863 ./Peripheral/src/ch32x035_gpio.o
 .debug_loc     0x00000000000019dc       0x68 ./Peripheral/src/ch32x035_iwdg.o
 .debug_loc     0x0000000000001a44       0x2d ./Peripheral/src/ch32x035_misc.o
 .debug_loc     0x0000000000001a71      0x34e ./Peripheral/src/ch32x035_rcc.o
 .debug_loc     0x0000000000001dbf      0x429 ./Peripheral/src/ch32x035_spi.o
 .debug_loc     0x00000000000021e8     0x19ec ./Peripheral/src/ch32x035_tim.o
 .debug_loc     0x0000000000003bd4      0x715 ./Peripheral/src/ch32x035_usart.o
 .debug_loc     0x00000000000042e9      0x177 ./Debug/debug.o

.debug_aranges  0x0000000000000000      0xab0
 .debug_aranges
                0x0000000000000000       0x88 ./User/Device_GPIO_I2C.o
 .debug_aranges
                0x0000000000000088       0xf0 ./User/PD_Process.o
 .debug_aranges
                0x0000000000000178       0x28 ./User/ch32x035_it.o
 .debug_aranges
                0x00000000000001a0       0x38 ./User/main.o
 .debug_aranges
                0x00000000000001d8       0x80 ./User/my_I2C_Device.o
 .debug_aranges
                0x0000000000000258       0x68 ./User/my_PD_Device.o
 .debug_aranges
                0x00000000000002c0       0x90 ./User/my_SPI_Slave.o
 .debug_aranges
                0x0000000000000350       0x28 ./User/system_ch32x035.o
 .debug_aranges
                0x0000000000000378       0x30 ./Startup/startup_ch32x035.o
 .debug_aranges
                0x00000000000003a8       0x48 ./Peripheral/src/ch32x035_dbgmcu.o
 .debug_aranges
                0x00000000000003f0       0x50 ./Peripheral/src/ch32x035_exti.o
 .debug_aranges
                0x0000000000000440       0x98 ./Peripheral/src/ch32x035_gpio.o
 .debug_aranges
                0x00000000000004d8       0x48 ./Peripheral/src/ch32x035_iwdg.o
 .debug_aranges
                0x0000000000000520       0x28 ./Peripheral/src/ch32x035_misc.o
 .debug_aranges
                0x0000000000000548       0x80 ./Peripheral/src/ch32x035_rcc.o
 .debug_aranges
                0x00000000000005c8       0xb8 ./Peripheral/src/ch32x035_spi.o
 .debug_aranges
                0x0000000000000680      0x2f0 ./Peripheral/src/ch32x035_tim.o
 .debug_aranges
                0x0000000000000970       0xf0 ./Peripheral/src/ch32x035_usart.o
 .debug_aranges
                0x0000000000000a60       0x50 ./Debug/debug.o

.debug_ranges   0x0000000000000000      0xaf8
 .debug_ranges  0x0000000000000000       0xa8 ./User/Device_GPIO_I2C.o
 .debug_ranges  0x00000000000000a8      0x140 ./User/PD_Process.o
 .debug_ranges  0x00000000000001e8       0x18 ./User/ch32x035_it.o
 .debug_ranges  0x0000000000000200       0x28 ./User/main.o
 .debug_ranges  0x0000000000000228       0x88 ./User/my_I2C_Device.o
 .debug_ranges  0x00000000000002b0       0x58 ./User/my_PD_Device.o
 .debug_ranges  0x0000000000000308       0xd0 ./User/my_SPI_Slave.o
 .debug_ranges  0x00000000000003d8       0x18 ./User/system_ch32x035.o
 .debug_ranges  0x00000000000003f0       0x28 ./Startup/startup_ch32x035.o
 .debug_ranges  0x0000000000000418       0x50 ./Peripheral/src/ch32x035_dbgmcu.o
 .debug_ranges  0x0000000000000468       0x40 ./Peripheral/src/ch32x035_exti.o
 .debug_ranges  0x00000000000004a8       0x88 ./Peripheral/src/ch32x035_gpio.o
 .debug_ranges  0x0000000000000530       0x38 ./Peripheral/src/ch32x035_iwdg.o
 .debug_ranges  0x0000000000000568       0x48 ./Peripheral/src/ch32x035_misc.o
 .debug_ranges  0x00000000000005b0       0x70 ./Peripheral/src/ch32x035_rcc.o
 .debug_ranges  0x0000000000000620       0xa8 ./Peripheral/src/ch32x035_spi.o
 .debug_ranges  0x00000000000006c8      0x310 ./Peripheral/src/ch32x035_tim.o
 .debug_ranges  0x00000000000009d8       0xe0 ./Peripheral/src/ch32x035_usart.o
 .debug_ranges  0x0000000000000ab8       0x40 ./Debug/debug.o

.debug_line     0x0000000000000000     0xeff2
 .debug_line    0x0000000000000000      0x896 ./User/Device_GPIO_I2C.o
 .debug_line    0x0000000000000896     0x2e23 ./User/PD_Process.o
 .debug_line    0x00000000000036b9      0x236 ./User/ch32x035_it.o
 .debug_line    0x00000000000038ef      0x684 ./User/main.o
 .debug_line    0x0000000000003f73      0xee2 ./User/my_I2C_Device.o
 .debug_line    0x0000000000004e55      0x880 ./User/my_PD_Device.o
 .debug_line    0x00000000000056d5     0x1915 ./User/my_SPI_Slave.o
 .debug_line    0x0000000000006fea      0x376 ./User/system_ch32x035.o
 .debug_line    0x0000000000007360      0x11e ./Startup/startup_ch32x035.o
 .debug_line    0x000000000000747e      0x36f ./Peripheral/src/ch32x035_dbgmcu.o
 .debug_line    0x00000000000077ed      0x5bf ./Peripheral/src/ch32x035_exti.o
 .debug_line    0x0000000000007dac     0x121d ./Peripheral/src/ch32x035_gpio.o
 .debug_line    0x0000000000008fc9      0x39a ./Peripheral/src/ch32x035_iwdg.o
 .debug_line    0x0000000000009363      0x3c6 ./Peripheral/src/ch32x035_misc.o
 .debug_line    0x0000000000009729      0x7af ./Peripheral/src/ch32x035_rcc.o
 .debug_line    0x0000000000009ed8      0x9c0 ./Peripheral/src/ch32x035_spi.o
 .debug_line    0x000000000000a898     0x31d3 ./Peripheral/src/ch32x035_tim.o
 .debug_line    0x000000000000da6b      0xe5f ./Peripheral/src/ch32x035_usart.o
 .debug_line    0x000000000000e8ca      0x728 ./Debug/debug.o

.debug_str      0x0000000000000000     0x389f
 .debug_str     0x0000000000000000      0x7fd ./User/Device_GPIO_I2C.o
                                        0x883 (size before relaxing)
 .debug_str     0x00000000000007fd      0xcbe ./User/PD_Process.o
                                       0x143b (size before relaxing)
 .debug_str     0x00000000000014bb       0x34 ./User/ch32x035_it.o
                                        0x5ab (size before relaxing)
 .debug_str     0x00000000000014ef      0x305 ./User/main.o
                                        0xe82 (size before relaxing)
 .debug_str     0x00000000000017f4      0x214 ./User/my_I2C_Device.o
                                        0x983 (size before relaxing)
 .debug_str     0x0000000000001a08      0x2d5 ./User/my_PD_Device.o
                                       0x121b (size before relaxing)
 .debug_str     0x0000000000001cdd      0x4b8 ./User/my_SPI_Slave.o
                                       0x14d3 (size before relaxing)
 .debug_str     0x0000000000002195       0xc1 ./User/system_ch32x035.o
                                        0x6a9 (size before relaxing)
 .debug_str     0x0000000000002256       0x2a ./Startup/startup_ch32x035.o
                                         0x5b (size before relaxing)
 .debug_str     0x0000000000002280       0x87 ./Peripheral/src/ch32x035_dbgmcu.o
                                        0x63b (size before relaxing)
 .debug_str     0x0000000000002307       0xc6 ./Peripheral/src/ch32x035_exti.o
                                        0x782 (size before relaxing)
 .debug_str     0x00000000000023cd      0x19c ./Peripheral/src/ch32x035_gpio.o
                                        0x941 (size before relaxing)
 .debug_str     0x0000000000002569       0x76 ./Peripheral/src/ch32x035_iwdg.o
                                        0x694 (size before relaxing)
 .debug_str     0x00000000000025df       0x73 ./Peripheral/src/ch32x035_misc.o
                                        0xa06 (size before relaxing)
 .debug_str     0x0000000000002652      0x1c4 ./Peripheral/src/ch32x035_rcc.o
                                        0x845 (size before relaxing)
 .debug_str     0x0000000000002816      0x179 ./Peripheral/src/ch32x035_spi.o
                                        0x92e (size before relaxing)
 .debug_str     0x000000000000298f      0xab2 ./Peripheral/src/ch32x035_tim.o
                                       0x1375 (size before relaxing)
 .debug_str     0x0000000000003441      0x3d6 ./Peripheral/src/ch32x035_usart.o
                                        0xace (size before relaxing)
 .debug_str     0x0000000000003817       0x88 ./Debug/debug.o
                                        0x8cf (size before relaxing)

.comment        0x0000000000000000       0x33
 .comment       0x0000000000000000       0x33 ./User/Device_GPIO_I2C.o
                                         0x34 (size before relaxing)
 .comment       0x0000000000000033       0x34 ./User/PD_Process.o
 .comment       0x0000000000000033       0x34 ./User/ch32x035_it.o
 .comment       0x0000000000000033       0x34 ./User/main.o
 .comment       0x0000000000000033       0x34 ./User/my_I2C_Device.o
 .comment       0x0000000000000033       0x34 ./User/my_PD_Device.o
 .comment       0x0000000000000033       0x34 ./User/my_SPI_Slave.o
 .comment       0x0000000000000033       0x34 ./User/system_ch32x035.o
 .comment       0x0000000000000033       0x34 ./Peripheral/src/ch32x035_dbgmcu.o
 .comment       0x0000000000000033       0x34 ./Peripheral/src/ch32x035_exti.o
 .comment       0x0000000000000033       0x34 ./Peripheral/src/ch32x035_gpio.o
 .comment       0x0000000000000033       0x34 ./Peripheral/src/ch32x035_iwdg.o
 .comment       0x0000000000000033       0x34 ./Peripheral/src/ch32x035_misc.o
 .comment       0x0000000000000033       0x34 ./Peripheral/src/ch32x035_rcc.o
 .comment       0x0000000000000033       0x34 ./Peripheral/src/ch32x035_spi.o
 .comment       0x0000000000000033       0x34 ./Peripheral/src/ch32x035_tim.o
 .comment       0x0000000000000033       0x34 ./Peripheral/src/ch32x035_usart.o
 .comment       0x0000000000000033       0x34 ./Debug/debug.o

.debug_frame    0x0000000000000000     0x2160
 .debug_frame   0x0000000000000000      0x1d0 ./User/Device_GPIO_I2C.o
 .debug_frame   0x00000000000001d0      0x30c ./User/PD_Process.o
 .debug_frame   0x00000000000004dc       0x30 ./User/ch32x035_it.o
 .debug_frame   0x000000000000050c       0x8c ./User/main.o
 .debug_frame   0x0000000000000598      0x168 ./User/my_I2C_Device.o
 .debug_frame   0x0000000000000700      0x138 ./User/my_PD_Device.o
 .debug_frame   0x0000000000000838      0x19c ./User/my_SPI_Slave.o
 .debug_frame   0x00000000000009d4       0x30 ./User/system_ch32x035.o
 .debug_frame   0x0000000000000a04       0x70 ./Peripheral/src/ch32x035_dbgmcu.o
 .debug_frame   0x0000000000000a74       0x90 ./Peripheral/src/ch32x035_exti.o
 .debug_frame   0x0000000000000b04      0x140 ./Peripheral/src/ch32x035_gpio.o
 .debug_frame   0x0000000000000c44       0x70 ./Peripheral/src/ch32x035_iwdg.o
 .debug_frame   0x0000000000000cb4       0x30 ./Peripheral/src/ch32x035_misc.o
 .debug_frame   0x0000000000000ce4       0xfc ./Peripheral/src/ch32x035_rcc.o
 .debug_frame   0x0000000000000de0      0x15c ./Peripheral/src/ch32x035_spi.o
 .debug_frame   0x0000000000000f3c      0x654 ./Peripheral/src/ch32x035_tim.o
 .debug_frame   0x0000000000001590      0x1e4 ./Peripheral/src/ch32x035_usart.o
 .debug_frame   0x0000000000001774       0xb8 ./Debug/debug.o
 .debug_frame   0x000000000000182c       0x20 c:/mounriver/mounriver_studio/toolchain/risc-v embedded gcc/bin/../lib/gcc/riscv-none-embed/8.2.0/../../../../riscv-none-embed/lib/rv32imacxw/ilp32\libg_nano.a(lib_a-memcpy.o)
 .debug_frame   0x000000000000184c       0x54 c:/mounriver/mounriver_studio/toolchain/risc-v embedded gcc/bin/../lib/gcc/riscv-none-embed/8.2.0/../../../../riscv-none-embed/lib/rv32imacxw/ilp32\libg_nano.a(lib_a-printf.o)
 .debug_frame   0x00000000000018a0       0x54 c:/mounriver/mounriver_studio/toolchain/risc-v embedded gcc/bin/../lib/gcc/riscv-none-embed/8.2.0/../../../../riscv-none-embed/lib/rv32imacxw/ilp32\libg_nano.a(lib_a-puts.o)
 .debug_frame   0x00000000000018f4       0x50 c:/mounriver/mounriver_studio/toolchain/risc-v embedded gcc/bin/../lib/gcc/riscv-none-embed/8.2.0/../../../../riscv-none-embed/lib/rv32imacxw/ilp32\libg_nano.a(lib_a-wbuf.o)
 .debug_frame   0x0000000000001944       0x3c c:/mounriver/mounriver_studio/toolchain/risc-v embedded gcc/bin/../lib/gcc/riscv-none-embed/8.2.0/../../../../riscv-none-embed/lib/rv32imacxw/ilp32\libg_nano.a(lib_a-wsetup.o)
 .debug_frame   0x0000000000001980       0x7c c:/mounriver/mounriver_studio/toolchain/risc-v embedded gcc/bin/../lib/gcc/riscv-none-embed/8.2.0/../../../../riscv-none-embed/lib/rv32imacxw/ilp32\libg_nano.a(lib_a-fflush.o)
 .debug_frame   0x00000000000019fc      0x148 c:/mounriver/mounriver_studio/toolchain/risc-v embedded gcc/bin/../lib/gcc/riscv-none-embed/8.2.0/../../../../riscv-none-embed/lib/rv32imacxw/ilp32\libg_nano.a(lib_a-findfp.o)
 .debug_frame   0x0000000000001b44       0x88 c:/mounriver/mounriver_studio/toolchain/risc-v embedded gcc/bin/../lib/gcc/riscv-none-embed/8.2.0/../../../../riscv-none-embed/lib/rv32imacxw/ilp32\libg_nano.a(lib_a-fwalk.o)
 .debug_frame   0x0000000000001bcc       0x64 c:/mounriver/mounriver_studio/toolchain/risc-v embedded gcc/bin/../lib/gcc/riscv-none-embed/8.2.0/../../../../riscv-none-embed/lib/rv32imacxw/ilp32\libg_nano.a(lib_a-makebuf.o)
 .debug_frame   0x0000000000001c30       0x40 c:/mounriver/mounriver_studio/toolchain/risc-v embedded gcc/bin/../lib/gcc/riscv-none-embed/8.2.0/../../../../riscv-none-embed/lib/rv32imacxw/ilp32\libg_nano.a(lib_a-nano-freer.o)
 .debug_frame   0x0000000000001c70       0x40 c:/mounriver/mounriver_studio/toolchain/risc-v embedded gcc/bin/../lib/gcc/riscv-none-embed/8.2.0/../../../../riscv-none-embed/lib/rv32imacxw/ilp32\libg_nano.a(lib_a-nano-mallocr.o)
 .debug_frame   0x0000000000001cb0       0xd0 c:/mounriver/mounriver_studio/toolchain/risc-v embedded gcc/bin/../lib/gcc/riscv-none-embed/8.2.0/../../../../riscv-none-embed/lib/rv32imacxw/ilp32\libg_nano.a(lib_a-nano-vfprintf.o)
 .debug_frame   0x0000000000001d80       0x8c c:/mounriver/mounriver_studio/toolchain/risc-v embedded gcc/bin/../lib/gcc/riscv-none-embed/8.2.0/../../../../riscv-none-embed/lib/rv32imacxw/ilp32\libg_nano.a(lib_a-nano-vfprintf_i.o)
 .debug_frame   0x0000000000001e0c       0x30 c:/mounriver/mounriver_studio/toolchain/risc-v embedded gcc/bin/../lib/gcc/riscv-none-embed/8.2.0/../../../../riscv-none-embed/lib/rv32imacxw/ilp32\libg_nano.a(lib_a-sbrkr.o)
 .debug_frame   0x0000000000001e3c       0xa4 c:/mounriver/mounriver_studio/toolchain/risc-v embedded gcc/bin/../lib/gcc/riscv-none-embed/8.2.0/../../../../riscv-none-embed/lib/rv32imacxw/ilp32\libg_nano.a(lib_a-stdio.o)
 .debug_frame   0x0000000000001ee0       0x30 c:/mounriver/mounriver_studio/toolchain/risc-v embedded gcc/bin/../lib/gcc/riscv-none-embed/8.2.0/../../../../riscv-none-embed/lib/rv32imacxw/ilp32\libg_nano.a(lib_a-writer.o)
 .debug_frame   0x0000000000001f10       0x30 c:/mounriver/mounriver_studio/toolchain/risc-v embedded gcc/bin/../lib/gcc/riscv-none-embed/8.2.0/../../../../riscv-none-embed/lib/rv32imacxw/ilp32\libg_nano.a(lib_a-closer.o)
 .debug_frame   0x0000000000001f40       0x30 c:/mounriver/mounriver_studio/toolchain/risc-v embedded gcc/bin/../lib/gcc/riscv-none-embed/8.2.0/../../../../riscv-none-embed/lib/rv32imacxw/ilp32\libg_nano.a(lib_a-fstatr.o)
 .debug_frame   0x0000000000001f70       0x30 c:/mounriver/mounriver_studio/toolchain/risc-v embedded gcc/bin/../lib/gcc/riscv-none-embed/8.2.0/../../../../riscv-none-embed/lib/rv32imacxw/ilp32\libg_nano.a(lib_a-isattyr.o)
 .debug_frame   0x0000000000001fa0       0x30 c:/mounriver/mounriver_studio/toolchain/risc-v embedded gcc/bin/../lib/gcc/riscv-none-embed/8.2.0/../../../../riscv-none-embed/lib/rv32imacxw/ilp32\libg_nano.a(lib_a-lseekr.o)
 .debug_frame   0x0000000000001fd0       0x20 c:/mounriver/mounriver_studio/toolchain/risc-v embedded gcc/bin/../lib/gcc/riscv-none-embed/8.2.0/../../../../riscv-none-embed/lib/rv32imacxw/ilp32\libg_nano.a(lib_a-memchr.o)
 .debug_frame   0x0000000000001ff0       0x30 c:/mounriver/mounriver_studio/toolchain/risc-v embedded gcc/bin/../lib/gcc/riscv-none-embed/8.2.0/../../../../riscv-none-embed/lib/rv32imacxw/ilp32\libg_nano.a(lib_a-mlock.o)
 .debug_frame   0x0000000000002020       0x30 c:/mounriver/mounriver_studio/toolchain/risc-v embedded gcc/bin/../lib/gcc/riscv-none-embed/8.2.0/../../../../riscv-none-embed/lib/rv32imacxw/ilp32\libg_nano.a(lib_a-readr.o)
 .debug_frame   0x0000000000002050       0x70 c:/mounriver/mounriver_studio/toolchain/risc-v embedded gcc/bin/../lib/gcc/riscv-none-embed/8.2.0/../../../../riscv-none-embed/lib/rv32imacxw/ilp32\libg_nano.a(lib_a-reent.o)
 .debug_frame   0x00000000000020c0       0x20 c:/mounriver/mounriver_studio/toolchain/risc-v embedded gcc/bin/../lib/gcc/riscv-none-embed/8.2.0/../../../../riscv-none-embed/lib/rv32imacxw/ilp32\libnosys.a(close.o)
 .debug_frame   0x00000000000020e0       0x20 c:/mounriver/mounriver_studio/toolchain/risc-v embedded gcc/bin/../lib/gcc/riscv-none-embed/8.2.0/../../../../riscv-none-embed/lib/rv32imacxw/ilp32\libnosys.a(fstat.o)
 .debug_frame   0x0000000000002100       0x20 c:/mounriver/mounriver_studio/toolchain/risc-v embedded gcc/bin/../lib/gcc/riscv-none-embed/8.2.0/../../../../riscv-none-embed/lib/rv32imacxw/ilp32\libnosys.a(isatty.o)
 .debug_frame   0x0000000000002120       0x20 c:/mounriver/mounriver_studio/toolchain/risc-v embedded gcc/bin/../lib/gcc/riscv-none-embed/8.2.0/../../../../riscv-none-embed/lib/rv32imacxw/ilp32\libnosys.a(lseek.o)
 .debug_frame   0x0000000000002140       0x20 c:/mounriver/mounriver_studio/toolchain/risc-v embedded gcc/bin/../lib/gcc/riscv-none-embed/8.2.0/../../../../riscv-none-embed/lib/rv32imacxw/ilp32\libnosys.a(read.o)

.stab           0x0000000000000000       0x84
 .stab          0x0000000000000000       0x24 c:/mounriver/mounriver_studio/toolchain/risc-v embedded gcc/bin/../lib/gcc/riscv-none-embed/8.2.0/../../../../riscv-none-embed/lib/rv32imacxw/ilp32\libnosys.a(close.o)
 .stab          0x0000000000000024       0x18 c:/mounriver/mounriver_studio/toolchain/risc-v embedded gcc/bin/../lib/gcc/riscv-none-embed/8.2.0/../../../../riscv-none-embed/lib/rv32imacxw/ilp32\libnosys.a(fstat.o)
                                         0x24 (size before relaxing)
 .stab          0x000000000000003c       0x18 c:/mounriver/mounriver_studio/toolchain/risc-v embedded gcc/bin/../lib/gcc/riscv-none-embed/8.2.0/../../../../riscv-none-embed/lib/rv32imacxw/ilp32\libnosys.a(isatty.o)
                                         0x24 (size before relaxing)
 .stab          0x0000000000000054       0x18 c:/mounriver/mounriver_studio/toolchain/risc-v embedded gcc/bin/../lib/gcc/riscv-none-embed/8.2.0/../../../../riscv-none-embed/lib/rv32imacxw/ilp32\libnosys.a(lseek.o)
                                         0x24 (size before relaxing)
 .stab          0x000000000000006c       0x18 c:/mounriver/mounriver_studio/toolchain/risc-v embedded gcc/bin/../lib/gcc/riscv-none-embed/8.2.0/../../../../riscv-none-embed/lib/rv32imacxw/ilp32\libnosys.a(read.o)
                                         0x24 (size before relaxing)

.stabstr        0x0000000000000000      0x117
 .stabstr       0x0000000000000000      0x117 c:/mounriver/mounriver_studio/toolchain/risc-v embedded gcc/bin/../lib/gcc/riscv-none-embed/8.2.0/../../../../riscv-none-embed/lib/rv32imacxw/ilp32\libnosys.a(close.o)
