Archive member included to satisfy reference by file (symbol)

c:/mounriver/mounriver_studio/toolchain/risc-v embedded gcc/bin/../lib/gcc/riscv-none-embed/8.2.0/rv32imacxw/ilp32\libgcc.a(save-restore.o)
                              ./User/PD_Process.o (__riscv_save_8)
c:/mounriver/mounriver_studio/toolchain/risc-v embedded gcc/bin/../lib/gcc/riscv-none-embed/8.2.0/../../../../riscv-none-embed/lib/rv32imacxw/ilp32\libg_nano.a(lib_a-memcpy.o)
                              ./User/PD_Process.o (memcpy)
c:/mounriver/mounriver_studio/toolchain/risc-v embedded gcc/bin/../lib/gcc/riscv-none-embed/8.2.0/../../../../riscv-none-embed/lib/rv32imacxw/ilp32\libg_nano.a(lib_a-memset.o)
                              ./User/PD_Process.o (memset)
c:/mounriver/mounriver_studio/toolchain/risc-v embedded gcc/bin/../lib/gcc/riscv-none-embed/8.2.0/../../../../riscv-none-embed/lib/rv32imacxw/ilp32\libg_nano.a(lib_a-printf.o)
                              ./User/PD_Process.o (printf)
c:/mounriver/mounriver_studio/toolchain/risc-v embedded gcc/bin/../lib/gcc/riscv-none-embed/8.2.0/../../../../riscv-none-embed/lib/rv32imacxw/ilp32\libg_nano.a(lib_a-puts.o)
                              ./User/PD_Process.o (puts)
c:/mounriver/mounriver_studio/toolchain/risc-v embedded gcc/bin/../lib/gcc/riscv-none-embed/8.2.0/../../../../riscv-none-embed/lib/rv32imacxw/ilp32\libg_nano.a(lib_a-wbuf.o)
                              c:/mounriver/mounriver_studio/toolchain/risc-v embedded gcc/bin/../lib/gcc/riscv-none-embed/8.2.0/../../../../riscv-none-embed/lib/rv32imacxw/ilp32\libg_nano.a(lib_a-puts.o) (__swbuf_r)
c:/mounriver/mounriver_studio/toolchain/risc-v embedded gcc/bin/../lib/gcc/riscv-none-embed/8.2.0/../../../../riscv-none-embed/lib/rv32imacxw/ilp32\libg_nano.a(lib_a-wsetup.o)
                              c:/mounriver/mounriver_studio/toolchain/risc-v embedded gcc/bin/../lib/gcc/riscv-none-embed/8.2.0/../../../../riscv-none-embed/lib/rv32imacxw/ilp32\libg_nano.a(lib_a-puts.o) (__swsetup_r)
c:/mounriver/mounriver_studio/toolchain/risc-v embedded gcc/bin/../lib/gcc/riscv-none-embed/8.2.0/../../../../riscv-none-embed/lib/rv32imacxw/ilp32\libg_nano.a(lib_a-fflush.o)
                              c:/mounriver/mounriver_studio/toolchain/risc-v embedded gcc/bin/../lib/gcc/riscv-none-embed/8.2.0/../../../../riscv-none-embed/lib/rv32imacxw/ilp32\libg_nano.a(lib_a-wbuf.o) (_fflush_r)
c:/mounriver/mounriver_studio/toolchain/risc-v embedded gcc/bin/../lib/gcc/riscv-none-embed/8.2.0/../../../../riscv-none-embed/lib/rv32imacxw/ilp32\libg_nano.a(lib_a-findfp.o)
                              c:/mounriver/mounriver_studio/toolchain/risc-v embedded gcc/bin/../lib/gcc/riscv-none-embed/8.2.0/../../../../riscv-none-embed/lib/rv32imacxw/ilp32\libg_nano.a(lib_a-printf.o) (__sinit)
c:/mounriver/mounriver_studio/toolchain/risc-v embedded gcc/bin/../lib/gcc/riscv-none-embed/8.2.0/../../../../riscv-none-embed/lib/rv32imacxw/ilp32\libg_nano.a(lib_a-fwalk.o)
                              c:/mounriver/mounriver_studio/toolchain/risc-v embedded gcc/bin/../lib/gcc/riscv-none-embed/8.2.0/../../../../riscv-none-embed/lib/rv32imacxw/ilp32\libg_nano.a(lib_a-findfp.o) (_fwalk)
c:/mounriver/mounriver_studio/toolchain/risc-v embedded gcc/bin/../lib/gcc/riscv-none-embed/8.2.0/../../../../riscv-none-embed/lib/rv32imacxw/ilp32\libg_nano.a(lib_a-impure.o)
                              c:/mounriver/mounriver_studio/toolchain/risc-v embedded gcc/bin/../lib/gcc/riscv-none-embed/8.2.0/../../../../riscv-none-embed/lib/rv32imacxw/ilp32\libg_nano.a(lib_a-fflush.o) (_global_impure_ptr)
c:/mounriver/mounriver_studio/toolchain/risc-v embedded gcc/bin/../lib/gcc/riscv-none-embed/8.2.0/../../../../riscv-none-embed/lib/rv32imacxw/ilp32\libg_nano.a(lib_a-makebuf.o)
                              c:/mounriver/mounriver_studio/toolchain/risc-v embedded gcc/bin/../lib/gcc/riscv-none-embed/8.2.0/../../../../riscv-none-embed/lib/rv32imacxw/ilp32\libg_nano.a(lib_a-wsetup.o) (__smakebuf_r)
c:/mounriver/mounriver_studio/toolchain/risc-v embedded gcc/bin/../lib/gcc/riscv-none-embed/8.2.0/../../../../riscv-none-embed/lib/rv32imacxw/ilp32\libg_nano.a(lib_a-nano-freer.o)
                              c:/mounriver/mounriver_studio/toolchain/risc-v embedded gcc/bin/../lib/gcc/riscv-none-embed/8.2.0/../../../../riscv-none-embed/lib/rv32imacxw/ilp32\libg_nano.a(lib_a-wsetup.o) (_free_r)
c:/mounriver/mounriver_studio/toolchain/risc-v embedded gcc/bin/../lib/gcc/riscv-none-embed/8.2.0/../../../../riscv-none-embed/lib/rv32imacxw/ilp32\libg_nano.a(lib_a-nano-mallocr.o)
                              c:/mounriver/mounriver_studio/toolchain/risc-v embedded gcc/bin/../lib/gcc/riscv-none-embed/8.2.0/../../../../riscv-none-embed/lib/rv32imacxw/ilp32\libg_nano.a(lib_a-findfp.o) (_malloc_r)
c:/mounriver/mounriver_studio/toolchain/risc-v embedded gcc/bin/../lib/gcc/riscv-none-embed/8.2.0/../../../../riscv-none-embed/lib/rv32imacxw/ilp32\libg_nano.a(lib_a-nano-vfprintf.o)
[...]
Memory Configuration

Name             Origin             Length             Attributes
FLASH            0x0000000000000000 0x000000000000f800 xr
RAM              0x0000000020000000 0x0000000000005000 xrw
*default*        0x0000000000000000 0xffffffffffffffff

Linker script and memory map

LOAD ./User/PD_Process.o
LOAD ./User/ch32x035_it.o
LOAD ./User/main.o
LOAD ./User/my_I2C_Device.o
LOAD ./User/my_PD_Device.o
LOAD ./User/my_SPI_Slave.o
LOAD ./User/system_ch32x035.o
LOAD ./Startup/startup_ch32x035.o
LOAD ./Peripheral/src/ch32x035_adc.o
LOAD ./Peripheral/src/ch32x035_awu.o
LOAD ./Peripheral/src/ch32x035_dbgmcu.o
LOAD ./Peripheral/src/ch32x035_dma.o
LOAD ./Peripheral/src/ch32x035_exti.o
LOAD ./Peripheral/src/ch32x035_flash.o
LOAD ./Peripheral/src/ch32x035_gpio.o
LOAD ./Peripheral/src/ch32x035_i2c.o
LOAD ./Peripheral/src/ch32x035_iwdg.o
LOAD ./Peripheral/src/ch32x035_misc.o
LOAD ./Peripheral/src/ch32x035_opa.o
LOAD ./Peripheral/src/ch32x035_pwr.o
LOAD ./Peripheral/src/ch32x035_rcc.o
LOAD ./Peripheral/src/ch32x035_spi.o
LOAD ./Peripheral/src/ch32x035_tim.o
LOAD ./Peripheral/src/ch32x035_usart.o
LOAD ./Peripheral/src/ch32x035_wwdg.o
LOAD ./Debug/debug.o
LOAD ./Core/core_riscv.o
LOAD c:/mounriver/mounriver_studio/toolchain/risc-v embedded gcc/bin/../lib/gcc/riscv-none-embed/8.2.0/rv32imacxw/ilp32\libgcc.a
LOAD c:/mounriver/mounriver_studio/toolchain/risc-v embedded gcc/bin/../lib/gcc/riscv-none-embed/8.2.0/../../../../riscv-none-embed/lib/rv32imacxw/ilp32\libg_nano.a
LOAD c:/mounriver/mounriver_studio/toolchain/risc-v embedded gcc/bin/../lib/gcc/riscv-none-embed/8.2.0/../../../../riscv-none-embed/lib/rv32imacxw/ilp32\libc_nano.a
LOAD c:/mounriver/mounriver_studio/toolchain/risc-v embedded gcc/bin/../lib/gcc/riscv-none-embed/8.2.0/rv32imacxw/ilp32\libgcc.a
START GROUP
LOAD c:/mounriver/mounriver_studio/toolchain/risc-v embedded gcc/bin/../lib/gcc/riscv-none-embed/8.2.0/rv32imacxw/ilp32\libgcc.a
LOAD c:/mounriver/mounriver_studio/toolchain/risc-v embedded gcc/bin/../lib/gcc/riscv-none-embed/8.2.0/../../../../riscv-none-embed/lib/rv32imacxw/ilp32\libc_nano.a
LOAD c:/mounriver/mounriver_studio/toolchain/risc-v embedded gcc/bin/../lib/gcc/riscv-none-embed/8.2.0/../../../../riscv-none-embed/lib/rv32imacxw/ilp32\libnosys.a
END GROUP
START GROUP
LOAD c:/mounriver/mounriver_studio/toolchain/risc-v embedded gcc/bin/../lib/gcc/riscv-none-embed/8.2.0/rv32imacxw/ilp32\libgcc.a
LOAD c:/mounriver/mounriver_studio/toolchain/risc-v embedded gcc/bin/../lib/gcc/riscv-none-embed/8.2.0/../../../../riscv-none-embed/lib/rv32imacxw/ilp32\libc_nano.a
LOAD c:/mounriver/mounriver_studio/toolchain/risc-v embedded gcc/bin/../lib/gcc/riscv-none-embed/8.2.0/../../../../riscv-none-embed/lib/rv32imacxw/ilp32\libnosys.a
END GROUP
                0x0000000000000800                __stack_size = 0x800
                [!provide]                        PROVIDE (_stack_size = __stack_size)

.init           0x0000000000000000        0x4
                0x0000000000000000                _sinit = .
                0x0000000000000000                . = ALIGN (0x4)
 *(SORT_NONE(.init))
 .init          0x0000000000000000        0x4 ./Startup/startup_ch32x035.o
                0x0000000000000000                _start
                0x0000000000000004                . = ALIGN (0x4)
                0x0000000000000004                _einit = .

.vector         0x0000000000000004       0xfc
 *(.vector)
 .vector        0x0000000000000004       0xdc ./Startup/startup_ch32x035.o
                0x0000000000000100                . = ALIGN (0x40)
 *fill*         0x00000000000000e0       0x20 

.text           0x0000000000000100     0x47e8
                0x0000000000000100                . = ALIGN (0x4)
 *(.text)
 .text          0x0000000000000100       0x60 c:/mounriver/mounriver_studio/toolchain/risc-v embedded gcc/bin/../lib/gcc/riscv-none-embed/8.2.0/rv32imacxw/ilp32\libgcc.a(save-restore.o)
                0x0000000000000100                __riscv_save_12
                0x0000000000000108                __riscv_save_9
                0x0000000000000108                __riscv_save_11
                0x0000000000000108                __riscv_save_10
                0x0000000000000108                __riscv_save_8
                0x0000000000000116                __riscv_save_4
                0x0000000000000116                __riscv_save_6
                0x0000000000000116                __riscv_save_5
                0x0000000000000116                __riscv_save_7
                0x0000000000000130                __riscv_save_3
                0x0000000000000130                __riscv_save_2
                0x0000000000000130                __riscv_save_1
                0x0000000000000130                __riscv_save_0
                0x000000000000013c                __riscv_restore_12
                0x0000000000000140                __riscv_restore_11
                0x0000000000000140                __riscv_restore_9
                0x0000000000000140                __riscv_restore_10
                0x0000000000000140                __riscv_restore_8
                0x000000000000014a                __riscv_restore_5
                0x000000000000014a                __riscv_restore_7
                0x000000000000014a                __riscv_restore_6
                0x000000000000014a                __riscv_restore_4
                0x0000000000000154                __riscv_restore_3
                0x0000000000000154                __riscv_restore_0
                0x0000000000000154                __riscv_restore_2
                0x0000000000000154                __riscv_restore_1
 .text          0x0000000000000160       0xa8 c:/mounriver/mounriver_studio/toolchain/risc-v embedded gcc/bin/../lib/gcc/riscv-none-embed/8.2.0/../../../../riscv-none-embed/lib/rv32imacxw/ilp32\libg_nano.a(lib_a-memset.o)
                0x0000000000000160                memset
 *(.text.*)
 .text.my_PD_Valve_Receive
                0x0000000000000208       0xa4 ./User/PD_Process.o
                0x0000000000000208                my_PD_Valve_Receive
 .text.my_set_Vbus_Current
                0x00000000000002ac       0x34 ./User/PD_Process.o
                0x00000000000002ac                my_set_Vbus_Current
 .text.get_PD_Vbus_Current
                0x00000000000002e0       0x26 ./User/PD_Process.o
                0x00000000000002e0                get_PD_Vbus_Current
 .text.PD_Rx_Mode
                0x0000000000000306       0x52 ./User/PD_Process.o
                0x0000000000000306                PD_Rx_Mode
 .text.PD_SRC_Init
                0x0000000000000358       0x1e ./User/PD_Process.o
                0x0000000000000358                PD_SRC_Init
 .text.PD_SINK_Init
                0x0000000000000376       0x1a ./User/PD_Process.o
                0x0000000000000376                PD_SINK_Init
 .text.PD_PHY_Reset
                0x0000000000000390       0x50 ./User/PD_Process.o
                0x0000000000000390                PD_PHY_Reset
 .text.PD_Init  0x00000000000003e0       0x58 ./User/PD_Process.o
                0x00000000000003e0                PD_Init
 .text.PD_Detect
                0x0000000000000438      0x286 ./User/PD_Process.o
                0x0000000000000438                PD_Detect
 .text.PD_Det_Proc
                0x00000000000006be      0x170 ./User/PD_Process.o
                0x00000000000006be                PD_Det_Proc
 .text.PD_Phy_SendPack
                0x000000000000082e       0xbe ./User/PD_Process.o
                0x000000000000082e                PD_Phy_SendPack
 .text.USBPD_IRQHandler
                0x00000000000008ec       0xf4 ./User/PD_Process.o
                0x00000000000008ec                USBPD_IRQHandler
 .text.PD_Send_Handle.part.4
                0x00000000000009e0       0xb0 ./User/PD_Process.o
 .text.PD_Load_Header
                0x0000000000000a90       0x4e ./User/PD_Process.o
                0x0000000000000a90                PD_Load_Header
 .text.PD_Send_Handle
                0x0000000000000ade       0x1e ./User/PD_Process.o
                0x0000000000000ade                PD_Send_Handle
 .text.PD_Save_Adapter_SrcCap
                0x0000000000000afc       0x66 ./User/PD_Process.o
                0x0000000000000afc                PD_Save_Adapter_SrcCap
 .text.PD_PDO_Analyse
                0x0000000000000b62       0x36 ./User/PD_Process.o
                0x0000000000000b62                PD_PDO_Analyse
 .text.PDO_Request
                0x0000000000000b98       0xae ./User/PD_Process.o
                0x0000000000000b98                PDO_Request
 .text.PD_Main_Proc
                0x0000000000000c46      0x4f4 ./User/PD_Process.o
                0x0000000000000c46                PD_Main_Proc
 .text.my_PD_AIO_ID_Out
                0x000000000000113a       0x1c ./User/PD_Process.o
                0x000000000000113a                my_PD_AIO_ID_Out
 .text.my_pd_close_valve
                0x0000000000001156       0x20 ./User/PD_Process.o
                0x0000000000001156                my_pd_close_valve
 .text.my_pd_open_valve
                0x0000000000001176       0x20 ./User/PD_Process.o
                0x0000000000001176                my_pd_open_valve
 .text.my_pd_check_valve
                0x0000000000001196       0x20 ./User/PD_Process.o
                0x0000000000001196                my_pd_check_valve
 .text.my_pd_Test_Send_ID
                0x00000000000011b6       0x50 ./User/PD_Process.o
                0x00000000000011b6                my_pd_Test_Send_ID
 .text.my_pd_connect_valve
                0x0000000000001206       0x88 ./User/PD_Process.o
                0x0000000000001206                my_pd_connect_valve
 .text.my_pd_Test_Send
                0x000000000000128e       0x44 ./User/PD_Process.o
                0x000000000000128e                my_pd_Test_Send
 .text.NMI_Handler
                0x00000000000012d2        0x2 ./User/ch32x035_it.o
                0x00000000000012d2                NMI_Handler
 .text.HardFault_Handler
                0x00000000000012d4        0x2 ./User/ch32x035_it.o
                0x00000000000012d4                HardFault_Handler
 .text.my_rcc   0x00000000000012d6       0x16 ./User/main.o
                0x00000000000012d6                my_rcc
 .text.IWDG_Feed_Init
                0x00000000000012ec       0x32 ./User/main.o
                0x00000000000012ec                IWDG_Feed_Init
 .text.startup.main
                0x000000000000131e       0x8e ./User/main.o
                0x000000000000131e                main
 .text.IIC_Init
                0x00000000000013ac       0xac ./User/my_I2C_Device.o
                0x00000000000013ac                IIC_Init
 .text.my_i2c_read_addr
                0x0000000000001458       0x18 ./User/my_I2C_Device.o
                0x0000000000001458                my_i2c_read_addr
 .text.my_i2c_write_addr
                0x0000000000001470       0x14 ./User/my_I2C_Device.o
                0x0000000000001470                my_i2c_write_addr
 .text.I2C1_EV_IRQHandler
                0x0000000000001484      0x208 ./User/my_I2C_Device.o
                0x0000000000001484                I2C1_EV_IRQHandler
 .text.I2C1_ER_IRQHandler
                0x000000000000168c       0x3e ./User/my_I2C_Device.o
                0x000000000000168c                I2C1_ER_IRQHandler
 .text.get_I2C_Status
                0x00000000000016ca       0xf6 ./User/my_I2C_Device.o
                0x00000000000016ca                get_I2C_Status
 .text.my_SC8726_Init
                0x00000000000017c0       0x16 ./User/my_I2C_Device.o
                0x00000000000017c0                my_SC8726_Init
 .text.my_SC8726_Set_Out_Vbus
                0x00000000000017d6       0x74 ./User/my_I2C_Device.o
                0x00000000000017d6                my_SC8726_Set_Out_Vbus
 .text.my_SC8726_Close_Vbus
                0x000000000000184a       0x16 ./User/my_I2C_Device.o
                0x000000000000184a                my_SC8726_Close_Vbus
 .text.get_SC8726_Vbus_Out_Status
                0x0000000000001860        0x6 ./User/my_I2C_Device.o
                0x0000000000001860                get_SC8726_Vbus_Out_Status
 .text.my_SC8726_Init_Handle
                0x0000000000001866       0xda ./User/my_I2C_Device.o
                0x0000000000001866                my_SC8726_Init_Handle
 .text.my_SC8726_Control_Handle
                0x0000000000001940      0x176 ./User/my_I2C_Device.o
                0x0000000000001940                my_SC8726_Control_Handle
 .text.my_SC8726_Handle
                0x0000000000001ab6       0x26 ./User/my_I2C_Device.o
                0x0000000000001ab6                my_SC8726_Handle
 .text.set_sc8726_select
                0x0000000000001adc       0x7e ./User/my_I2C_Device.o
                0x0000000000001adc                set_sc8726_select
 .text.TIM1_Init
                0x0000000000001b5a       0x62 ./User/my_PD_Device.o
                0x0000000000001b5a                TIM1_Init
 .text.get_PD_Status
                0x0000000000001bbc        0x6 ./User/my_PD_Device.o
                0x0000000000001bbc                get_PD_Status
 .text.my_PD_Status_init
                0x0000000000001bc2       0x3e ./User/my_PD_Device.o
                0x0000000000001bc2                my_PD_Status_init
 .text.set_PD_STATUS_SRC
                0x0000000000001c00       0x14 ./User/my_PD_Device.o
                0x0000000000001c00                set_PD_STATUS_SRC
 .text.set_PD_STATUS_SNK
                0x0000000000001c14       0x12 ./User/my_PD_Device.o
                0x0000000000001c14                set_PD_STATUS_SNK
 .text.GPIO_Toggle_INIT
                0x0000000000001c26       0x94 ./User/my_PD_Device.o
                0x0000000000001c26                GPIO_Toggle_INIT
 .text.my_VBus_Countrol
                0x0000000000001cba       0x8c ./User/my_PD_Device.o
                0x0000000000001cba                my_VBus_Countrol
 .text.my_TIM_Handle
                0x0000000000001d46       0x38 ./User/my_PD_Device.o
                0x0000000000001d46                my_TIM_Handle
 .text.my_PD_Handle
                0x0000000000001d7e       0x32 ./User/my_PD_Device.o
                0x0000000000001d7e                my_PD_Handle
 .text.TIM1_UP_IRQHandler
                0x0000000000001db0       0x30 ./User/my_PD_Device.o
                0x0000000000001db0                TIM1_UP_IRQHandler
 .text.my_SPI_Data_Init
                0x0000000000001de0       0x6a ./User/my_SPI_Slave.o
                0x0000000000001de0                my_SPI_Data_Init
 .text.my_SPI_Device_Init
                0x0000000000001e4a      0x106 ./User/my_SPI_Slave.o
                0x0000000000001e4a                my_SPI_Device_Init
 .text.my_SPI_Selve_Init
                0x0000000000001f50       0x10 ./User/my_SPI_Slave.o
                0x0000000000001f50                my_SPI_Selve_Init
 .text.my_SPI_ControlData_on
                0x0000000000001f60       0x2e ./User/my_SPI_Slave.o
                0x0000000000001f60                my_SPI_ControlData_on
 .text.my_SPI_ControlData_off
                0x0000000000001f8e       0x18 ./User/my_SPI_Slave.o
                0x0000000000001f8e                my_SPI_ControlData_off
 .text.SPI1_IRQHandler
                0x0000000000001fa6      0x10e ./User/my_SPI_Slave.o
                0x0000000000001fa6                SPI1_IRQHandler
 .text.EXTI7_0_IRQHandler
                0x00000000000020b4      0x14a ./User/my_SPI_Slave.o
                0x00000000000020b4                EXTI7_0_IRQHandler
 .text.my_spi_SNK
                0x00000000000021fe       0x56 ./User/my_SPI_Slave.o
                0x00000000000021fe                my_spi_SNK
 .text.my_spi_SRC
                0x0000000000002254       0x70 ./User/my_SPI_Slave.o
                0x0000000000002254                my_spi_SRC
 .text.my_spi_set_hall
                0x00000000000022c4        0xc ./User/my_SPI_Slave.o
                0x00000000000022c4                my_spi_set_hall
 .text.my_spi_disconnect
                0x00000000000022d0       0x24 ./User/my_SPI_Slave.o
                0x00000000000022d0                my_spi_disconnect
 .text.my_time_tick
                0x00000000000022f4       0x1c ./User/my_SPI_Slave.o
                0x00000000000022f4                my_time_tick
 .text.my_spi_handle
                0x0000000000002310      0x2aa ./User/my_SPI_Slave.o
                0x0000000000002310                my_spi_handle
 .text.SystemInit
                0x00000000000025ba       0x42 ./User/system_ch32x035.o
                0x00000000000025ba                SystemInit
 .text.SystemCoreClockUpdate
                0x00000000000025fc       0x3a ./User/system_ch32x035.o
                0x00000000000025fc                SystemCoreClockUpdate
 .text.vector_handler
                0x0000000000002636        0x2 ./Startup/startup_ch32x035.o
                0x0000000000002636                TIM1_CC_IRQHandler
                0x0000000000002636                TIM2_UP_IRQHandler
                0x0000000000002636                SysTick_Handler
                0x0000000000002636                PVD_IRQHandler
                0x0000000000002636                EXTI25_16_IRQHandler
                0x0000000000002636                USBFS_IRQHandler
                0x0000000000002636                Break_Point_Handler
                0x0000000000002636                TIM2_TRG_COM_IRQHandler
                0x0000000000002636                TIM2_CC_IRQHandler
                0x0000000000002636                AWU_IRQHandler
                0x0000000000002636                Ecall_M_Mode_Handler
                0x0000000000002636                DMA1_Channel4_IRQHandler
                0x0000000000002636                ADC1_IRQHandler
                0x0000000000002636                TIM2_BRK_IRQHandler
                0x0000000000002636                USART3_IRQHandler
                0x0000000000002636                DMA1_Channel7_IRQHandler
                0x0000000000002636                USBPDWakeUp_IRQHandler
                0x0000000000002636                EXTI15_8_IRQHandler
                0x0000000000002636                USART4_IRQHandler
                0x0000000000002636                DMA1_Channel6_IRQHandler
                0x0000000000002636                TIM3_IRQHandler
                0x0000000000002636                TIM1_TRG_COM_IRQHandler
                0x0000000000002636                DMA1_Channel1_IRQHandler
                0x0000000000002636                DMA1_Channel8_IRQHandler
                0x0000000000002636                PIOC_IRQHandler
                0x0000000000002636                DMA1_Channel5_IRQHandler
                0x0000000000002636                DMA1_Channel3_IRQHandler
                0x0000000000002636                WWDG_IRQHandler
                0x0000000000002636                Ecall_U_Mode_Handler
                0x0000000000002636                SW_Handler
                0x0000000000002636                TIM1_BRK_IRQHandler
                0x0000000000002636                OPA_IRQHandler
                0x0000000000002636                USART2_IRQHandler
                0x0000000000002636                DMA1_Channel2_IRQHandler
                0x0000000000002636                FLASH_IRQHandler
                0x0000000000002636                USBFSWakeUp_IRQHandler
                0x0000000000002636                USART1_IRQHandler
 .text.handle_reset
                0x0000000000002638       0x86 ./Startup/startup_ch32x035.o
                0x0000000000002638                handle_reset
 .text.DBGMCU_GetCHIPID
                0x00000000000026be        0xa ./Peripheral/src/ch32x035_dbgmcu.o
                0x00000000000026be                DBGMCU_GetCHIPID
 .text.EXTI_Init
                0x00000000000026c8       0x6a ./Peripheral/src/ch32x035_exti.o
                0x00000000000026c8                EXTI_Init
 .text.EXTI_GetITStatus
                0x0000000000002732       0x1e ./Peripheral/src/ch32x035_exti.o
                0x0000000000002732                EXTI_GetITStatus
 .text.EXTI_ClearITPendingBit
                0x0000000000002750        0xa ./Peripheral/src/ch32x035_exti.o
                0x0000000000002750                EXTI_ClearITPendingBit
 .text.GPIO_Init
                0x000000000000275a      0x16e ./Peripheral/src/ch32x035_gpio.o
                0x000000000000275a                GPIO_Init
 .text.GPIO_WriteBit
                0x00000000000028c8       0x14 ./Peripheral/src/ch32x035_gpio.o
                0x00000000000028c8                GPIO_WriteBit
 .text.GPIO_PinRemapConfig
                0x00000000000028dc       0xa0 ./Peripheral/src/ch32x035_gpio.o
                0x00000000000028dc                GPIO_PinRemapConfig
 .text.GPIO_EXTILineConfig
                0x000000000000297c       0x2e ./Peripheral/src/ch32x035_gpio.o
                0x000000000000297c                GPIO_EXTILineConfig
 .text.I2C_Init
                0x00000000000029aa       0xce ./Peripheral/src/ch32x035_i2c.o
                0x00000000000029aa                I2C_Init
 .text.I2C_Cmd  0x0000000000002a78       0x18 ./Peripheral/src/ch32x035_i2c.o
                0x0000000000002a78                I2C_Cmd
 .text.I2C_GenerateSTART
                0x0000000000002a90       0x1a ./Peripheral/src/ch32x035_i2c.o
                0x0000000000002a90                I2C_GenerateSTART
 .text.I2C_GenerateSTOP
                0x0000000000002aaa       0x1a ./Peripheral/src/ch32x035_i2c.o
                0x0000000000002aaa                I2C_GenerateSTOP
 .text.I2C_AcknowledgeConfig
                0x0000000000002ac4       0x1a ./Peripheral/src/ch32x035_i2c.o
                0x0000000000002ac4                I2C_AcknowledgeConfig
 .text.I2C_ITConfig
                0x0000000000002ade       0x12 ./Peripheral/src/ch32x035_i2c.o
                0x0000000000002ade                I2C_ITConfig
 .text.I2C_SendData
                0x0000000000002af0        0x4 ./Peripheral/src/ch32x035_i2c.o
                0x0000000000002af0                I2C_SendData
 .text.I2C_ReceiveData
                0x0000000000002af4        0x8 ./Peripheral/src/ch32x035_i2c.o
                0x0000000000002af4                I2C_ReceiveData
 .text.I2C_Send7bitAddress
                0x0000000000002afc       0x12 ./Peripheral/src/ch32x035_i2c.o
                0x0000000000002afc                I2C_Send7bitAddress
 .text.I2C_ReadRegister
                0x0000000000002b0e       0x14 ./Peripheral/src/ch32x035_i2c.o
                0x0000000000002b0e                I2C_ReadRegister
 .text.I2C_NACKPositionConfig
                0x0000000000002b22       0x22 ./Peripheral/src/ch32x035_i2c.o
                0x0000000000002b22                I2C_NACKPositionConfig
 .text.I2C_GetFlagStatus
                0x0000000000002b44       0x32 ./Peripheral/src/ch32x035_i2c.o
                0x0000000000002b44                I2C_GetFlagStatus
 .text.I2C_GetITStatus
                0x0000000000002b76       0x20 ./Peripheral/src/ch32x035_i2c.o
                0x0000000000002b76                I2C_GetITStatus
 .text.I2C_ClearITPendingBit
                0x0000000000002b96        0xc ./Peripheral/src/ch32x035_i2c.o
                0x0000000000002b96                I2C_ClearITPendingBit
 .text.IWDG_WriteAccessCmd
                0x0000000000002ba2        0x8 ./Peripheral/src/ch32x035_iwdg.o
                0x0000000000002ba2                IWDG_WriteAccessCmd
 .text.IWDG_SetPrescaler
                0x0000000000002baa        0x8 ./Peripheral/src/ch32x035_iwdg.o
                0x0000000000002baa                IWDG_SetPrescaler
 .text.IWDG_SetReload
                0x0000000000002bb2        0x8 ./Peripheral/src/ch32x035_iwdg.o
                0x0000000000002bb2                IWDG_SetReload
 .text.IWDG_ReloadCounter
                0x0000000000002bba        0xe ./Peripheral/src/ch32x035_iwdg.o
                0x0000000000002bba                IWDG_ReloadCounter
 .text.IWDG_Enable
                0x0000000000002bc8        0xe ./Peripheral/src/ch32x035_iwdg.o
                0x0000000000002bc8                IWDG_Enable
 .text.NVIC_PriorityGroupConfig
                0x0000000000002bd6        0x6 ./Peripheral/src/ch32x035_misc.o
                0x0000000000002bd6                NVIC_PriorityGroupConfig
 .text.NVIC_Init
                0x0000000000002bdc       0x54 ./Peripheral/src/ch32x035_misc.o
                0x0000000000002bdc                NVIC_Init
 .text.RCC_GetClocksFreq
                0x0000000000002c30       0x3e ./Peripheral/src/ch32x035_rcc.o
                0x0000000000002c30                RCC_GetClocksFreq
 .text.RCC_APB2PeriphClockCmd
                0x0000000000002c6e       0x1e ./Peripheral/src/ch32x035_rcc.o
                0x0000000000002c6e                RCC_APB2PeriphClockCmd
 .text.RCC_APB1PeriphClockCmd
                0x0000000000002c8c       0x1e ./Peripheral/src/ch32x035_rcc.o
                0x0000000000002c8c                RCC_APB1PeriphClockCmd
 .text.SPI_Init
                0x0000000000002caa       0x32 ./Peripheral/src/ch32x035_spi.o
                0x0000000000002caa                SPI_Init
 .text.SPI_Cmd  0x0000000000002cdc       0x1a ./Peripheral/src/ch32x035_spi.o
                0x0000000000002cdc                SPI_Cmd
 .text.SPI_I2S_ITConfig
                0x0000000000002cf6       0x1e ./Peripheral/src/ch32x035_spi.o
                0x0000000000002cf6                SPI_I2S_ITConfig
 .text.SPI_I2S_SendData
                0x0000000000002d14        0x4 ./Peripheral/src/ch32x035_spi.o
                0x0000000000002d14                SPI_I2S_SendData
 .text.SPI_I2S_ReceiveData
                0x0000000000002d18        0x4 ./Peripheral/src/ch32x035_spi.o
                0x0000000000002d18                SPI_I2S_ReceiveData
 .text.SPI_I2S_GetITStatus
                0x0000000000002d1c       0x28 ./Peripheral/src/ch32x035_spi.o
                0x0000000000002d1c                SPI_I2S_GetITStatus
 .text.SPI_I2S_ClearITPendingBit
                0x0000000000002d44       0x14 ./Peripheral/src/ch32x035_spi.o
                0x0000000000002d44                SPI_I2S_ClearITPendingBit
 .text.TIM_TimeBaseInit
                0x0000000000002d58       0x56 ./Peripheral/src/ch32x035_tim.o
                0x0000000000002d58                TIM_TimeBaseInit
 .text.TIM_Cmd  0x0000000000002dae       0x18 ./Peripheral/src/ch32x035_tim.o
                0x0000000000002dae                TIM_Cmd
 .text.TIM_ITConfig
                0x0000000000002dc6       0x12 ./Peripheral/src/ch32x035_tim.o
                0x0000000000002dc6                TIM_ITConfig
 .text.TIM_GetITStatus
                0x0000000000002dd8       0x18 ./Peripheral/src/ch32x035_tim.o
                0x0000000000002dd8                TIM_GetITStatus
 .text.TIM_ClearITPendingBit
                0x0000000000002df0        0xc ./Peripheral/src/ch32x035_tim.o
                0x0000000000002df0                TIM_ClearITPendingBit
 .text.USART_Init
                0x0000000000002dfc       0x90 ./Peripheral/src/ch32x035_usart.o
                0x0000000000002dfc                USART_Init
 .text.USART_Cmd
                0x0000000000002e8c       0x16 ./Peripheral/src/ch32x035_usart.o
                0x0000000000002e8c                USART_Cmd
 .text.USART_SendData
                0x0000000000002ea2        0x8 ./Peripheral/src/ch32x035_usart.o
                0x0000000000002ea2                USART_SendData
 .text.USART_GetFlagStatus
                0x0000000000002eaa        0xa ./Peripheral/src/ch32x035_usart.o
                0x0000000000002eaa                USART_GetFlagStatus
 .text.Delay_Init
                0x0000000000002eb4       0x26 ./Debug/debug.o
                0x0000000000002eb4                Delay_Init
 .text.Delay_Us
                0x0000000000002eda       0x36 ./Debug/debug.o
                0x0000000000002eda                Delay_Us
 .text.Delay_Ms
                0x0000000000002f10       0x36 ./Debug/debug.o
                0x0000000000002f10                Delay_Ms
 .text.USART_Printf_Init
                0x0000000000002f46       0x5a ./Debug/debug.o
                0x0000000000002f46                USART_Printf_Init
 .text._write   0x0000000000002fa0       0x3e ./Debug/debug.o
                0x0000000000002fa0                _write
 .text._sbrk    0x0000000000002fde       0x26 ./Debug/debug.o
                0x0000000000002fde                _sbrk
 .text.memcpy   0x0000000000003004       0xb2 c:/mounriver/mounriver_studio/toolchain/risc-v embedded gcc/bin/../lib/gcc/riscv-none-embed/8.2.0/../../../../riscv-none-embed/lib/rv32imacxw/ilp32\libg_nano.a(lib_a-memcpy.o)
                0x0000000000003004                memcpy
 .text.printf   0x00000000000030b6       0x40 c:/mounriver/mounriver_studio/toolchain/risc-v embedded gcc/bin/../lib/gcc/riscv-none-embed/8.2.0/../../../../riscv-none-embed/lib/rv32imacxw/ilp32\libg_nano.a(lib_a-printf.o)
                0x00000000000030b6                iprintf
                0x00000000000030b6                printf
 .text._puts_r  0x00000000000030f6       0xd4 c:/mounriver/mounriver_studio/toolchain/risc-v embedded gcc/bin/../lib/gcc/riscv-none-embed/8.2.0/../../../../riscv-none-embed/lib/rv32imacxw/ilp32\libg_nano.a(lib_a-puts.o)
                0x00000000000030f6                _puts_r
 .text.puts     0x00000000000031ca        0xc c:/mounriver/mounriver_studio/toolchain/risc-v embedded gcc/bin/../lib/gcc/riscv-none-embed/8.2.0/../../../../riscv-none-embed/lib/rv32imacxw/ilp32\libg_nano.a(lib_a-puts.o)
                0x00000000000031ca                puts
 .text.__swbuf_r
                0x00000000000031d6       0xbc c:/mounriver/mounriver_studio/toolchain/risc-v embedded gcc/bin/../lib/gcc/riscv-none-embed/8.2.0/../../../../riscv-none-embed/lib/rv32imacxw/ilp32\libg_nano.a(lib_a-wbuf.o)
                0x00000000000031d6                __swbuf_r
 .text.__swsetup_r
                0x0000000000003292       0xfc c:/mounriver/mounriver_studio/toolchain/risc-v embedded gcc/bin/../lib/gcc/riscv-none-embed/8.2.0/../../../../riscv-none-embed/lib/rv32imacxw/ilp32\libg_nano.a(lib_a-wsetup.o)
                0x0000000000003292                __swsetup_r
 .text.__sflush_r
                0x000000000000338e      0x130 c:/mounriver/mounriver_studio/toolchain/risc-v embedded gcc/bin/../lib/gcc/riscv-none-embed/8.2.0/../../../../riscv-none-embed/lib/rv32imacxw/ilp32\libg_nano.a(lib_a-fflush.o)
                0x000000000000338e                __sflush_r
 .text._fflush_r
                0x00000000000034be       0x66 c:/mounriver/mounriver_studio/toolchain/risc-v embedded gcc/bin/../lib/gcc/riscv-none-embed/8.2.0/../../../../riscv-none-embed/lib/rv32imacxw/ilp32\libg_nano.a(lib_a-fflush.o)
                0x00000000000034be                _fflush_r
 .text.std      0x0000000000003524       0x66 c:/mounriver/mounriver_studio/toolchain/risc-v embedded gcc/bin/../lib/gcc/riscv-none-embed/8.2.0/../../../../riscv-none-embed/lib/rv32imacxw/ilp32\libg_nano.a(lib_a-findfp.o)
 .text._cleanup_r
                0x000000000000358a        0xa c:/mounriver/mounriver_studio/toolchain/risc-v embedded gcc/bin/../lib/gcc/riscv-none-embed/8.2.0/../../../../riscv-none-embed/lib/rv32imacxw/ilp32\libg_nano.a(lib_a-findfp.o)
                0x000000000000358a                _cleanup_r
 .text.__sfmoreglue
                0x0000000000003594       0x46 c:/mounriver/mounriver_studio/toolchain/risc-v embedded gcc/bin/../lib/gcc/riscv-none-embed/8.2.0/../../../../riscv-none-embed/lib/rv32imacxw/ilp32\libg_nano.a(lib_a-findfp.o)
                0x0000000000003594                __sfmoreglue
 .text.__sinit  0x00000000000035da       0x6c c:/mounriver/mounriver_studio/toolchain/risc-v embedded gcc/bin/../lib/gcc/riscv-none-embed/8.2.0/../../../../riscv-none-embed/lib/rv32imacxw/ilp32\libg_nano.a(lib_a-findfp.o)
                0x00000000000035da                __sinit
 .text.__sfp    0x0000000000003646       0xa0 c:/mounriver/mounriver_studio/toolchain/risc-v embedded gcc/bin/../lib/gcc/riscv-none-embed/8.2.0/../../../../riscv-none-embed/lib/rv32imacxw/ilp32\libg_nano.a(lib_a-findfp.o)
                0x0000000000003646                __sfp
 .text._fwalk_reent
                0x00000000000036e6       0x6a c:/mounriver/mounriver_studio/toolchain/risc-v embedded gcc/bin/../lib/gcc/riscv-none-embed/8.2.0/../../../../riscv-none-embed/lib/rv32imacxw/ilp32\libg_nano.a(lib_a-fwalk.o)
                0x00000000000036e6                _fwalk_reent
 .text.__swhatbuf_r
                0x0000000000003750       0x58 c:/mounriver/mounriver_studio/toolchain/risc-v embedded gcc/bin/../lib/gcc/riscv-none-embed/8.2.0/../../../../riscv-none-embed/lib/rv32imacxw/ilp32\libg_nano.a(lib_a-makebuf.o)
                0x0000000000003750                __swhatbuf_r
 .text.__smakebuf_r
                0x00000000000037a8       0x92 c:/mounriver/mounriver_studio/toolchain/risc-v embedded gcc/bin/../lib/gcc/riscv-none-embed/8.2.0/../../../../riscv-none-embed/lib/rv32imacxw/ilp32\libg_nano.a(lib_a-makebuf.o)
                0x00000000000037a8                __smakebuf_r
 .text._free_r  0x000000000000383a       0xa8 c:/mounriver/mounriver_studio/toolchain/risc-v embedded gcc/bin/../lib/gcc/riscv-none-embed/8.2.0/../../../../riscv-none-embed/lib/rv32imacxw/ilp32\libg_nano.a(lib_a-nano-freer.o)
                0x000000000000383a                _free_r
 .text._malloc_r
                0x00000000000038e2       0xd4 c:/mounriver/mounriver_studio/toolchain/risc-v embedded gcc/bin/../lib/gcc/riscv-none-embed/8.2.0/../../../../riscv-none-embed/lib/rv32imacxw/ilp32\libg_nano.a(lib_a-nano-mallocr.o)
                0x00000000000038e2                _malloc_r
 .text.__sfputc_r
                0x00000000000039b6       0x28 c:/mounriver/mounriver_studio/toolchain/risc-v embedded gcc/bin/../lib/gcc/riscv-none-embed/8.2.0/../../../../riscv-none-embed/lib/rv32imacxw/ilp32\libg_nano.a(lib_a-nano-vfprintf.o)
 .text.__sfputs_r
                0x00000000000039de       0x42 c:/mounriver/mounriver_studio/toolchain/risc-v embedded gcc/bin/../lib/gcc/riscv-none-embed/8.2.0/../../../../riscv-none-embed/lib/rv32imacxw/ilp32\libg_nano.a(lib_a-nano-vfprintf.o)
                0x00000000000039de                __sfputs_r
 .text._vfprintf_r
                0x0000000000003a20      0x288 c:/mounriver/mounriver_studio/toolchain/risc-v embedded gcc/bin/../lib/gcc/riscv-none-embed/8.2.0/../../../../riscv-none-embed/lib/rv32imacxw/ilp32\libg_nano.a(lib_a-nano-vfprintf.o)
                0x0000000000003a20                _vfprintf_r
                0x0000000000003a20                _vfiprintf_r
 .text._printf_common
                0x0000000000003ca8      0x10c c:/mounriver/mounriver_studio/toolchain/risc-v embedded gcc/bin/../lib/gcc/riscv-none-embed/8.2.0/../../../../riscv-none-embed/lib/rv32imacxw/ilp32\libg_nano.a(lib_a-nano-vfprintf_i.o)
                0x0000000000003ca8                _printf_common
 .text._printf_i
                0x0000000000003db4      0x2a2 c:/mounriver/mounriver_studio/toolchain/risc-v embedded gcc/bin/../lib/gcc/riscv-none-embed/8.2.0/../../../../riscv-none-embed/lib/rv32imacxw/ilp32\libg_nano.a(lib_a-nano-vfprintf_i.o)
                0x0000000000003db4                _printf_i
 .text._sbrk_r  0x0000000000004056       0x2a c:/mounriver/mounriver_studio/toolchain/risc-v embedded gcc/bin/../lib/gcc/riscv-none-embed/8.2.0/../../../../riscv-none-embed/lib/rv32imacxw/ilp32\libg_nano.a(lib_a-sbrkr.o)
                0x0000000000004056                _sbrk_r
 .text.__sread  0x0000000000004080       0x2c c:/mounriver/mounriver_studio/toolchain/risc-v embedded gcc/bin/../lib/gcc/riscv-none-embed/8.2.0/../../../../riscv-none-embed/lib/rv32imacxw/ilp32\libg_nano.a(lib_a-stdio.o)
                0x0000000000004080                __sread
 .text.__swrite
                0x00000000000040ac       0x48 c:/mounriver/mounriver_studio/toolchain/risc-v embedded gcc/bin/../lib/gcc/riscv-none-embed/8.2.0/../../../../riscv-none-embed/lib/rv32imacxw/ilp32\libg_nano.a(lib_a-stdio.o)
                0x00000000000040ac                __swrite
 .text.__sseek  0x00000000000040f4       0x30 c:/mounriver/mounriver_studio/toolchain/risc-v embedded gcc/bin/../lib/gcc/riscv-none-embed/8.2.0/../../../../riscv-none-embed/lib/rv32imacxw/ilp32\libg_nano.a(lib_a-stdio.o)
                0x00000000000040f4                __sseek
 .text.__sclose
                0x0000000000004124        0x6 c:/mounriver/mounriver_studio/toolchain/risc-v embedded gcc/bin/../lib/gcc/riscv-none-embed/8.2.0/../../../../riscv-none-embed/lib/rv32imacxw/ilp32\libg_nano.a(lib_a-stdio.o)
                0x0000000000004124                __sclose
 .text._write_r
                0x000000000000412a       0x2e c:/mounriver/mounriver_studio/toolchain/risc-v embedded gcc/bin/../lib/gcc/riscv-none-embed/8.2.0/../../../../riscv-none-embed/lib/rv32imacxw/ilp32\libg_nano.a(lib_a-writer.o)
                0x000000000000412a                _write_r
 .text._close_r
                0x0000000000004158       0x28 c:/mounriver/mounriver_studio/toolchain/risc-v embedded gcc/bin/../lib/gcc/riscv-none-embed/8.2.0/../../../../riscv-none-embed/lib/rv32imacxw/ilp32\libg_nano.a(lib_a-closer.o)
                0x0000000000004158                _close_r
 .text._fstat_r
                0x0000000000004180       0x2a c:/mounriver/mounriver_studio/toolchain/risc-v embedded gcc/bin/../lib/gcc/riscv-none-embed/8.2.0/../../../../riscv-none-embed/lib/rv32imacxw/ilp32\libg_nano.a(lib_a-fstatr.o)
                0x0000000000004180                _fstat_r
 .text._isatty_r
                0x00000000000041aa       0x28 c:/mounriver/mounriver_studio/toolchain/risc-v embedded gcc/bin/../lib/gcc/riscv-none-embed/8.2.0/../../../../riscv-none-embed/lib/rv32imacxw/ilp32\libg_nano.a(lib_a-isattyr.o)
                0x00000000000041aa                _isatty_r
 .text._lseek_r
                0x00000000000041d2       0x2c c:/mounriver/mounriver_studio/toolchain/risc-v embedded gcc/bin/../lib/gcc/riscv-none-embed/8.2.0/../../../../riscv-none-embed/lib/rv32imacxw/ilp32\libg_nano.a(lib_a-lseekr.o)
                0x00000000000041d2                _lseek_r
 .text.memchr   0x00000000000041fe       0x18 c:/mounriver/mounriver_studio/toolchain/risc-v embedded gcc/bin/../lib/gcc/riscv-none-embed/8.2.0/../../../../riscv-none-embed/lib/rv32imacxw/ilp32\libg_nano.a(lib_a-memchr.o)
                0x00000000000041fe                memchr
 .text.__malloc_lock
                0x0000000000004216        0x2 c:/mounriver/mounriver_studio/toolchain/risc-v embedded gcc/bin/../lib/gcc/riscv-none-embed/8.2.0/../../../../riscv-none-embed/lib/rv32imacxw/ilp32\libg_nano.a(lib_a-mlock.o)
                0x0000000000004216                __malloc_lock
 .text.__malloc_unlock
                0x0000000000004218        0x2 c:/mounriver/mounriver_studio/toolchain/risc-v embedded gcc/bin/../lib/gcc/riscv-none-embed/8.2.0/../../../../riscv-none-embed/lib/rv32imacxw/ilp32\libg_nano.a(lib_a-mlock.o)
                0x0000000000004218                __malloc_unlock
 .text._read_r  0x000000000000421a       0x2c c:/mounriver/mounriver_studio/toolchain/risc-v embedded gcc/bin/../lib/gcc/riscv-none-embed/8.2.0/../../../../riscv-none-embed/lib/rv32imacxw/ilp32\libg_nano.a(lib_a-readr.o)
                0x000000000000421a                _read_r
 .text._close   0x0000000000004246        0xc c:/mounriver/mounriver_studio/toolchain/risc-v embedded gcc/bin/../lib/gcc/riscv-none-embed/8.2.0/../../../../riscv-none-embed/lib/rv32imacxw/ilp32\libnosys.a(close.o)
                0x0000000000004246                _close
 .text._fstat   0x0000000000004252        0xc c:/mounriver/mounriver_studio/toolchain/risc-v embedded gcc/bin/../lib/gcc/riscv-none-embed/8.2.0/../../../../riscv-none-embed/lib/rv32imacxw/ilp32\libnosys.a(fstat.o)
                0x0000000000004252                _fstat
 .text._isatty  0x000000000000425e        0xc c:/mounriver/mounriver_studio/toolchain/risc-v embedded gcc/bin/../lib/gcc/riscv-none-embed/8.2.0/../../../../riscv-none-embed/lib/rv32imacxw/ilp32\libnosys.a(isatty.o)
                0x000000000000425e                _isatty
 .text._lseek   0x000000000000426a        0xc c:/mounriver/mounriver_studio/toolchain/risc-v embedded gcc/bin/../lib/gcc/riscv-none-embed/8.2.0/../../../../riscv-none-embed/lib/rv32imacxw/ilp32\libnosys.a(lseek.o)
                0x000000000000426a                _lseek
 .text._read    0x0000000000004276        0xc c:/mounriver/mounriver_studio/toolchain/risc-v embedded gcc/bin/../lib/gcc/riscv-none-embed/8.2.0/../../../../riscv-none-embed/lib/rv32imacxw/ilp32\libnosys.a(read.o)
                0x0000000000004276                _read
 *(.rodata)
 *(.rodata*)
 *fill*         0x0000000000004282        0x2 
 .rodata.PD_Main_Proc
                0x0000000000004284       0xcc ./User/PD_Process.o
 .rodata.PDO_Request.str1.4
                0x0000000000004350       0x3d ./User/PD_Process.o
 *fill*         0x000000000000438d        0x3 
 .rodata.PD_Det_Proc.str1.4
                0x0000000000004390       0x40 ./User/PD_Process.o
 .rodata.PD_Main_Proc.str1.4
                0x00000000000043d0       0xe9 ./User/PD_Process.o
                                         0xed (size before relaxing)
 *fill*         0x00000000000044b9        0x3 
 .rodata.USBPD_IRQHandler.str1.4
                0x00000000000044bc        0xd ./User/PD_Process.o
 *fill*         0x00000000000044c9        0x3 
 .rodata.my_PD_Valve_Receive.str1.4
                0x00000000000044cc       0x17 ./User/PD_Process.o
 *fill*         0x00000000000044e3        0x1 
 .rodata.my_pd_Test_Send_ID.str1.4
                0x00000000000044e4       0x25 ./User/PD_Process.o
 *fill*         0x0000000000004509        0x3 
 .rodata.my_pd_connect_valve.str1.4
                0x000000000000450c       0x14 ./User/PD_Process.o
 .rodata.main.str1.4
                0x0000000000004520       0x28 ./User/main.o
 .rodata.get_I2C_Status
                0x0000000000004548       0x30 ./User/my_I2C_Device.o
 .rodata.my_SC8726_Control_Handle
                0x0000000000004578       0x18 ./User/my_I2C_Device.o
 .rodata.I2C1_ER_IRQHandler.str1.4
                0x0000000000004590        0xb ./User/my_I2C_Device.o
 *fill*         0x000000000000459b        0x1 
 .rodata.I2C1_EV_IRQHandler.str1.4
                0x000000000000459c       0x2a ./User/my_I2C_Device.o
 *fill*         0x00000000000045c6        0x2 
 .rodata.get_I2C_Status.str1.4
                0x00000000000045c8       0x23 ./User/my_I2C_Device.o
 *fill*         0x00000000000045eb        0x1 
 .rodata.my_SC8726_Control_Handle.str1.4
                0x00000000000045ec       0x39 ./User/my_I2C_Device.o
 *fill*         0x0000000000004625        0x3 
 .rodata.my_SC8726_Init_Handle.str1.4
                0x0000000000004628       0x18 ./User/my_I2C_Device.o
                                         0x1c (size before relaxing)
 .rodata.my_SC8726_Set_Out_Vbus.str1.4
                0x0000000000004640       0x52 ./User/my_I2C_Device.o
 *fill*         0x0000000000004692        0x2 
 .rodata.my_VBus_Countrol.str1.4
                0x0000000000004694       0x2c ./User/my_PD_Device.o
 .rodata.SPI1_IRQHandler
                0x00000000000046c0       0x28 ./User/my_SPI_Slave.o
 .rodata.EXTI7_0_IRQHandler
                0x00000000000046e8       0x2c ./User/my_SPI_Slave.o
 .rodata.my_SPI_ControlData_on.str1.4
                0x0000000000004714        0xf ./User/my_SPI_Slave.o
 *fill*         0x0000000000004723        0x1 
 .rodata.my_spi_SNK.str1.4
                0x0000000000004724       0x1e ./User/my_SPI_Slave.o
 *fill*         0x0000000000004742        0x2 
 .rodata.my_spi_handle.str1.4
                0x0000000000004744      0x107 ./User/my_SPI_Slave.o
                                        0x111 (size before relaxing)
 *fill*         0x000000000000484b        0x1 
 .rodata.__sf_fake_stderr
                0x000000000000484c       0x20 c:/mounriver/mounriver_studio/toolchain/risc-v embedded gcc/bin/../lib/gcc/riscv-none-embed/8.2.0/../../../../riscv-none-embed/lib/rv32imacxw/ilp32\libg_nano.a(lib_a-findfp.o)
                0x000000000000484c                __sf_fake_stderr
 .rodata.__sf_fake_stdin
                0x000000000000486c       0x20 c:/mounriver/mounriver_studio/toolchain/risc-v embedded gcc/bin/../lib/gcc/riscv-none-embed/8.2.0/../../../../riscv-none-embed/lib/rv32imacxw/ilp32\libg_nano.a(lib_a-findfp.o)
                0x000000000000486c                __sf_fake_stdin
 .rodata.__sf_fake_stdout
                0x000000000000488c       0x20 c:/mounriver/mounriver_studio/toolchain/risc-v embedded gcc/bin/../lib/gcc/riscv-none-embed/8.2.0/../../../../riscv-none-embed/lib/rv32imacxw/ilp32\libg_nano.a(lib_a-findfp.o)
                0x000000000000488c                __sf_fake_stdout
 .rodata._vfprintf_r.str1.4
                0x00000000000048ac       0x13 c:/mounriver/mounriver_studio/toolchain/risc-v embedded gcc/bin/../lib/gcc/riscv-none-embed/8.2.0/../../../../riscv-none-embed/lib/rv32imacxw/ilp32\libg_nano.a(lib_a-nano-vfprintf.o)
 *fill*         0x00000000000048bf        0x1 
 .rodata._printf_i.str1.4
                0x00000000000048c0       0x28 c:/mounriver/mounriver_studio/toolchain/risc-v embedded gcc/bin/../lib/gcc/riscv-none-embed/8.2.0/../../../../riscv-none-embed/lib/rv32imacxw/ilp32\libg_nano.a(lib_a-nano-vfprintf_i.o)
                                         0x25 (size before relaxing)
 *(.gnu.linkonce.t.*)
                0x00000000000048e8                . = ALIGN (0x4)

.rela.dyn       0x00000000000048e8        0x0
 .rela.init     0x00000000000048e8        0x0 ./User/PD_Process.o
 .rela.vector   0x00000000000048e8        0x0 ./User/PD_Process.o
 .rela.text.handle_reset
                0x00000000000048e8        0x0 ./User/PD_Process.o
 .rela.text._sbrk
                0x00000000000048e8        0x0 ./User/PD_Process.o
 .rela.sdata.curbrk.4445
                0x00000000000048e8        0x0 ./User/PD_Process.o
 .rela.text._vfprintf_r
                0x00000000000048e8        0x0 ./User/PD_Process.o
 .rela.text._sbrk_r
                0x00000000000048e8        0x0 ./User/PD_Process.o
 .rela.text._write_r
                0x00000000000048e8        0x0 ./User/PD_Process.o
 .rela.text._close_r
                0x00000000000048e8        0x0 ./User/PD_Process.o
 .rela.text._fstat_r
                0x00000000000048e8        0x0 ./User/PD_Process.o
 .rela.text._isatty_r
                0x00000000000048e8        0x0 ./User/PD_Process.o
 .rela.text._lseek_r
                0x00000000000048e8        0x0 ./User/PD_Process.o
 .rela.text._read_r
                0x00000000000048e8        0x0 ./User/PD_Process.o
 .rela.text._close
                0x00000000000048e8        0x0 ./User/PD_Process.o
 .rela.text._fstat
                0x00000000000048e8        0x0 ./User/PD_Process.o
 .rela.text._isatty
                0x00000000000048e8        0x0 ./User/PD_Process.o
 .rela.text._lseek
                0x00000000000048e8        0x0 ./User/PD_Process.o
 .rela.text._read
                0x00000000000048e8        0x0 ./User/PD_Process.o

.fini           0x00000000000048e8        0x0
 *(SORT_NONE(.fini))
                0x00000000000048e8                . = ALIGN (0x4)
                [!provide]                        PROVIDE (_etext = .)
                [!provide]                        PROVIDE (_eitcm = .)

.preinit_array  0x00000000000048e8        0x0
                [!provide]                        PROVIDE (__preinit_array_start = .)
 *(.preinit_array)
                [!provide]                        PROVIDE (__preinit_array_end = .)

.init_array     0x00000000000048e8        0x0
                [!provide]                        PROVIDE (__init_array_start = .)
 *(SORT_BY_INIT_PRIORITY(.init_array.*) SORT_BY_INIT_PRIORITY(.ctors.*))
 *(.init_array EXCLUDE_FILE(*crtend?.o *crtend.o *crtbegin?.o *crtbegin.o) .ctors)
                [!provide]                        PROVIDE (__init_array_end = .)

.fini_array     0x00000000000048e8        0x0
                [!provide]                        PROVIDE (__fini_array_start = .)
 *(SORT_BY_INIT_PRIORITY(.fini_array.*) SORT_BY_INIT_PRIORITY(.dtors.*))
 *(.fini_array EXCLUDE_FILE(*crtend?.o *crtend.o *crtbegin?.o *crtbegin.o) .dtors)
                [!provide]                        PROVIDE (__fini_array_end = .)

.ctors
 *crtbegin.o(.ctors)
 *crtbegin?.o(.ctors)
 *(EXCLUDE_FILE(*crtend?.o *crtend.o) .ctors)
 *(SORT_BY_NAME(.ctors.*))
 *(.ctors)

.dtors
 *crtbegin.o(.dtors)
 *crtbegin?.o(.dtors)
 *(EXCLUDE_FILE(*crtend?.o *crtend.o) .dtors)
 *(SORT_BY_NAME(.dtors.*))
 *(.dtors)

.dalign         0x0000000020000000        0x0 load address 0x00000000000048e8
                0x0000000020000000                . = ALIGN (0x4)
                0x0000000020000000                PROVIDE (_data_vma = .)

.dlalign        0x00000000000048e8        0x0
                0x00000000000048e8                . = ALIGN (0x4)
                0x00000000000048e8                PROVIDE (_data_lma = .)

.data           0x0000000020000000       0xe0 load address 0x00000000000048e8
 *(.gnu.linkonce.r.*)
 *(.data .data.*)
 .data.SrcCap_Ext_Tab
                0x0000000020000000       0x1c ./User/PD_Process.o
                0x0000000020000000                SrcCap_Ext_Tab
 .data.SrcCap_Tab
                0x000000002000001c        0xc ./User/PD_Process.o
                0x000000002000001c                SrcCap_Tab
 .data.AHBPrescTable
                0x0000000020000028       0x10 ./User/system_ch32x035.o
                0x0000000020000028                AHBPrescTable
 .data.APBAHBPrescTable
                0x0000000020000038       0x10 ./Peripheral/src/ch32x035_rcc.o
 .data.impure_data
                0x0000000020000048       0x60 c:/mounriver/mounriver_studio/toolchain/risc-v embedded gcc/bin/../lib/gcc/riscv-none-embed/8.2.0/../../../../riscv-none-embed/lib/rv32imacxw/ilp32\libg_nano.a(lib_a-impure.o)
 *(.gnu.linkonce.d.*)
                0x00000000200000a8                . = ALIGN (0x8)
                0x00000000200008a8                PROVIDE (__global_pointer$ = (. + 0x800))
 *(.sdata .sdata.*)
 .sdata.SinkCap_5V1A_Tab
                0x00000000200000a8        0x4 ./User/PD_Process.o
                0x00000000200000a8                SinkCap_5V1A_Tab
 .sdata.SrcCap_5V3A_Tab
                0x00000000200000ac        0x4 ./User/PD_Process.o
                0x00000000200000ac                SrcCap_5V3A_Tab
 .sdata.SrcCap_size
                0x00000000200000b0        0x1 ./User/PD_Process.o
                0x00000000200000b0                SrcCap_size
 *fill*         0x00000000200000b1        0x3 
 .sdata.Status_Ext_Tab
                0x00000000200000b4        0x8 ./User/PD_Process.o
                0x00000000200000b4                Status_Ext_Tab
 .sdata.Vbus_Current
                0x00000000200000bc        0x2 ./User/PD_Process.o
                0x00000000200000bc                Vbus_Current
 .sdata.send_spi_slave_data
                0x00000000200000be        0x1 ./User/my_SPI_Slave.o
                0x00000000200000be                send_spi_slave_data
 *fill*         0x00000000200000bf        0x1 
 .sdata.SystemCoreClock
                0x00000000200000c0        0x4 ./User/system_ch32x035.o
                0x00000000200000c0                SystemCoreClock
 .sdata.CFGHR_tmpA
                0x00000000200000c4        0x4 ./Peripheral/src/ch32x035_gpio.o
                0x00000000200000c4                CFGHR_tmpA
 .sdata.CFGHR_tmpB
                0x00000000200000c8        0x4 ./Peripheral/src/ch32x035_gpio.o
                0x00000000200000c8                CFGHR_tmpB
 .sdata.CFGHR_tmpC
                0x00000000200000cc        0x4 ./Peripheral/src/ch32x035_gpio.o
                0x00000000200000cc                CFGHR_tmpC
 .sdata.curbrk.4445
                0x00000000200000d0        0x4 ./Debug/debug.o
 .sdata._impure_ptr
                0x00000000200000d4        0x4 c:/mounriver/mounriver_studio/toolchain/risc-v embedded gcc/bin/../lib/gcc/riscv-none-embed/8.2.0/../../../../riscv-none-embed/lib/rv32imacxw/ilp32\libg_nano.a(lib_a-impure.o)
                0x00000000200000d4                _impure_ptr
 *(.sdata2.*)
 .sdata2._global_impure_ptr
                0x00000000200000d8        0x4 c:/mounriver/mounriver_studio/toolchain/risc-v embedded gcc/bin/../lib/gcc/riscv-none-embed/8.2.0/../../../../riscv-none-embed/lib/rv32imacxw/ilp32\libg_nano.a(lib_a-impure.o)
                0x00000000200000d8                _global_impure_ptr
 *(.gnu.linkonce.s.*)
                0x00000000200000e0                . = ALIGN (0x8)
 *fill*         0x00000000200000dc        0x4 
 *(.srodata.cst16)
 *(.srodata.cst8)
 *(.srodata.cst4)
 *(.srodata.cst2)
 *(.srodata .srodata.*)
                0x00000000200000e0                . = ALIGN (0x4)
                0x00000000200000e0                PROVIDE (_edata = .)

.bss            0x00000000200000e0      0x290 load address 0x00000000000049c8
                0x00000000200000e0                . = ALIGN (0x4)
                0x00000000200000e0                PROVIDE (_sbss = .)
 *(.sbss*)
 .sbss.AIO_ID_buff
                0x00000000200000e0        0x4 ./User/PD_Process.o
                0x00000000200000e0                AIO_ID_buff
 .sbss.AIO_ID_flag
                0x00000000200000e4        0x1 ./User/PD_Process.o
                0x00000000200000e4                AIO_ID_flag
 .sbss.CC_Select
                0x00000000200000e5        0x1 ./User/PD_Process.o
                0x00000000200000e5                CC_Select
 .sbss.PDO_Len  0x00000000200000e6        0x1 ./User/PD_Process.o
                0x00000000200000e6                PDO_Len
 *fill*         0x00000000200000e7        0x1 
 .sbss.PD_Ack_Buf
                0x00000000200000e8        0x2 ./User/PD_Process.o
                0x00000000200000e8                PD_Ack_Buf
 .sbss.Tmr_Ms_Cnt_Last
                0x00000000200000ea        0x1 ./User/PD_Process.o
                0x00000000200000ea                Tmr_Ms_Cnt_Last
 .sbss.Tmr_Ms_Dlt
                0x00000000200000eb        0x1 ./User/PD_Process.o
                0x00000000200000eb                Tmr_Ms_Dlt
 .sbss.Vbus_Select
                0x00000000200000ec        0x1 ./User/PD_Process.o
                0x00000000200000ec                Vbus_Select
 *fill*         0x00000000200000ed        0x1 
 .sbss.connect_time
                0x00000000200000ee        0x2 ./User/PD_Process.o
                0x00000000200000ee                connect_time
 .sbss.pd_Test_mode
                0x00000000200000f0        0x1 ./User/PD_Process.o
                0x00000000200000f0                pd_Test_mode
 .sbss.pd_power_error
                0x00000000200000f1        0x1 ./User/PD_Process.o
                0x00000000200000f1                pd_power_error
 .sbss.pd_valve_status
                0x00000000200000f2        0x1 ./User/PD_Process.o
                0x00000000200000f2                pd_valve_status
 *fill*         0x00000000200000f3        0x1 
 .sbss.pd_valve_time
                0x00000000200000f4        0x2 ./User/PD_Process.o
                0x00000000200000f4                pd_valve_time
 .sbss.snk_vbus_current
                0x00000000200000f6        0x2 ./User/PD_Process.o
                0x00000000200000f6                snk_vbus_current
 .sbss.snk_vbus_type
                0x00000000200000f8        0x1 ./User/PD_Process.o
                0x00000000200000f8                snk_vbus_type
 *fill*         0x00000000200000f9        0x1 
 .sbss.src_vbus_current
                0x00000000200000fa        0x2 ./User/PD_Process.o
                0x00000000200000fa                src_vbus_current
 .sbss.src_vbus_type
                0x00000000200000fc        0x1 ./User/PD_Process.o
                0x00000000200000fc                src_vbus_type
 .sbss.switch_state_pd
                0x00000000200000fd        0x1 ./User/PD_Process.o
                0x00000000200000fd                switch_state_pd
 .sbss.switch_state_pd_flag
                0x00000000200000fe        0x1 ./User/PD_Process.o
                0x00000000200000fe                switch_state_pd_flag
 .sbss.valve_connect
                0x00000000200000ff        0x1 ./User/PD_Process.o
                0x00000000200000ff                valve_connect
 .sbss.set_Vbus.4514
                0x0000000020000100        0x2 ./User/my_I2C_Device.o
 .sbss.PD_STATUS
                0x0000000020000102        0x1 ./User/my_PD_Device.o
                0x0000000020000102                PD_STATUS
 .sbss.Tim_Ms_Cnt
                0x0000000020000103        0x1 ./User/my_PD_Device.o
                0x0000000020000103                Tim_Ms_Cnt
 .sbss.aio_id_buff
                0x0000000020000104        0x4 ./User/my_SPI_Slave.o
 .sbss.aio_id_flag
                0x0000000020000108        0x1 ./User/my_SPI_Slave.o
 .sbss.check_flag
                0x0000000020000109        0x1 ./User/my_SPI_Slave.o
                0x0000000020000109                check_flag
 .sbss.close_flag
                0x000000002000010a        0x1 ./User/my_SPI_Slave.o
                0x000000002000010a                close_flag
 .sbss.gpio_data
                0x000000002000010b        0x1 ./User/my_SPI_Slave.o
                0x000000002000010b                gpio_data
 .sbss.gpio_flag
                0x000000002000010c        0x1 ./User/my_SPI_Slave.o
                0x000000002000010c                gpio_flag
 .sbss.info_data
                0x000000002000010d        0x1 ./User/my_SPI_Slave.o
                0x000000002000010d                info_data
 .sbss.info_flag
                0x000000002000010e        0x1 ./User/my_SPI_Slave.o
                0x000000002000010e                info_flag
 .sbss.open_flag
                0x000000002000010f        0x1 ./User/my_SPI_Slave.o
                0x000000002000010f                open_flag
 .sbss.printf_addr
                0x0000000020000110        0x1 ./User/my_SPI_Slave.o
                0x0000000020000110                printf_addr
 .sbss.receive_addr
                0x0000000020000111        0x1 ./User/my_SPI_Slave.o
                0x0000000020000111                receive_addr
 .sbss.receive_buff_size
                0x0000000020000112        0x1 ./User/my_SPI_Slave.o
                0x0000000020000112                receive_buff_size
 .sbss.receive_flag
                0x0000000020000113        0x1 ./User/my_SPI_Slave.o
                0x0000000020000113                receive_flag
 .sbss.rssi_data
                0x0000000020000114        0x6 ./User/my_SPI_Slave.o
                0x0000000020000114                rssi_data
 .sbss.rssi_flag
                0x000000002000011a        0x1 ./User/my_SPI_Slave.o
                0x000000002000011a                rssi_flag
 .sbss.set_addr4_data
                0x000000002000011b        0x1 ./User/my_SPI_Slave.o
                0x000000002000011b                set_addr4_data
 .sbss.set_addr4_data_falg
                0x000000002000011c        0x1 ./User/my_SPI_Slave.o
                0x000000002000011c                set_addr4_data_falg
 .sbss.set_src_data1
                0x000000002000011d        0x1 ./User/my_SPI_Slave.o
                0x000000002000011d                set_src_data1
 .sbss.set_src_data2
                0x000000002000011e        0x1 ./User/my_SPI_Slave.o
                0x000000002000011e                set_src_data2
 .sbss.set_src_flag
                0x000000002000011f        0x1 ./User/my_SPI_Slave.o
                0x000000002000011f                set_src_flag
 .sbss.test_delay_show
                0x0000000020000120        0x1 ./User/my_SPI_Slave.o
                0x0000000020000120                test_delay_show
 *fill*         0x0000000020000121        0x3 
 .sbss.NVIC_Priority_Group
                0x0000000020000124        0x4 ./Peripheral/src/ch32x035_misc.o
                0x0000000020000124                NVIC_Priority_Group
 .sbss.p_ms     0x0000000020000128        0x2 ./Debug/debug.o
 .sbss.p_us     0x000000002000012a        0x1 ./Debug/debug.o
 *fill*         0x000000002000012b        0x1 
 .sbss.__malloc_free_list
                0x000000002000012c        0x4 c:/mounriver/mounriver_studio/toolchain/risc-v embedded gcc/bin/../lib/gcc/riscv-none-embed/8.2.0/../../../../riscv-none-embed/lib/rv32imacxw/ilp32\libg_nano.a(lib_a-nano-mallocr.o)
                0x000000002000012c                __malloc_free_list
 .sbss.__malloc_sbrk_start
                0x0000000020000130        0x4 c:/mounriver/mounriver_studio/toolchain/risc-v embedded gcc/bin/../lib/gcc/riscv-none-embed/8.2.0/../../../../riscv-none-embed/lib/rv32imacxw/ilp32\libg_nano.a(lib_a-nano-mallocr.o)
                0x0000000020000130                __malloc_sbrk_start
 *(.gnu.linkonce.sb.*)
 *(.bss*)
 .bss.Adapter_SrcCap
                0x0000000020000134       0x1e ./User/PD_Process.o
                0x0000000020000134                Adapter_SrcCap
 *fill*         0x0000000020000152        0x2 
 .bss.PD_Ctl    0x0000000020000154       0x1c ./User/PD_Process.o
                0x0000000020000154                PD_Ctl
 .bss.PD_Rx_Buf
                0x0000000020000170       0x22 ./User/PD_Process.o
                0x0000000020000170                PD_Rx_Buf
 *fill*         0x0000000020000192        0x2 
 .bss.PD_Tx_Buf
                0x0000000020000194       0x22 ./User/PD_Process.o
                0x0000000020000194                PD_Tx_Buf
 *fill*         0x00000000200001b6        0x2 
 .bss.pd_valve_send_buff
                0x00000000200001b8       0x10 ./User/PD_Process.o
                0x00000000200001b8                pd_valve_send_buff
 .bss.my_i2c_control
                0x00000000200001c8       0x14 ./User/my_I2C_Device.o
                0x00000000200001c8                my_i2c_control
 .bss.sc8726    0x00000000200001dc       0x20 ./User/my_I2C_Device.o
                0x00000000200001dc                sc8726
 .bss.my_spi    0x00000000200001fc      0x118 ./User/my_SPI_Slave.o
                0x00000000200001fc                my_spi
 .bss.printf_size
                0x0000000020000314       0x40 ./User/my_SPI_Slave.o
                0x0000000020000314                printf_size
 .bss.receive_buff
                0x0000000020000354        0xa ./User/my_SPI_Slave.o
                0x0000000020000354                receive_buff
 *fill*         0x000000002000035e        0x2 
 .bss.receive_data
                0x0000000020000360        0xa ./User/my_SPI_Slave.o
                0x0000000020000360                receive_data
 *(.gnu.linkonce.b.*)
 *(COMMON*)
 *fill*         0x000000002000036a        0x2 
 COMMON         0x000000002000036c        0x4 c:/mounriver/mounriver_studio/toolchain/risc-v embedded gcc/bin/../lib/gcc/riscv-none-embed/8.2.0/../../../../riscv-none-embed/lib/rv32imacxw/ilp32\libg_nano.a(lib_a-reent.o)
                0x000000002000036c                errno
                0x0000000020000370                . = ALIGN (0x4)
                0x0000000020000370                PROVIDE (_ebss = .)
                0x0000000020000370                PROVIDE (_end = _ebss)
                [!provide]                        PROVIDE (end = .)

.stack          0x0000000020004800      0x800
                0x0000000020004800                PROVIDE (_heap_end = .)
                0x0000000020004800                . = ALIGN (0x4)
                [!provide]                        PROVIDE (_susrstack = .)
                0x0000000020005000                . = (. + __stack_size)
 *fill*         0x0000000020004800      0x800 
                0x0000000020005000                PROVIDE (_eusrstack = .)
OUTPUT(CH32X035G8U6_AIO_Slave.elf elf32-littleriscv)

.debug_info     0x0000000000000000    0x164d6
 .debug_info    0x0000000000000000     0x2932 ./User/PD_Process.o
 .debug_info    0x0000000000002932      0x962 ./User/ch32x035_it.o
 .debug_info    0x0000000000003294     0x14dc ./User/main.o
 .debug_info    0x0000000000004770     0x18e4 ./User/my_I2C_Device.o
 .debug_info    0x0000000000006054     0x18f4 ./User/my_PD_Device.o
 .debug_info    0x0000000000007948     0x1ee5 ./User/my_SPI_Slave.o
 .debug_info    0x000000000000982d      0xb56 ./User/system_ch32x035.o
 .debug_info    0x000000000000a383       0x22 ./Startup/startup_ch32x035.o
 .debug_info    0x000000000000a3a5      0xa94 ./Peripheral/src/ch32x035_dbgmcu.o
 .debug_info    0x000000000000ae39      0xc05 ./Peripheral/src/ch32x035_exti.o
 .debug_info    0x000000000000ba3e     0x11c9 ./Peripheral/src/ch32x035_gpio.o
 .debug_info    0x000000000000cc07     0x140a ./Peripheral/src/ch32x035_i2c.o
 .debug_info    0x000000000000e011      0xaae ./Peripheral/src/ch32x035_iwdg.o
 .debug_info    0x000000000000eabf      0xe36 ./Peripheral/src/ch32x035_misc.o
 .debug_info    0x000000000000f8f5      0xd8f ./Peripheral/src/ch32x035_rcc.o
 .debug_info    0x0000000000010684     0x1072 ./Peripheral/src/ch32x035_spi.o
 .debug_info    0x00000000000116f6     0x2b87 ./Peripheral/src/ch32x035_tim.o
 .debug_info    0x000000000001427d     0x1333 ./Peripheral/src/ch32x035_usart.o
 .debug_info    0x00000000000155b0      0xf26 ./Debug/debug.o

.debug_abbrev   0x0000000000000000     0x3b5f
 .debug_abbrev  0x0000000000000000      0x5c0 ./User/PD_Process.o
 .debug_abbrev  0x00000000000005c0      0x1cf ./User/ch32x035_it.o
 .debug_abbrev  0x000000000000078f      0x328 ./User/main.o
 .debug_abbrev  0x0000000000000ab7      0x3c0 ./User/my_I2C_Device.o
 .debug_abbrev  0x0000000000000e77      0x3b3 ./User/my_PD_Device.o
 .debug_abbrev  0x000000000000122a      0x483 ./User/my_SPI_Slave.o
 .debug_abbrev  0x00000000000016ad      0x258 ./User/system_ch32x035.o
 .debug_abbrev  0x0000000000001905       0x12 ./Startup/startup_ch32x035.o
 .debug_abbrev  0x0000000000001917      0x2f7 ./Peripheral/src/ch32x035_dbgmcu.o
 .debug_abbrev  0x0000000000001c0e      0x2da ./Peripheral/src/ch32x035_exti.o
 .debug_abbrev  0x0000000000001ee8      0x34b ./Peripheral/src/ch32x035_gpio.o
 .debug_abbrev  0x0000000000002233      0x38b ./Peripheral/src/ch32x035_i2c.o
 .debug_abbrev  0x00000000000025be      0x282 ./Peripheral/src/ch32x035_iwdg.o
 .debug_abbrev  0x0000000000002840      0x2ea ./Peripheral/src/ch32x035_misc.o
 .debug_abbrev  0x0000000000002b2a      0x326 ./Peripheral/src/ch32x035_rcc.o
 .debug_abbrev  0x0000000000002e50      0x303 ./Peripheral/src/ch32x035_spi.o
 .debug_abbrev  0x0000000000003153      0x418 ./Peripheral/src/ch32x035_tim.o
 .debug_abbrev  0x000000000000356b      0x312 ./Peripheral/src/ch32x035_usart.o
 .debug_abbrev  0x000000000000387d      0x2e2 ./Debug/debug.o

.debug_loc      0x0000000000000000     0x4ab8
 .debug_loc     0x0000000000000000      0x8ea ./User/PD_Process.o
 .debug_loc     0x00000000000008ea       0x42 ./User/main.o
 .debug_loc     0x000000000000092c      0x157 ./User/my_I2C_Device.o
 .debug_loc     0x0000000000000a83       0xdf ./User/my_PD_Device.o
 .debug_loc     0x0000000000000b62      0x2f5 ./User/my_SPI_Slave.o
 .debug_loc     0x0000000000000e57       0x1f ./User/system_ch32x035.o
 .debug_loc     0x0000000000000e76       0x7c ./Peripheral/src/ch32x035_dbgmcu.o
 .debug_loc     0x0000000000000ef2      0x181 ./Peripheral/src/ch32x035_exti.o
 .debug_loc     0x0000000000001073      0x863 ./Peripheral/src/ch32x035_gpio.o
 .debug_loc     0x00000000000018d6      0x75e ./Peripheral/src/ch32x035_i2c.o
 .debug_loc     0x0000000000002034       0x68 ./Peripheral/src/ch32x035_iwdg.o
 .debug_loc     0x000000000000209c       0x2d ./Peripheral/src/ch32x035_misc.o
 .debug_loc     0x00000000000020c9      0x34e ./Peripheral/src/ch32x035_rcc.o
 .debug_loc     0x0000000000002417      0x429 ./Peripheral/src/ch32x035_spi.o
 .debug_loc     0x0000000000002840     0x19ec ./Peripheral/src/ch32x035_tim.o
 .debug_loc     0x000000000000422c      0x715 ./Peripheral/src/ch32x035_usart.o
 .debug_loc     0x0000000000004941      0x177 ./Debug/debug.o

.debug_aranges  0x0000000000000000      0xb40
 .debug_aranges
                0x0000000000000000       0xf0 ./User/PD_Process.o
 .debug_aranges
                0x00000000000000f0       0x28 ./User/ch32x035_it.o
 .debug_aranges
                0x0000000000000118       0x38 ./User/main.o
 .debug_aranges
                0x0000000000000150       0x90 ./User/my_I2C_Device.o
 .debug_aranges
                0x00000000000001e0       0x68 ./User/my_PD_Device.o
 .debug_aranges
                0x0000000000000248       0x90 ./User/my_SPI_Slave.o
 .debug_aranges
                0x00000000000002d8       0x28 ./User/system_ch32x035.o
 .debug_aranges
                0x0000000000000300       0x30 ./Startup/startup_ch32x035.o
 .debug_aranges
                0x0000000000000330       0x48 ./Peripheral/src/ch32x035_dbgmcu.o
 .debug_aranges
                0x0000000000000378       0x50 ./Peripheral/src/ch32x035_exti.o
 .debug_aranges
                0x00000000000003c8       0x98 ./Peripheral/src/ch32x035_gpio.o
 .debug_aranges
                0x0000000000000460      0x108 ./Peripheral/src/ch32x035_i2c.o
 .debug_aranges
                0x0000000000000568       0x48 ./Peripheral/src/ch32x035_iwdg.o
 .debug_aranges
                0x00000000000005b0       0x28 ./Peripheral/src/ch32x035_misc.o
 .debug_aranges
                0x00000000000005d8       0x80 ./Peripheral/src/ch32x035_rcc.o
 .debug_aranges
                0x0000000000000658       0xb8 ./Peripheral/src/ch32x035_spi.o
 .debug_aranges
                0x0000000000000710      0x2f0 ./Peripheral/src/ch32x035_tim.o
 .debug_aranges
                0x0000000000000a00       0xf0 ./Peripheral/src/ch32x035_usart.o
 .debug_aranges
                0x0000000000000af0       0x50 ./Debug/debug.o

.debug_ranges   0x0000000000000000      0xb40
 .debug_ranges  0x0000000000000000      0x140 ./User/PD_Process.o
 .debug_ranges  0x0000000000000140       0x18 ./User/ch32x035_it.o
 .debug_ranges  0x0000000000000158       0x28 ./User/main.o
 .debug_ranges  0x0000000000000180       0x80 ./User/my_I2C_Device.o
 .debug_ranges  0x0000000000000200       0x58 ./User/my_PD_Device.o
 .debug_ranges  0x0000000000000258       0xd0 ./User/my_SPI_Slave.o
 .debug_ranges  0x0000000000000328       0x18 ./User/system_ch32x035.o
 .debug_ranges  0x0000000000000340       0x28 ./Startup/startup_ch32x035.o
 .debug_ranges  0x0000000000000368       0x50 ./Peripheral/src/ch32x035_dbgmcu.o
 .debug_ranges  0x00000000000003b8       0x40 ./Peripheral/src/ch32x035_exti.o
 .debug_ranges  0x00000000000003f8       0x88 ./Peripheral/src/ch32x035_gpio.o
 .debug_ranges  0x0000000000000480       0xf8 ./Peripheral/src/ch32x035_i2c.o
 .debug_ranges  0x0000000000000578       0x38 ./Peripheral/src/ch32x035_iwdg.o
 .debug_ranges  0x00000000000005b0       0x48 ./Peripheral/src/ch32x035_misc.o
 .debug_ranges  0x00000000000005f8       0x70 ./Peripheral/src/ch32x035_rcc.o
 .debug_ranges  0x0000000000000668       0xa8 ./Peripheral/src/ch32x035_spi.o
 .debug_ranges  0x0000000000000710      0x310 ./Peripheral/src/ch32x035_tim.o
 .debug_ranges  0x0000000000000a20       0xe0 ./Peripheral/src/ch32x035_usart.o
 .debug_ranges  0x0000000000000b00       0x40 ./Debug/debug.o

.debug_line     0x0000000000000000     0xfeec
 .debug_line    0x0000000000000000     0x2e23 ./User/PD_Process.o
 .debug_line    0x0000000000002e23      0x236 ./User/ch32x035_it.o
 .debug_line    0x0000000000003059      0x669 ./User/main.o
 .debug_line    0x00000000000036c2     0x16ba ./User/my_I2C_Device.o
 .debug_line    0x0000000000004d7c      0x880 ./User/my_PD_Device.o
 .debug_line    0x00000000000055fc     0x188f ./User/my_SPI_Slave.o
 .debug_line    0x0000000000006e8b      0x376 ./User/system_ch32x035.o
 .debug_line    0x0000000000007201      0x11e ./Startup/startup_ch32x035.o
 .debug_line    0x000000000000731f      0x36f ./Peripheral/src/ch32x035_dbgmcu.o
 .debug_line    0x000000000000768e      0x5bf ./Peripheral/src/ch32x035_exti.o
 .debug_line    0x0000000000007c4d     0x121d ./Peripheral/src/ch32x035_gpio.o
 .debug_line    0x0000000000008e6a     0x1059 ./Peripheral/src/ch32x035_i2c.o
 .debug_line    0x0000000000009ec3      0x39a ./Peripheral/src/ch32x035_iwdg.o
 .debug_line    0x000000000000a25d      0x3c6 ./Peripheral/src/ch32x035_misc.o
 .debug_line    0x000000000000a623      0x7af ./Peripheral/src/ch32x035_rcc.o
 .debug_line    0x000000000000add2      0x9c0 ./Peripheral/src/ch32x035_spi.o
 .debug_line    0x000000000000b792     0x31d3 ./Peripheral/src/ch32x035_tim.o
 .debug_line    0x000000000000e965      0xe5f ./Peripheral/src/ch32x035_usart.o
 .debug_line    0x000000000000f7c4      0x728 ./Debug/debug.o

.debug_str      0x0000000000000000     0x3ac6
 .debug_str     0x0000000000000000     0x1307 ./User/PD_Process.o
                                       0x143b (size before relaxing)
 .debug_str     0x0000000000001307       0x34 ./User/ch32x035_it.o
                                        0x5ab (size before relaxing)
 .debug_str     0x000000000000133b      0x32b ./User/main.o
                                        0xe6d (size before relaxing)
 .debug_str     0x0000000000001666      0x428 ./User/my_I2C_Device.o
                                        0xedd (size before relaxing)
 .debug_str     0x0000000000001a8e      0x247 ./User/my_PD_Device.o
                                       0x121b (size before relaxing)
 .debug_str     0x0000000000001cd5      0x4be ./User/my_SPI_Slave.o
                                       0x14d3 (size before relaxing)
 .debug_str     0x0000000000002193       0xc1 ./User/system_ch32x035.o
                                        0x6a9 (size before relaxing)
 .debug_str     0x0000000000002254       0x2a ./Startup/startup_ch32x035.o
                                         0x5b (size before relaxing)
 .debug_str     0x000000000000227e       0x87 ./Peripheral/src/ch32x035_dbgmcu.o
                                        0x63b (size before relaxing)
 .debug_str     0x0000000000002305       0xc6 ./Peripheral/src/ch32x035_exti.o
                                        0x782 (size before relaxing)
 .debug_str     0x00000000000023cb      0x1bc ./Peripheral/src/ch32x035_gpio.o
                                        0x941 (size before relaxing)
 .debug_str     0x0000000000002587      0x29b ./Peripheral/src/ch32x035_i2c.o
                                        0xa96 (size before relaxing)
 .debug_str     0x0000000000002822       0x76 ./Peripheral/src/ch32x035_iwdg.o
                                        0x694 (size before relaxing)
 .debug_str     0x0000000000002898       0x73 ./Peripheral/src/ch32x035_misc.o
                                        0xa06 (size before relaxing)
 .debug_str     0x000000000000290b      0x132 ./Peripheral/src/ch32x035_rcc.o
                                        0x845 (size before relaxing)
 .debug_str     0x0000000000002a3d      0x179 ./Peripheral/src/ch32x035_spi.o
                                        0x92e (size before relaxing)
 .debug_str     0x0000000000002bb6      0xab2 ./Peripheral/src/ch32x035_tim.o
                                       0x1375 (size before relaxing)
 .debug_str     0x0000000000003668      0x3d6 ./Peripheral/src/ch32x035_usart.o
                                        0xace (size before relaxing)
 .debug_str     0x0000000000003a3e       0x88 ./Debug/debug.o
                                        0x8cf (size before relaxing)

.comment        0x0000000000000000       0x33
 .comment       0x0000000000000000       0x33 ./User/PD_Process.o
                                         0x34 (size before relaxing)
 .comment       0x0000000000000033       0x34 ./User/ch32x035_it.o
 .comment       0x0000000000000033       0x34 ./User/main.o
 .comment       0x0000000000000033       0x34 ./User/my_I2C_Device.o
 .comment       0x0000000000000033       0x34 ./User/my_PD_Device.o
 .comment       0x0000000000000033       0x34 ./User/my_SPI_Slave.o
 .comment       0x0000000000000033       0x34 ./User/system_ch32x035.o
 .comment       0x0000000000000033       0x34 ./Peripheral/src/ch32x035_dbgmcu.o
 .comment       0x0000000000000033       0x34 ./Peripheral/src/ch32x035_exti.o
 .comment       0x0000000000000033       0x34 ./Peripheral/src/ch32x035_gpio.o
 .comment       0x0000000000000033       0x34 ./Peripheral/src/ch32x035_i2c.o
 .comment       0x0000000000000033       0x34 ./Peripheral/src/ch32x035_iwdg.o
 .comment       0x0000000000000033       0x34 ./Peripheral/src/ch32x035_misc.o
 .comment       0x0000000000000033       0x34 ./Peripheral/src/ch32x035_rcc.o
 .comment       0x0000000000000033       0x34 ./Peripheral/src/ch32x035_spi.o
 .comment       0x0000000000000033       0x34 ./Peripheral/src/ch32x035_tim.o
 .comment       0x0000000000000033       0x34 ./Peripheral/src/ch32x035_usart.o
 .comment       0x0000000000000033       0x34 ./Debug/debug.o

.debug_frame    0x0000000000000000     0x2244
 .debug_frame   0x0000000000000000      0x30c ./User/PD_Process.o
 .debug_frame   0x000000000000030c       0x30 ./User/ch32x035_it.o
 .debug_frame   0x000000000000033c       0x8c ./User/main.o
 .debug_frame   0x00000000000003c8      0x1c8 ./User/my_I2C_Device.o
 .debug_frame   0x0000000000000590      0x138 ./User/my_PD_Device.o
 .debug_frame   0x00000000000006c8      0x19c ./User/my_SPI_Slave.o
 .debug_frame   0x0000000000000864       0x30 ./User/system_ch32x035.o
 .debug_frame   0x0000000000000894       0x70 ./Peripheral/src/ch32x035_dbgmcu.o
 .debug_frame   0x0000000000000904       0x90 ./Peripheral/src/ch32x035_exti.o
 .debug_frame   0x0000000000000994      0x140 ./Peripheral/src/ch32x035_gpio.o
 .debug_frame   0x0000000000000ad4      0x254 ./Peripheral/src/ch32x035_i2c.o
 .debug_frame   0x0000000000000d28       0x70 ./Peripheral/src/ch32x035_iwdg.o
 .debug_frame   0x0000000000000d98       0x30 ./Peripheral/src/ch32x035_misc.o
 .debug_frame   0x0000000000000dc8       0xfc ./Peripheral/src/ch32x035_rcc.o
 .debug_frame   0x0000000000000ec4      0x15c ./Peripheral/src/ch32x035_spi.o
 .debug_frame   0x0000000000001020      0x654 ./Peripheral/src/ch32x035_tim.o
 .debug_frame   0x0000000000001674      0x1e4 ./Peripheral/src/ch32x035_usart.o
 .debug_frame   0x0000000000001858       0xb8 ./Debug/debug.o
 .debug_frame   0x0000000000001910       0x20 c:/mounriver/mounriver_studio/toolchain/risc-v embedded gcc/bin/../lib/gcc/riscv-none-embed/8.2.0/../../../../riscv-none-embed/lib/rv32imacxw/ilp32\libg_nano.a(lib_a-memcpy.o)
 .debug_frame   0x0000000000001930       0x54 c:/mounriver/mounriver_studio/toolchain/risc-v embedded gcc/bin/../lib/gcc/riscv-none-embed/8.2.0/../../../../riscv-none-embed/lib/rv32imacxw/ilp32\libg_nano.a(lib_a-printf.o)
 .debug_frame   0x0000000000001984       0x54 c:/mounriver/mounriver_studio/toolchain/risc-v embedded gcc/bin/../lib/gcc/riscv-none-embed/8.2.0/../../../../riscv-none-embed/lib/rv32imacxw/ilp32\libg_nano.a(lib_a-puts.o)
 .debug_frame   0x00000000000019d8       0x50 c:/mounriver/mounriver_studio/toolchain/risc-v embedded gcc/bin/../lib/gcc/riscv-none-embed/8.2.0/../../../../riscv-none-embed/lib/rv32imacxw/ilp32\libg_nano.a(lib_a-wbuf.o)
 .debug_frame   0x0000000000001a28       0x3c c:/mounriver/mounriver_studio/toolchain/risc-v embedded gcc/bin/../lib/gcc/riscv-none-embed/8.2.0/../../../../riscv-none-embed/lib/rv32imacxw/ilp32\libg_nano.a(lib_a-wsetup.o)
 .debug_frame   0x0000000000001a64       0x7c c:/mounriver/mounriver_studio/toolchain/risc-v embedded gcc/bin/../lib/gcc/riscv-none-embed/8.2.0/../../../../riscv-none-embed/lib/rv32imacxw/ilp32\libg_nano.a(lib_a-fflush.o)
 .debug_frame   0x0000000000001ae0      0x148 c:/mounriver/mounriver_studio/toolchain/risc-v embedded gcc/bin/../lib/gcc/riscv-none-embed/8.2.0/../../../../riscv-none-embed/lib/rv32imacxw/ilp32\libg_nano.a(lib_a-findfp.o)
 .debug_frame   0x0000000000001c28       0x88 c:/mounriver/mounriver_studio/toolchain/risc-v embedded gcc/bin/../lib/gcc/riscv-none-embed/8.2.0/../../../../riscv-none-embed/lib/rv32imacxw/ilp32\libg_nano.a(lib_a-fwalk.o)
 .debug_frame   0x0000000000001cb0       0x64 c:/mounriver/mounriver_studio/toolchain/risc-v embedded gcc/bin/../lib/gcc/riscv-none-embed/8.2.0/../../../../riscv-none-embed/lib/rv32imacxw/ilp32\libg_nano.a(lib_a-makebuf.o)
 .debug_frame   0x0000000000001d14       0x40 c:/mounriver/mounriver_studio/toolchain/risc-v embedded gcc/bin/../lib/gcc/riscv-none-embed/8.2.0/../../../../riscv-none-embed/lib/rv32imacxw/ilp32\libg_nano.a(lib_a-nano-freer.o)
 .debug_frame   0x0000000000001d54       0x40 c:/mounriver/mounriver_studio/toolchain/risc-v embedded gcc/bin/../lib/gcc/riscv-none-embed/8.2.0/../../../../riscv-none-embed/lib/rv32imacxw/ilp32\libg_nano.a(lib_a-nano-mallocr.o)
 .debug_frame   0x0000000000001d94       0xd0 c:/mounriver/mounriver_studio/toolchain/risc-v embedded gcc/bin/../lib/gcc/riscv-none-embed/8.2.0/../../../../riscv-none-embed/lib/rv32imacxw/ilp32\libg_nano.a(lib_a-nano-vfprintf.o)
 .debug_frame   0x0000000000001e64       0x8c c:/mounriver/mounriver_studio/toolchain/risc-v embedded gcc/bin/../lib/gcc/riscv-none-embed/8.2.0/../../../../riscv-none-embed/lib/rv32imacxw/ilp32\libg_nano.a(lib_a-nano-vfprintf_i.o)
 .debug_frame   0x0000000000001ef0       0x30 c:/mounriver/mounriver_studio/toolchain/risc-v embedded gcc/bin/../lib/gcc/riscv-none-embed/8.2.0/../../../../riscv-none-embed/lib/rv32imacxw/ilp32\libg_nano.a(lib_a-sbrkr.o)
 .debug_frame   0x0000000000001f20       0xa4 c:/mounriver/mounriver_studio/toolchain/risc-v embedded gcc/bin/../lib/gcc/riscv-none-embed/8.2.0/../../../../riscv-none-embed/lib/rv32imacxw/ilp32\libg_nano.a(lib_a-stdio.o)
 .debug_frame   0x0000000000001fc4       0x30 c:/mounriver/mounriver_studio/toolchain/risc-v embedded gcc/bin/../lib/gcc/riscv-none-embed/8.2.0/../../../../riscv-none-embed/lib/rv32imacxw/ilp32\libg_nano.a(lib_a-writer.o)
 .debug_frame   0x0000000000001ff4       0x30 c:/mounriver/mounriver_studio/toolchain/risc-v embedded gcc/bin/../lib/gcc/riscv-none-embed/8.2.0/../../../../riscv-none-embed/lib/rv32imacxw/ilp32\libg_nano.a(lib_a-closer.o)
 .debug_frame   0x0000000000002024       0x30 c:/mounriver/mounriver_studio/toolchain/risc-v embedded gcc/bin/../lib/gcc/riscv-none-embed/8.2.0/../../../../riscv-none-embed/lib/rv32imacxw/ilp32\libg_nano.a(lib_a-fstatr.o)
 .debug_frame   0x0000000000002054       0x30 c:/mounriver/mounriver_studio/toolchain/risc-v embedded gcc/bin/../lib/gcc/riscv-none-embed/8.2.0/../../../../riscv-none-embed/lib/rv32imacxw/ilp32\libg_nano.a(lib_a-isattyr.o)
 .debug_frame   0x0000000000002084       0x30 c:/mounriver/mounriver_studio/toolchain/risc-v embedded gcc/bin/../lib/gcc/riscv-none-embed/8.2.0/../../../../riscv-none-embed/lib/rv32imacxw/ilp32\libg_nano.a(lib_a-lseekr.o)
 .debug_frame   0x00000000000020b4       0x20 c:/mounriver/mounriver_studio/toolchain/risc-v embedded gcc/bin/../lib/gcc/riscv-none-embed/8.2.0/../../../../riscv-none-embed/lib/rv32imacxw/ilp32\libg_nano.a(lib_a-memchr.o)
 .debug_frame   0x00000000000020d4       0x30 c:/mounriver/mounriver_studio/toolchain/risc-v embedded gcc/bin/../lib/gcc/riscv-none-embed/8.2.0/../../../../riscv-none-embed/lib/rv32imacxw/ilp32\libg_nano.a(lib_a-mlock.o)
 .debug_frame   0x0000000000002104       0x30 c:/mounriver/mounriver_studio/toolchain/risc-v embedded gcc/bin/../lib/gcc/riscv-none-embed/8.2.0/../../../../riscv-none-embed/lib/rv32imacxw/ilp32\libg_nano.a(lib_a-readr.o)
 .debug_frame   0x0000000000002134       0x70 c:/mounriver/mounriver_studio/toolchain/risc-v embedded gcc/bin/../lib/gcc/riscv-none-embed/8.2.0/../../../../riscv-none-embed/lib/rv32imacxw/ilp32\libg_nano.a(lib_a-reent.o)
 .debug_frame   0x00000000000021a4       0x20 c:/mounriver/mounriver_studio/toolchain/risc-v embedded gcc/bin/../lib/gcc/riscv-none-embed/8.2.0/../../../../riscv-none-embed/lib/rv32imacxw/ilp32\libnosys.a(close.o)
 .debug_frame   0x00000000000021c4       0x20 c:/mounriver/mounriver_studio/toolchain/risc-v embedded gcc/bin/../lib/gcc/riscv-none-embed/8.2.0/../../../../riscv-none-embed/lib/rv32imacxw/ilp32\libnosys.a(fstat.o)
 .debug_frame   0x00000000000021e4       0x20 c:/mounriver/mounriver_studio/toolchain/risc-v embedded gcc/bin/../lib/gcc/riscv-none-embed/8.2.0/../../../../riscv-none-embed/lib/rv32imacxw/ilp32\libnosys.a(isatty.o)
 .debug_frame   0x0000000000002204       0x20 c:/mounriver/mounriver_studio/toolchain/risc-v embedded gcc/bin/../lib/gcc/riscv-none-embed/8.2.0/../../../../riscv-none-embed/lib/rv32imacxw/ilp32\libnosys.a(lseek.o)
 .debug_frame   0x0000000000002224       0x20 c:/mounriver/mounriver_studio/toolchain/risc-v embedded gcc/bin/../lib/gcc/riscv-none-embed/8.2.0/../../../../riscv-none-embed/lib/rv32imacxw/ilp32\libnosys.a(read.o)

.stab           0x0000000000000000       0x84
 .stab          0x0000000000000000       0x24 c:/mounriver/mounriver_studio/toolchain/risc-v embedded gcc/bin/../lib/gcc/riscv-none-embed/8.2.0/../../../../riscv-none-embed/lib/rv32imacxw/ilp32\libnosys.a(close.o)
 .stab          0x0000000000000024       0x18 c:/mounriver/mounriver_studio/toolchain/risc-v embedded gcc/bin/../lib/gcc/riscv-none-embed/8.2.0/../../../../riscv-none-embed/lib/rv32imacxw/ilp32\libnosys.a(fstat.o)
                                         0x24 (size before relaxing)
 .stab          0x000000000000003c       0x18 c:/mounriver/mounriver_studio/toolchain/risc-v embedded gcc/bin/../lib/gcc/riscv-none-embed/8.2.0/../../../../riscv-none-embed/lib/rv32imacxw/ilp32\libnosys.a(isatty.o)
                                         0x24 (size before relaxing)
 .stab          0x0000000000000054       0x18 c:/mounriver/mounriver_studio/toolchain/risc-v embedded gcc/bin/../lib/gcc/riscv-none-embed/8.2.0/../../../../riscv-none-embed/lib/rv32imacxw/ilp32\libnosys.a(lseek.o)
                                         0x24 (size before relaxing)
 .stab          0x000000000000006c       0x18 c:/mounriver/mounriver_studio/toolchain/risc-v embedded gcc/bin/../lib/gcc/riscv-none-embed/8.2.0/../../../../riscv-none-embed/lib/rv32imacxw/ilp32\libnosys.a(read.o)
                                         0x24 (size before relaxing)

.stabstr        0x0000000000000000      0x117
 .stabstr       0x0000000000000000      0x117 c:/mounriver/mounriver_studio/toolchain/risc-v embedded gcc/bin/../lib/gcc/riscv-none-embed/8.2.0/../../../../riscv-none-embed/lib/rv32imacxw/ilp32\libnosys.a(close.o)
